# ["--attributes=3", "--values=4", "--game_size=10", "--vocab_size_factor=3", "--n_epochs=100", "--batch_size=64", "--learning_rate=0.001", "--hidden_size=256", "--temp_update=0.97", "--temperature=1.5"]
Creating train_ds and val_ds...

Creating test_ds...
{"loss": 0.6985333561897278, "acc": 0.5103980302810669, "length": 1.7902333736419678, "mode": "train", "epoch": 1}
{"loss": 0.6982558369636536, "acc": 0.49163880944252014, "length": 1.0, "mode": "test", "epoch": 1}
{"loss": 0.6947595477104187, "acc": 0.5183292031288147, "length": 1.0025845766067505, "mode": "train", "epoch": 2}
{"loss": 0.6934753060340881, "acc": 0.5273411273956299, "length": 1.0, "mode": "test", "epoch": 2}
{"loss": 0.6950353384017944, "acc": 0.5066896677017212, "length": 1.0011035203933716, "mode": "train", "epoch": 3}
{"loss": 0.6931148767471313, "acc": 0.5112876892089844, "length": 1.0, "mode": "test", "epoch": 3}
{"loss": 0.6946024298667908, "acc": 0.5146445035934448, "length": 1.0007483959197998, "mode": "train", "epoch": 4}
{"loss": 0.6930606961250305, "acc": 0.5167223811149597, "length": 1.0, "mode": "test", "epoch": 4}
{"loss": 0.6947029829025269, "acc": 0.5154306888580322, "length": 1.0006885528564453, "mode": "train", "epoch": 5}
{"loss": 0.6947253346443176, "acc": 0.5093644857406616, "length": 1.0, "mode": "test", "epoch": 5}
{"loss": 0.6941023468971252, "acc": 0.5063601732254028, "length": 1.0005556344985962, "mode": "train", "epoch": 6}
{"loss": 0.690473198890686, "acc": 0.5312708020210266, "length": 1.0, "mode": "test", "epoch": 6}
{"loss": 0.6931156516075134, "acc": 0.5193049907684326, "length": 1.0007864236831665, "mode": "train", "epoch": 7}
{"loss": 0.6949144601821899, "acc": 0.511956512928009, "length": 1.0, "mode": "test", "epoch": 7}
{"loss": 0.6790898442268372, "acc": 0.5511308908462524, "length": 1.449017882347107, "mode": "train", "epoch": 8}
{"loss": 0.6210533380508423, "acc": 0.6705393195152283, "length": 2.428093671798706, "mode": "test", "epoch": 8}
{"loss": 0.5866207480430603, "acc": 0.6870547533035278, "length": 2.635289430618286, "mode": "train", "epoch": 9}
{"loss": 0.5406333804130554, "acc": 0.7426077127456665, "length": 3.202341079711914, "mode": "test", "epoch": 9}
{"loss": 0.4968656003475189, "acc": 0.761842668056488, "length": 3.271852493286133, "mode": "train", "epoch": 10}
{"loss": 0.48285356163978577, "acc": 0.7527652978897095, "length": 3.2274248600006104, "mode": "test", "epoch": 10}
{"loss": 0.4630962908267975, "acc": 0.7787070274353027, "length": 3.2932605743408203, "mode": "train", "epoch": 11}
{"loss": 0.48552972078323364, "acc": 0.7622146606445312, "length": 3.2474915981292725, "mode": "test", "epoch": 11}
{"loss": 0.45148420333862305, "acc": 0.7850719094276428, "length": 3.2955517768859863, "mode": "train", "epoch": 12}
{"loss": 0.46307572722435, "acc": 0.7762466669082642, "length": 3.2424750328063965, "mode": "test", "epoch": 12}
{"loss": 0.43747228384017944, "acc": 0.7909857630729675, "length": 3.30718731880188, "mode": "train", "epoch": 13}
{"loss": 0.45299988985061646, "acc": 0.7683753371238708, "length": 3.2224080562591553, "mode": "test", "epoch": 13}
{"loss": 0.42975908517837524, "acc": 0.7921337485313416, "length": 3.3072619438171387, "mode": "train", "epoch": 14}
{"loss": 0.43974313139915466, "acc": 0.7820525765419006, "length": 3.2224080562591553, "mode": "test", "epoch": 14}
{"loss": 0.4202249348163605, "acc": 0.7961071133613586, "length": 3.301612377166748, "mode": "train", "epoch": 15}
{"loss": 0.4435199201107025, "acc": 0.7807123064994812, "length": 3.2173912525177, "mode": "test", "epoch": 15}
{"loss": 0.42123904824256897, "acc": 0.7998992800712585, "length": 3.299490213394165, "mode": "train", "epoch": 16}
{"loss": 0.44231367111206055, "acc": 0.7883129715919495, "length": 3.212374687194824, "mode": "test", "epoch": 16}
{"loss": 0.4104526937007904, "acc": 0.8055985569953918, "length": 3.3025567531585693, "mode": "train", "epoch": 17}
{"loss": 0.43305617570877075, "acc": 0.7884401082992554, "length": 3.212374687194824, "mode": "test", "epoch": 17}
{"loss": 0.40562501549720764, "acc": 0.808001697063446, "length": 3.2854442596435547, "mode": "train", "epoch": 18}
{"loss": 0.42914992570877075, "acc": 0.7939469814300537, "length": 3.2474915981292725, "mode": "test", "epoch": 18}
{"loss": 0.3971347212791443, "acc": 0.8094168901443481, "length": 3.2982563972473145, "mode": "train", "epoch": 19}
{"loss": 0.4239334762096405, "acc": 0.7814674973487854, "length": 3.2474915981292725, "mode": "test", "epoch": 19}
{"loss": 0.3955211937427521, "acc": 0.810215175151825, "length": 3.307062864303589, "mode": "train", "epoch": 20}
{"loss": 0.4209945797920227, "acc": 0.7852802276611328, "length": 3.2173912525177, "mode": "test", "epoch": 20}
{"loss": 0.39098188281059265, "acc": 0.809188961982727, "length": 3.277503252029419, "mode": "train", "epoch": 21}
{"loss": 0.4099598526954651, "acc": 0.7939950227737427, "length": 3.2173912525177, "mode": "test", "epoch": 21}
{"loss": 0.378397673368454, "acc": 0.8199040293693542, "length": 3.316157579421997, "mode": "train", "epoch": 22}
{"loss": 0.40473219752311707, "acc": 0.7951228022575378, "length": 3.327759265899658, "mode": "test", "epoch": 22}
{"loss": 0.3782397210597992, "acc": 0.8189396262168884, "length": 3.4938101768493652, "mode": "train", "epoch": 23}
{"loss": 0.41441279649734497, "acc": 0.8013389110565186, "length": 3.6270902156829834, "mode": "test", "epoch": 23}
{"loss": 0.36545366048812866, "acc": 0.8267202377319336, "length": 3.751506805419922, "mode": "train", "epoch": 24}
{"loss": 0.40777403116226196, "acc": 0.813043475151062, "length": 4.0, "mode": "test", "epoch": 24}
{"loss": 0.36498573422431946, "acc": 0.8249552845954895, "length": 3.990110397338867, "mode": "train", "epoch": 25}
{"loss": 0.4162084758281708, "acc": 0.8061037063598633, "length": 4.0, "mode": "test", "epoch": 25}
{"loss": 0.36255207657814026, "acc": 0.8315610289573669, "length": 3.9957001209259033, "mode": "train", "epoch": 26}
{"loss": 0.37888869643211365, "acc": 0.8225753307342529, "length": 4.0, "mode": "test", "epoch": 26}
{"loss": 0.3430875539779663, "acc": 0.8456741571426392, "length": 3.999016284942627, "mode": "train", "epoch": 27}
{"loss": 0.3711183965206146, "acc": 0.8352841734886169, "length": 4.0, "mode": "test", "epoch": 27}
{"loss": 0.3262064456939697, "acc": 0.8546710014343262, "length": 3.9995524883270264, "mode": "train", "epoch": 28}
{"loss": 0.3602878749370575, "acc": 0.8369565606117249, "length": 4.0, "mode": "test", "epoch": 28}
{"loss": 0.3191855847835541, "acc": 0.8612210154533386, "length": 3.9993834495544434, "mode": "train", "epoch": 29}
{"loss": 0.3511669635772705, "acc": 0.8494147658348083, "length": 4.0, "mode": "test", "epoch": 29}
{"loss": 0.313230961561203, "acc": 0.8634437322616577, "length": 3.9998726844787598, "mode": "train", "epoch": 30}
{"loss": 0.3517967164516449, "acc": 0.8430602550506592, "length": 4.0, "mode": "test", "epoch": 30}
{"loss": 0.318621963262558, "acc": 0.8558510541915894, "length": 3.9997670650482178, "mode": "train", "epoch": 31}
{"loss": 0.37856975197792053, "acc": 0.8318562507629395, "length": 4.0, "mode": "test", "epoch": 31}
{"loss": 0.32200145721435547, "acc": 0.8587594032287598, "length": 3.9999501705169678, "mode": "train", "epoch": 32}
{"loss": 0.355328232049942, "acc": 0.8494147658348083, "length": 4.0, "mode": "test", "epoch": 32}
{"loss": 0.3034590184688568, "acc": 0.8679599165916443, "length": 3.9997401237487793, "mode": "train", "epoch": 33}
{"loss": 0.3442898988723755, "acc": 0.8547657132148743, "length": 4.0, "mode": "test", "epoch": 33}
{"loss": 0.29316020011901855, "acc": 0.8743540048599243, "length": 3.9999043941497803, "mode": "train", "epoch": 34}
{"loss": 0.33547869324684143, "acc": 0.8490803241729736, "length": 4.0, "mode": "test", "epoch": 34}
{"loss": 0.2933329939842224, "acc": 0.87276691198349, "length": 3.9999771118164062, "mode": "train", "epoch": 35}
{"loss": 0.3542601764202118, "acc": 0.8489130735397339, "length": 4.0, "mode": "test", "epoch": 35}
{"loss": 0.2828693985939026, "acc": 0.8792967200279236, "length": 3.999995708465576, "mode": "train", "epoch": 36}
{"loss": 0.3356153070926666, "acc": 0.8552675843238831, "length": 4.0, "mode": "test", "epoch": 36}
{"loss": 0.280897319316864, "acc": 0.8809430003166199, "length": 3.9997031688690186, "mode": "train", "epoch": 37}
{"loss": 0.3371381461620331, "acc": 0.8514213562011719, "length": 4.0, "mode": "test", "epoch": 37}
{"loss": 0.28061434626579285, "acc": 0.8830356597900391, "length": 3.9999985694885254, "mode": "train", "epoch": 38}
{"loss": 0.33481499552726746, "acc": 0.8579429984092712, "length": 4.0, "mode": "test", "epoch": 38}
{"loss": 0.2822692096233368, "acc": 0.8807710409164429, "length": 3.999891996383667, "mode": "train", "epoch": 39}
{"loss": 0.3405560553073883, "acc": 0.8602843284606934, "length": 4.0, "mode": "test", "epoch": 39}
{"loss": 0.2776583135128021, "acc": 0.8813334703445435, "length": 3.9999966621398926, "mode": "train", "epoch": 40}
{"loss": 0.335174560546875, "acc": 0.8640467524528503, "length": 4.0, "mode": "test", "epoch": 40}
{"loss": 0.2739781141281128, "acc": 0.8855065107345581, "length": 3.999807119369507, "mode": "train", "epoch": 41}
{"loss": 0.33658069372177124, "acc": 0.8590298891067505, "length": 4.0, "mode": "test", "epoch": 41}
{"loss": 0.27045711874961853, "acc": 0.8852120041847229, "length": 4.0, "mode": "train", "epoch": 42}
{"loss": 0.3415416181087494, "acc": 0.8685619235038757, "length": 4.0, "mode": "test", "epoch": 42}
{"loss": 0.3002150058746338, "acc": 0.8723201155662537, "length": 3.99998140335083, "mode": "train", "epoch": 43}
{"loss": 0.3962506651878357, "acc": 0.8365384340286255, "length": 4.0, "mode": "test", "epoch": 43}
{"loss": 0.3193257451057434, "acc": 0.8604070544242859, "length": 3.999997615814209, "mode": "train", "epoch": 44}
{"loss": 0.3909141421318054, "acc": 0.8474080562591553, "length": 4.0, "mode": "test", "epoch": 44}
{"loss": 0.3602088391780853, "acc": 0.8411822319030762, "length": 3.9999866485595703, "mode": "train", "epoch": 45}
{"loss": 0.46367764472961426, "acc": 0.7860367894172668, "length": 4.0, "mode": "test", "epoch": 45}
{"loss": 0.3996322453022003, "acc": 0.814424991607666, "length": 3.9999947547912598, "mode": "train", "epoch": 46}
{"loss": 0.4368863105773926, "acc": 0.8155516982078552, "length": 4.0, "mode": "test", "epoch": 46}
{"loss": 0.36162909865379333, "acc": 0.8414059281349182, "length": 3.9999945163726807, "mode": "train", "epoch": 47}
{"loss": 0.4107533395290375, "acc": 0.8246654868125916, "length": 4.0, "mode": "test", "epoch": 47}
{"loss": 0.34638848900794983, "acc": 0.8442459106445312, "length": 3.999913454055786, "mode": "train", "epoch": 48}
{"loss": 0.37900635600090027, "acc": 0.8329432010650635, "length": 4.0, "mode": "test", "epoch": 48}
{"loss": 0.3214786648750305, "acc": 0.8596516251564026, "length": 3.999960422515869, "mode": "train", "epoch": 49}
{"loss": 0.3557980954647064, "acc": 0.8501670360565186, "length": 4.0, "mode": "test", "epoch": 49}
{"loss": 0.3093458116054535, "acc": 0.8696114420890808, "length": 3.999912738800049, "mode": "train", "epoch": 50}
{"loss": 0.3615760803222656, "acc": 0.8477423787117004, "length": 4.0, "mode": "test", "epoch": 50}
{"loss": 0.30389758944511414, "acc": 0.8723167777061462, "length": 3.9999070167541504, "mode": "train", "epoch": 51}
{"loss": 0.3395702838897705, "acc": 0.8634614944458008, "length": 4.0, "mode": "test", "epoch": 51}
{"loss": 0.3035183548927307, "acc": 0.8739081621170044, "length": 3.9999492168426514, "mode": "train", "epoch": 52}
{"loss": 0.3473372757434845, "acc": 0.8563545942306519, "length": 4.0, "mode": "test", "epoch": 52}
{"loss": 0.30355605483055115, "acc": 0.8728184103965759, "length": 3.999912977218628, "mode": "train", "epoch": 53}
{"loss": 0.3662777245044708, "acc": 0.8392140865325928, "length": 4.0, "mode": "test", "epoch": 53}
{"loss": 0.30758270621299744, "acc": 0.8680791258811951, "length": 3.999981164932251, "mode": "train", "epoch": 54}
{"loss": 0.3409481346607208, "acc": 0.8621237277984619, "length": 4.0, "mode": "test", "epoch": 54}
{"loss": 0.3024095296859741, "acc": 0.8737536072731018, "length": 3.999721050262451, "mode": "train", "epoch": 55}
{"loss": 0.3396024703979492, "acc": 0.8608696460723877, "length": 4.0, "mode": "test", "epoch": 55}
{"loss": 0.2930203676223755, "acc": 0.8737035393714905, "length": 3.9998104572296143, "mode": "train", "epoch": 56}
{"loss": 0.34176281094551086, "acc": 0.8567727208137512, "length": 4.0, "mode": "test", "epoch": 56}
{"loss": 0.34229937195777893, "acc": 0.8539897203445435, "length": 3.999995708465576, "mode": "train", "epoch": 57}
{"loss": 0.3672845959663391, "acc": 0.8505852222442627, "length": 4.0, "mode": "test", "epoch": 57}
{"loss": 0.32048067450523376, "acc": 0.8639786839485168, "length": 3.9999940395355225, "mode": "train", "epoch": 58}
{"loss": 0.365892618894577, "acc": 0.8475752472877502, "length": 4.0, "mode": "test", "epoch": 58}
{"loss": 0.303835928440094, "acc": 0.86835777759552, "length": 3.999958038330078, "mode": "train", "epoch": 59}
{"loss": 0.3570716083049774, "acc": 0.8507525324821472, "length": 4.0, "mode": "test", "epoch": 59}
{"loss": 0.3021220266819, "acc": 0.8718715310096741, "length": 3.9999003410339355, "mode": "train", "epoch": 60}
{"loss": 0.35305583477020264, "acc": 0.8571068048477173, "length": 4.0, "mode": "test", "epoch": 60}
{"loss": 0.3002026081085205, "acc": 0.8759483695030212, "length": 3.9999961853027344, "mode": "train", "epoch": 61}
{"loss": 0.3559502065181732, "acc": 0.8592808842658997, "length": 4.0, "mode": "test", "epoch": 61}
{"loss": 0.29518452286720276, "acc": 0.8768015503883362, "length": 3.9997060298919678, "mode": "train", "epoch": 62}
{"loss": 0.3387513756752014, "acc": 0.8603677153587341, "length": 4.0, "mode": "test", "epoch": 62}
{"loss": 0.2889227271080017, "acc": 0.8780116438865662, "length": 3.9999442100524902, "mode": "train", "epoch": 63}
{"loss": 0.3449837863445282, "acc": 0.8616219758987427, "length": 4.0, "mode": "test", "epoch": 63}
{"loss": 0.2866923213005066, "acc": 0.8820871114730835, "length": 3.999999761581421, "mode": "train", "epoch": 64}
{"loss": 0.3409821689128876, "acc": 0.8596990704536438, "length": 4.0, "mode": "test", "epoch": 64}
{"loss": 0.29888832569122314, "acc": 0.8799333572387695, "length": 3.999441146850586, "mode": "train", "epoch": 65}
{"loss": 0.3656710982322693, "acc": 0.8581104874610901, "length": 4.0, "mode": "test", "epoch": 65}
{"loss": 0.2872093617916107, "acc": 0.878458559513092, "length": 3.999976396560669, "mode": "train", "epoch": 66}
{"loss": 0.3506605923175812, "acc": 0.8596154451370239, "length": 4.0, "mode": "test", "epoch": 66}
{"loss": 0.2927718162536621, "acc": 0.8748874068260193, "length": 3.999983549118042, "mode": "train", "epoch": 67}
{"loss": 0.3401698172092438, "acc": 0.8545988202095032, "length": 4.0, "mode": "test", "epoch": 67}
{"loss": 0.29845190048217773, "acc": 0.8767579793930054, "length": 4.0, "mode": "train", "epoch": 68}
{"loss": 0.3821679949760437, "acc": 0.8438127636909485, "length": 4.0, "mode": "test", "epoch": 68}
{"loss": 0.31387728452682495, "acc": 0.8735484480857849, "length": 3.999987840652466, "mode": "train", "epoch": 69}
{"loss": 0.35400065779685974, "acc": 0.862374484539032, "length": 4.0, "mode": "test", "epoch": 69}
{"loss": 0.2994591295719147, "acc": 0.8793473243713379, "length": 3.9998409748077393, "mode": "train", "epoch": 70}
{"loss": 0.3518317639827728, "acc": 0.8612877130508423, "length": 4.0, "mode": "test", "epoch": 70}
{"loss": 0.29609933495521545, "acc": 0.8789055943489075, "length": 3.9999871253967285, "mode": "train", "epoch": 71}
{"loss": 0.352784126996994, "acc": 0.8620400428771973, "length": 4.0, "mode": "test", "epoch": 71}
{"loss": 0.2966931462287903, "acc": 0.8791843056678772, "length": 3.9999756813049316, "mode": "train", "epoch": 72}
{"loss": 0.34878435730934143, "acc": 0.8608695268630981, "length": 4.0, "mode": "test", "epoch": 72}
{"loss": 0.293607234954834, "acc": 0.8772597908973694, "length": 3.999992609024048, "mode": "train", "epoch": 73}
{"loss": 0.3480563461780548, "acc": 0.8550167083740234, "length": 4.0, "mode": "test", "epoch": 73}
{"loss": 0.29192987084388733, "acc": 0.8788222074508667, "length": 3.999990463256836, "mode": "train", "epoch": 74}
{"loss": 0.3405829668045044, "acc": 0.8601168990135193, "length": 4.0, "mode": "test", "epoch": 74}
{"loss": 0.2921399176120758, "acc": 0.878094494342804, "length": 3.999969482421875, "mode": "train", "epoch": 75}
{"loss": 0.3624555170536041, "acc": 0.8563545942306519, "length": 4.0, "mode": "test", "epoch": 75}
{"loss": 0.2936471104621887, "acc": 0.879686713218689, "length": 3.9999802112579346, "mode": "train", "epoch": 76}
{"loss": 0.33825692534446716, "acc": 0.8604515790939331, "length": 4.0, "mode": "test", "epoch": 76}
{"loss": 0.2884325683116913, "acc": 0.8788174390792847, "length": 3.9999196529388428, "mode": "train", "epoch": 77}
{"loss": 0.3381812274456024, "acc": 0.8620401620864868, "length": 4.0, "mode": "test", "epoch": 77}
{"loss": 0.2796180844306946, "acc": 0.8835100531578064, "length": 3.9999988079071045, "mode": "train", "epoch": 78}
{"loss": 0.32886528968811035, "acc": 0.86429762840271, "length": 4.0, "mode": "test", "epoch": 78}
{"loss": 0.2750997245311737, "acc": 0.8857742547988892, "length": 3.999499797821045, "mode": "train", "epoch": 79}
{"loss": 0.3336324989795685, "acc": 0.8624581694602966, "length": 4.0, "mode": "test", "epoch": 79}
{"loss": 0.27498340606689453, "acc": 0.8849607110023499, "length": 3.99999737739563, "mode": "train", "epoch": 80}
{"loss": 0.3233395516872406, "acc": 0.8668059706687927, "length": 4.0, "mode": "test", "epoch": 80}
{"loss": 0.27282071113586426, "acc": 0.8856583833694458, "length": 3.999999523162842, "mode": "train", "epoch": 81}
{"loss": 0.3183991611003876, "acc": 0.86454838514328, "length": 4.0, "mode": "test", "epoch": 81}
{"loss": 0.2777992784976959, "acc": 0.8840958476066589, "length": 3.9999985694885254, "mode": "train", "epoch": 82}
{"loss": 0.31605616211891174, "acc": 0.8698996901512146, "length": 4.0, "mode": "test", "epoch": 82}
{"loss": 0.27074384689331055, "acc": 0.8896206021308899, "length": 4.0, "mode": "train", "epoch": 83}
{"loss": 0.316407173871994, "acc": 0.8705685138702393, "length": 4.0, "mode": "test", "epoch": 83}
{"loss": 0.26737403869628906, "acc": 0.891210675239563, "length": 3.999998092651367, "mode": "train", "epoch": 84}
{"loss": 0.3185232877731323, "acc": 0.8709028959274292, "length": 4.0, "mode": "test", "epoch": 84}
{"loss": 0.26578670740127563, "acc": 0.8936383128166199, "length": 3.999999523162842, "mode": "train", "epoch": 85}
{"loss": 0.32075580954551697, "acc": 0.8749164342880249, "length": 4.0, "mode": "test", "epoch": 85}
{"loss": 0.2681080996990204, "acc": 0.8927730917930603, "length": 3.9999947547912598, "mode": "train", "epoch": 86}
{"loss": 0.32005876302719116, "acc": 0.8737457990646362, "length": 4.0, "mode": "test", "epoch": 86}
{"loss": 0.27208173274993896, "acc": 0.889815628528595, "length": 3.999995708465576, "mode": "train", "epoch": 87}
{"loss": 0.3184428811073303, "acc": 0.8766724467277527, "length": 4.0, "mode": "test", "epoch": 87}
{"loss": 0.2695748507976532, "acc": 0.8912938237190247, "length": 3.9999852180480957, "mode": "train", "epoch": 88}
{"loss": 0.31754782795906067, "acc": 0.8746655583381653, "length": 4.0, "mode": "test", "epoch": 88}
{"loss": 0.26823335886001587, "acc": 0.8925057649612427, "length": 3.9997830390930176, "mode": "train", "epoch": 89}
{"loss": 0.3247002363204956, "acc": 0.8745818138122559, "length": 4.0, "mode": "test", "epoch": 89}
{"loss": 0.26352614164352417, "acc": 0.8941127061843872, "length": 3.999999523162842, "mode": "train", "epoch": 90}
{"loss": 0.3243180513381958, "acc": 0.8709865808486938, "length": 4.0, "mode": "test", "epoch": 90}
{"loss": 0.2634855806827545, "acc": 0.8932477235794067, "length": 3.9999985694885254, "mode": "train", "epoch": 91}
{"loss": 0.3164500594139099, "acc": 0.8769232034683228, "length": 4.0, "mode": "test", "epoch": 91}
{"loss": 0.2651696503162384, "acc": 0.8910992741584778, "length": 3.9999992847442627, "mode": "train", "epoch": 92}
{"loss": 0.31823572516441345, "acc": 0.8741639852523804, "length": 4.0, "mode": "test", "epoch": 92}
{"loss": 0.2729276120662689, "acc": 0.8875279426574707, "length": 3.999999523162842, "mode": "train", "epoch": 93}
{"loss": 0.3270515501499176, "acc": 0.8652174472808838, "length": 4.0, "mode": "test", "epoch": 93}
{"loss": 0.28051313757896423, "acc": 0.8839285969734192, "length": 4.0, "mode": "train", "epoch": 94}
{"loss": 0.34751245379447937, "acc": 0.8629598617553711, "length": 4.0, "mode": "test", "epoch": 94}
{"loss": 0.2830018401145935, "acc": 0.883482038974762, "length": 3.99999737739563, "mode": "train", "epoch": 95}
{"loss": 0.34950634837150574, "acc": 0.8689799904823303, "length": 4.0, "mode": "test", "epoch": 95}
{"loss": 0.2770971953868866, "acc": 0.8864353895187378, "length": 3.9999444484710693, "mode": "train", "epoch": 96}
{"loss": 0.33646827936172485, "acc": 0.8706521391868591, "length": 4.0, "mode": "test", "epoch": 96}
{"loss": 0.27024421095848083, "acc": 0.8891245722770691, "length": 3.999361515045166, "mode": "train", "epoch": 97}
{"loss": 0.3266027867794037, "acc": 0.8711539506912231, "length": 4.0, "mode": "test", "epoch": 97}
{"loss": 0.271790474653244, "acc": 0.8897600769996643, "length": 3.9999992847442627, "mode": "train", "epoch": 98}
{"loss": 0.325955331325531, "acc": 0.8738296031951904, "length": 4.0, "mode": "test", "epoch": 98}
{"loss": 0.265087366104126, "acc": 0.8915736079216003, "length": 3.9999985694885254, "mode": "train", "epoch": 99}
{"loss": 0.3220334053039551, "acc": 0.8731606006622314, "length": 4.0, "mode": "test", "epoch": 99}
{"loss": 0.2641414701938629, "acc": 0.8921874165534973, "length": 3.999999523162842, "mode": "train", "epoch": 100}
{"loss": 0.322643518447876, "acc": 0.8736622333526611, "length": 4.0, "mode": "test", "epoch": 100}
test accuracy: 0.6445081830024719
