# ["--attributes=3", "--values=4", "--game_size=10", "--vocab_size_factor=3", "--n_epochs=100", "--batch_size=128", "--learning_rate=0.001", "--hidden_size=256", "--temp_update=0.99", "--temperature=1"]
Creating train_ds and val_ds...

Creating test_ds...
{"loss": 0.6977745294570923, "acc": 0.5091235637664795, "length": 2.77083683013916, "mode": "train", "epoch": 1}
{"loss": 0.6940386891365051, "acc": 0.5037840008735657, "length": 1.0394736528396606, "mode": "test", "epoch": 1}
{"loss": 0.6447232365608215, "acc": 0.6423003077507019, "length": 2.327796459197998, "mode": "train", "epoch": 2}
{"loss": 0.6006466150283813, "acc": 0.6953396797180176, "length": 2.6036183834075928, "mode": "test", "epoch": 2}
{"loss": 0.5656216144561768, "acc": 0.7173098921775818, "length": 2.8619065284729004, "mode": "train", "epoch": 3}
{"loss": 0.5313395857810974, "acc": 0.755445122718811, "length": 3.245065689086914, "mode": "test", "epoch": 3}
{"loss": 0.5026369094848633, "acc": 0.7677995562553406, "length": 3.283217430114746, "mode": "train", "epoch": 4}
{"loss": 0.4928169250488281, "acc": 0.7862125039100647, "length": 3.4375, "mode": "test", "epoch": 4}
{"loss": 0.4768163859844208, "acc": 0.7875359654426575, "length": 3.338752269744873, "mode": "train", "epoch": 5}
{"loss": 0.48746153712272644, "acc": 0.7932733297348022, "length": 3.4128289222717285, "mode": "test", "epoch": 5}
{"loss": 0.45530936121940613, "acc": 0.8051663637161255, "length": 3.338353395462036, "mode": "train", "epoch": 6}
{"loss": 0.45350131392478943, "acc": 0.8099026679992676, "length": 3.5016448497772217, "mode": "test", "epoch": 6}
{"loss": 0.42804333567619324, "acc": 0.8166005611419678, "length": 3.4590301513671875, "mode": "train", "epoch": 7}
{"loss": 0.4307935833930969, "acc": 0.8167905211448669, "length": 3.6496710777282715, "mode": "test", "epoch": 7}
{"loss": 0.40339377522468567, "acc": 0.8247506618499756, "length": 3.580049514770508, "mode": "train", "epoch": 8}
{"loss": 0.40593621134757996, "acc": 0.8233649134635925, "length": 3.7039473056793213, "mode": "test", "epoch": 8}
{"loss": 0.3827493190765381, "acc": 0.8325673937797546, "length": 3.643446922302246, "mode": "train", "epoch": 9}
{"loss": 0.38974234461784363, "acc": 0.8374350666999817, "length": 3.7532894611358643, "mode": "test", "epoch": 9}
{"loss": 0.36737847328186035, "acc": 0.8432824015617371, "length": 3.7177462577819824, "mode": "train", "epoch": 10}
{"loss": 0.3659713864326477, "acc": 0.8511741161346436, "length": 3.7532894611358643, "mode": "test", "epoch": 10}
{"loss": 0.34485024213790894, "acc": 0.8578859567642212, "length": 3.688809633255005, "mode": "train", "epoch": 11}
{"loss": 0.3387458026409149, "acc": 0.8644027709960938, "length": 3.7286183834075928, "mode": "test", "epoch": 11}
{"loss": 0.32064640522003174, "acc": 0.8693293333053589, "length": 3.687041759490967, "mode": "train", "epoch": 12}
{"loss": 0.3246951997280121, "acc": 0.8709960579872131, "length": 3.7532894611358643, "mode": "test", "epoch": 12}
{"loss": 0.2980369031429291, "acc": 0.8798494338989258, "length": 3.7357943058013916, "mode": "train", "epoch": 13}
{"loss": 0.3091302812099457, "acc": 0.8800748586654663, "length": 3.75822377204895, "mode": "test", "epoch": 13}
{"loss": 0.28503352403640747, "acc": 0.8849664330482483, "length": 3.7291018962860107, "mode": "train", "epoch": 14}
{"loss": 0.3018329441547394, "acc": 0.8838075399398804, "length": 3.74177622795105, "mode": "test", "epoch": 14}
{"loss": 0.2705990970134735, "acc": 0.8952540159225464, "length": 3.751047134399414, "mode": "train", "epoch": 15}
{"loss": 0.2778342366218567, "acc": 0.8902292847633362, "length": 3.7483551502227783, "mode": "test", "epoch": 15}
{"loss": 0.25444290041923523, "acc": 0.9000827670097351, "length": 3.7590630054473877, "mode": "train", "epoch": 16}
{"loss": 0.28188300132751465, "acc": 0.8950663208961487, "length": 3.8289473056793213, "mode": "test", "epoch": 16}
{"loss": 0.24352344870567322, "acc": 0.9047661423683167, "length": 3.7748332023620605, "mode": "train", "epoch": 17}
{"loss": 0.2817378640174866, "acc": 0.8892911672592163, "length": 3.7532894611358643, "mode": "test", "epoch": 17}
{"loss": 0.2384292483329773, "acc": 0.9063873291015625, "length": 3.741842031478882, "mode": "train", "epoch": 18}
{"loss": 0.25926104187965393, "acc": 0.9031777381896973, "length": 3.7976973056793213, "mode": "test", "epoch": 18}
{"loss": 0.23244227468967438, "acc": 0.9073788523674011, "length": 3.764564037322998, "mode": "train", "epoch": 19}
{"loss": 0.26122912764549255, "acc": 0.8971730470657349, "length": 3.7878289222717285, "mode": "test", "epoch": 19}
{"loss": 0.22560571134090424, "acc": 0.9126785397529602, "length": 3.797098398208618, "mode": "train", "epoch": 20}
{"loss": 0.23848620057106018, "acc": 0.911289632320404, "length": 3.799342155456543, "mode": "test", "epoch": 20}
{"loss": 0.2221766859292984, "acc": 0.9140086770057678, "length": 3.7832772731781006, "mode": "train", "epoch": 21}
{"loss": 0.24607880413532257, "acc": 0.9097548127174377, "length": 3.83552622795105, "mode": "test", "epoch": 21}
{"loss": 0.21894656121730804, "acc": 0.915228009223938, "length": 3.782294750213623, "mode": "train", "epoch": 22}
{"loss": 0.24603398144245148, "acc": 0.912758469581604, "length": 3.84375, "mode": "test", "epoch": 22}
{"loss": 0.2078232765197754, "acc": 0.9179073572158813, "length": 3.822096586227417, "mode": "train", "epoch": 23}
{"loss": 0.22913162410259247, "acc": 0.9123391509056091, "length": 3.8338816165924072, "mode": "test", "epoch": 23}
{"loss": 0.20490914583206177, "acc": 0.9184209704399109, "length": 3.810201406478882, "mode": "train", "epoch": 24}
{"loss": 0.22722028195858002, "acc": 0.9144812226295471, "length": 3.8601973056793213, "mode": "test", "epoch": 24}
{"loss": 0.20094291865825653, "acc": 0.923354983329773, "length": 3.8148398399353027, "mode": "train", "epoch": 25}
{"loss": 0.22954891622066498, "acc": 0.9171629548072815, "length": 3.848684310913086, "mode": "test", "epoch": 25}
{"loss": 0.19733984768390656, "acc": 0.9220839142799377, "length": 3.8196988105773926, "mode": "train", "epoch": 26}
{"loss": 0.23740068078041077, "acc": 0.9152289032936096, "length": 3.838815689086914, "mode": "test", "epoch": 26}
{"loss": 0.20403674244880676, "acc": 0.9213734269142151, "length": 3.83211350440979, "mode": "train", "epoch": 27}
{"loss": 0.24062064290046692, "acc": 0.9063143730163574, "length": 3.838815689086914, "mode": "test", "epoch": 27}
{"loss": 0.19892264902591705, "acc": 0.9187893271446228, "length": 3.8320553302764893, "mode": "train", "epoch": 28}
{"loss": 0.22915492951869965, "acc": 0.9165091514587402, "length": 3.8766448497772217, "mode": "test", "epoch": 28}
{"loss": 0.1982671320438385, "acc": 0.9234990477561951, "length": 3.912006378173828, "mode": "train", "epoch": 29}
{"loss": 0.2161315232515335, "acc": 0.9175037741661072, "length": 3.99177622795105, "mode": "test", "epoch": 29}
{"loss": 0.18874195218086243, "acc": 0.9284960031509399, "length": 3.9748451709747314, "mode": "train", "epoch": 30}
{"loss": 0.1996612846851349, "acc": 0.9240131378173828, "length": 4.0, "mode": "test", "epoch": 30}
{"loss": 0.16868078708648682, "acc": 0.9369189739227295, "length": 3.988344669342041, "mode": "train", "epoch": 31}
{"loss": 0.1937739998102188, "acc": 0.9300164580345154, "length": 4.0, "mode": "test", "epoch": 31}
{"loss": 0.16556033492088318, "acc": 0.9360449910163879, "length": 3.9889159202575684, "mode": "train", "epoch": 32}
{"loss": 0.19771023094654083, "acc": 0.932319164276123, "length": 4.0, "mode": "test", "epoch": 32}
{"loss": 0.15870146453380585, "acc": 0.9421622157096863, "length": 3.994015693664551, "mode": "train", "epoch": 33}
{"loss": 0.19994261860847473, "acc": 0.9311676025390625, "length": 4.0, "mode": "test", "epoch": 33}
{"loss": 0.1856398582458496, "acc": 0.9333743453025818, "length": 3.997551679611206, "mode": "train", "epoch": 34}
{"loss": 0.25251707434654236, "acc": 0.9003288149833679, "length": 4.0, "mode": "test", "epoch": 34}
{"loss": 0.18883103132247925, "acc": 0.9259070754051208, "length": 3.9972994327545166, "mode": "train", "epoch": 35}
{"loss": 0.22104144096374512, "acc": 0.9162829518318176, "length": 4.0, "mode": "test", "epoch": 35}
{"loss": 0.17757202684879303, "acc": 0.9292212128639221, "length": 3.9984021186828613, "mode": "train", "epoch": 36}
{"loss": 0.20088934898376465, "acc": 0.9264803528785706, "length": 4.0, "mode": "test", "epoch": 36}
{"loss": 0.16005195677280426, "acc": 0.9395583868026733, "length": 3.999358654022217, "mode": "train", "epoch": 37}
{"loss": 0.19719524681568146, "acc": 0.9328949451446533, "length": 4.0, "mode": "test", "epoch": 37}
{"loss": 0.15683439373970032, "acc": 0.9404081702232361, "length": 3.9980785846710205, "mode": "train", "epoch": 38}
{"loss": 0.19933947920799255, "acc": 0.922532856464386, "length": 4.0, "mode": "test", "epoch": 38}
{"loss": 0.1579609364271164, "acc": 0.9395292401313782, "length": 3.998040199279785, "mode": "train", "epoch": 39}
{"loss": 0.18080304563045502, "acc": 0.9336351156234741, "length": 4.0, "mode": "test", "epoch": 39}
{"loss": 0.1478472799062729, "acc": 0.9451335668563843, "length": 3.999657392501831, "mode": "train", "epoch": 40}
{"loss": 0.18499533832073212, "acc": 0.9353620409965515, "length": 4.0, "mode": "test", "epoch": 40}
{"loss": 0.14130716025829315, "acc": 0.9488300681114197, "length": 3.999495029449463, "mode": "train", "epoch": 41}
{"loss": 0.19915971159934998, "acc": 0.9300987720489502, "length": 4.0, "mode": "test", "epoch": 41}
{"loss": 0.16134001314640045, "acc": 0.9401141405105591, "length": 3.99767804145813, "mode": "train", "epoch": 42}
{"loss": 0.19309674203395844, "acc": 0.9358552694320679, "length": 4.0, "mode": "test", "epoch": 42}
{"loss": 0.15447741746902466, "acc": 0.9432392716407776, "length": 3.9995477199554443, "mode": "train", "epoch": 43}
{"loss": 0.20606008172035217, "acc": 0.9299341440200806, "length": 4.0, "mode": "test", "epoch": 43}
{"loss": 0.1461128443479538, "acc": 0.9469082355499268, "length": 3.9987618923187256, "mode": "train", "epoch": 44}
{"loss": 0.18327875435352325, "acc": 0.9405428171157837, "length": 4.0, "mode": "test", "epoch": 44}
{"loss": 0.14505735039710999, "acc": 0.9467962384223938, "length": 3.9991931915283203, "mode": "train", "epoch": 45}
{"loss": 0.2064913511276245, "acc": 0.9316611886024475, "length": 4.0, "mode": "test", "epoch": 45}
{"loss": 0.14299744367599487, "acc": 0.9495456218719482, "length": 3.999525547027588, "mode": "train", "epoch": 46}
{"loss": 0.1895962953567505, "acc": 0.9389804005622864, "length": 4.0, "mode": "test", "epoch": 46}
{"loss": 0.13219135999679565, "acc": 0.952276885509491, "length": 3.999004602432251, "mode": "train", "epoch": 47}
{"loss": 0.1946292370557785, "acc": 0.9391448497772217, "length": 4.0, "mode": "test", "epoch": 47}
{"loss": 0.14366789162158966, "acc": 0.9484320878982544, "length": 3.9998691082000732, "mode": "train", "epoch": 48}
{"loss": 0.20377181470394135, "acc": 0.9320725798606873, "length": 4.0, "mode": "test", "epoch": 48}
{"loss": 0.160498708486557, "acc": 0.9433535933494568, "length": 3.999786853790283, "mode": "train", "epoch": 49}
{"loss": 0.21064655482769012, "acc": 0.9291117787361145, "length": 4.0, "mode": "test", "epoch": 49}
{"loss": 0.14264515042304993, "acc": 0.9468221068382263, "length": 3.9994211196899414, "mode": "train", "epoch": 50}
{"loss": 0.1783636510372162, "acc": 0.9398024678230286, "length": 4.0, "mode": "test", "epoch": 50}
{"loss": 0.1417832225561142, "acc": 0.9492232799530029, "length": 3.9996464252471924, "mode": "train", "epoch": 51}
{"loss": 0.1688208132982254, "acc": 0.9439144134521484, "length": 4.0, "mode": "test", "epoch": 51}
{"loss": 0.13445298373699188, "acc": 0.9511194825172424, "length": 3.9997951984405518, "mode": "train", "epoch": 52}
{"loss": 0.1704075187444687, "acc": 0.9388980865478516, "length": 4.0, "mode": "test", "epoch": 52}
{"loss": 0.13400068879127502, "acc": 0.9533255696296692, "length": 3.9992733001708984, "mode": "train", "epoch": 53}
{"loss": 0.17737318575382233, "acc": 0.938404381275177, "length": 4.0, "mode": "test", "epoch": 53}
{"loss": 0.15300381183624268, "acc": 0.9443392753601074, "length": 3.9996752738952637, "mode": "train", "epoch": 54}
{"loss": 0.20880697667598724, "acc": 0.9300163388252258, "length": 4.0, "mode": "test", "epoch": 54}
{"loss": 0.15260984003543854, "acc": 0.9445592164993286, "length": 3.999727249145508, "mode": "train", "epoch": 55}
{"loss": 0.16033342480659485, "acc": 0.9429274201393127, "length": 4.0, "mode": "test", "epoch": 55}
{"loss": 0.14761868119239807, "acc": 0.9488086104393005, "length": 3.9995675086975098, "mode": "train", "epoch": 56}
{"loss": 0.1700366586446762, "acc": 0.9400491118431091, "length": 4.0, "mode": "test", "epoch": 56}
{"loss": 0.1344820111989975, "acc": 0.948512613773346, "length": 3.9998462200164795, "mode": "train", "epoch": 57}
{"loss": 0.1639951914548874, "acc": 0.9461348652839661, "length": 4.0, "mode": "test", "epoch": 57}
{"loss": 0.13346774876117706, "acc": 0.9513965845108032, "length": 3.9998934268951416, "mode": "train", "epoch": 58}
{"loss": 0.1650633066892624, "acc": 0.9416940808296204, "length": 4.0, "mode": "test", "epoch": 58}
{"loss": 0.12106180191040039, "acc": 0.954012930393219, "length": 3.9988205432891846, "mode": "train", "epoch": 59}
{"loss": 0.15406297147274017, "acc": 0.9428455233573914, "length": 4.0, "mode": "test", "epoch": 59}
{"loss": 0.12148292362689972, "acc": 0.9557037949562073, "length": 3.9998068809509277, "mode": "train", "epoch": 60}
{"loss": 0.14853231608867645, "acc": 0.9443256258964539, "length": 4.0, "mode": "test", "epoch": 60}
{"loss": 0.12314536422491074, "acc": 0.9541144371032715, "length": 3.99996280670166, "mode": "train", "epoch": 61}
{"loss": 0.16398406028747559, "acc": 0.9450658559799194, "length": 4.0, "mode": "test", "epoch": 61}
{"loss": 0.126158207654953, "acc": 0.9548667669296265, "length": 3.9995310306549072, "mode": "train", "epoch": 62}
{"loss": 0.15063762664794922, "acc": 0.9480262398719788, "length": 4.0, "mode": "test", "epoch": 62}
{"loss": 0.11991352587938309, "acc": 0.9572904109954834, "length": 3.998939037322998, "mode": "train", "epoch": 63}
{"loss": 0.15314005315303802, "acc": 0.9477795958518982, "length": 4.0, "mode": "test", "epoch": 63}
{"loss": 0.14240111410617828, "acc": 0.9504085779190063, "length": 3.999887704849243, "mode": "train", "epoch": 64}
{"loss": 0.17743682861328125, "acc": 0.9417763948440552, "length": 4.0, "mode": "test", "epoch": 64}
{"loss": 0.14332415163516998, "acc": 0.9507541656494141, "length": 3.999533176422119, "mode": "train", "epoch": 65}
{"loss": 0.16535280644893646, "acc": 0.9376645088195801, "length": 4.0, "mode": "test", "epoch": 65}
{"loss": 0.13104352355003357, "acc": 0.9501733183860779, "length": 3.998307466506958, "mode": "train", "epoch": 66}
{"loss": 0.17230890691280365, "acc": 0.9402137398719788, "length": 4.0, "mode": "test", "epoch": 66}
{"loss": 0.1451423317193985, "acc": 0.9442236423492432, "length": 3.999458074569702, "mode": "train", "epoch": 67}
{"loss": 0.17268626391887665, "acc": 0.936842143535614, "length": 4.0, "mode": "test", "epoch": 67}
{"loss": 0.15286503732204437, "acc": 0.9456531405448914, "length": 3.999074697494507, "mode": "train", "epoch": 68}
{"loss": 0.24693214893341064, "acc": 0.9159538745880127, "length": 4.0, "mode": "test", "epoch": 68}
{"loss": 0.1817760020494461, "acc": 0.9377652406692505, "length": 3.9975218772888184, "mode": "train", "epoch": 69}
{"loss": 0.20525629818439484, "acc": 0.9333880543708801, "length": 4.0, "mode": "test", "epoch": 69}
{"loss": 0.15821991860866547, "acc": 0.9445499181747437, "length": 3.999502658843994, "mode": "train", "epoch": 70}
{"loss": 0.20578964054584503, "acc": 0.930263340473175, "length": 4.0, "mode": "test", "epoch": 70}
{"loss": 0.17182043194770813, "acc": 0.938041627407074, "length": 3.9987525939941406, "mode": "train", "epoch": 71}
{"loss": 0.1966843605041504, "acc": 0.9267271757125854, "length": 4.0, "mode": "test", "epoch": 71}
{"loss": 0.163326233625412, "acc": 0.9409536123275757, "length": 3.9995272159576416, "mode": "train", "epoch": 72}
{"loss": 0.1915002167224884, "acc": 0.9343750476837158, "length": 4.0, "mode": "test", "epoch": 72}
{"loss": 0.1642966866493225, "acc": 0.9392987489700317, "length": 3.9992265701293945, "mode": "train", "epoch": 73}
{"loss": 0.18845537304878235, "acc": 0.930591881275177, "length": 4.0, "mode": "test", "epoch": 73}
{"loss": 0.14416441321372986, "acc": 0.9474461078643799, "length": 3.9999446868896484, "mode": "train", "epoch": 74}
{"loss": 0.16783161461353302, "acc": 0.9366777539253235, "length": 4.0, "mode": "test", "epoch": 74}
{"loss": 0.1405467987060547, "acc": 0.9474471807479858, "length": 3.9999825954437256, "mode": "train", "epoch": 75}
{"loss": 0.177850142121315, "acc": 0.9382401704788208, "length": 4.0, "mode": "test", "epoch": 75}
{"loss": 0.14319004118442535, "acc": 0.9482464790344238, "length": 3.9992644786834717, "mode": "train", "epoch": 76}
{"loss": 0.18120859563350677, "acc": 0.9389801025390625, "length": 4.0, "mode": "test", "epoch": 76}
{"loss": 0.14772093296051025, "acc": 0.9475202560424805, "length": 3.999424457550049, "mode": "train", "epoch": 77}
{"loss": 0.16972942650318146, "acc": 0.9475329518318176, "length": 4.0, "mode": "test", "epoch": 77}
{"loss": 0.13173756003379822, "acc": 0.9547697901725769, "length": 3.9998743534088135, "mode": "train", "epoch": 78}
{"loss": 0.1541653871536255, "acc": 0.9460528492927551, "length": 4.0, "mode": "test", "epoch": 78}
{"loss": 0.13021497428417206, "acc": 0.9548792243003845, "length": 3.999823570251465, "mode": "train", "epoch": 79}
{"loss": 0.14710910618305206, "acc": 0.948519766330719, "length": 4.0, "mode": "test", "epoch": 79}
{"loss": 0.11571667343378067, "acc": 0.9587854146957397, "length": 3.999382972717285, "mode": "train", "epoch": 80}
{"loss": 0.14596648514270782, "acc": 0.9430922269821167, "length": 4.0, "mode": "test", "epoch": 80}
{"loss": 0.11264350265264511, "acc": 0.9602060317993164, "length": 3.9999279975891113, "mode": "train", "epoch": 81}
{"loss": 0.1415216475725174, "acc": 0.9508224129676819, "length": 4.0, "mode": "test", "epoch": 81}
{"loss": 0.10501039773225784, "acc": 0.961463987827301, "length": 3.9998133182525635, "mode": "train", "epoch": 82}
{"loss": 0.14219310879707336, "acc": 0.9526314735412598, "length": 4.0, "mode": "test", "epoch": 82}
{"loss": 0.11149588227272034, "acc": 0.9613867998123169, "length": 3.999958038330078, "mode": "train", "epoch": 83}
{"loss": 0.13976936042308807, "acc": 0.9509045481681824, "length": 4.0, "mode": "test", "epoch": 83}
{"loss": 0.1129104420542717, "acc": 0.9573495984077454, "length": 3.9998505115509033, "mode": "train", "epoch": 84}
{"loss": 0.1354084461927414, "acc": 0.9503290057182312, "length": 4.0, "mode": "test", "epoch": 84}
{"loss": 0.10546562075614929, "acc": 0.9608445167541504, "length": 3.999441623687744, "mode": "train", "epoch": 85}
{"loss": 0.1216246709227562, "acc": 0.9559209942817688, "length": 4.0, "mode": "test", "epoch": 85}
{"loss": 0.10126281529664993, "acc": 0.962817907333374, "length": 3.9993512630462646, "mode": "train", "epoch": 86}
{"loss": 0.1226424127817154, "acc": 0.9559210538864136, "length": 4.0, "mode": "test", "epoch": 86}
{"loss": 0.11370398849248886, "acc": 0.9605317711830139, "length": 3.9998350143432617, "mode": "train", "epoch": 87}
{"loss": 0.13671797513961792, "acc": 0.9538653492927551, "length": 4.0, "mode": "test", "epoch": 87}
{"loss": 0.10712920129299164, "acc": 0.9626772403717041, "length": 3.9999682903289795, "mode": "train", "epoch": 88}
{"loss": 0.13393239676952362, "acc": 0.9521381258964539, "length": 4.0, "mode": "test", "epoch": 88}
{"loss": 0.10521738231182098, "acc": 0.962704598903656, "length": 3.999964714050293, "mode": "train", "epoch": 89}
{"loss": 0.15618400275707245, "acc": 0.9463815093040466, "length": 4.0, "mode": "test", "epoch": 89}
{"loss": 0.12051277607679367, "acc": 0.9562260508537292, "length": 3.999912977218628, "mode": "train", "epoch": 90}
{"loss": 0.1370808482170105, "acc": 0.9491776823997498, "length": 4.0, "mode": "test", "epoch": 90}
{"loss": 0.1283331960439682, "acc": 0.95587158203125, "length": 3.9999630451202393, "mode": "train", "epoch": 91}
{"loss": 0.16852779686450958, "acc": 0.943832278251648, "length": 4.0, "mode": "test", "epoch": 91}
{"loss": 0.12838056683540344, "acc": 0.9536957740783691, "length": 3.9997498989105225, "mode": "train", "epoch": 92}
{"loss": 0.17375494539737701, "acc": 0.9386513233184814, "length": 4.0, "mode": "test", "epoch": 92}
{"loss": 0.1295345425605774, "acc": 0.9543447494506836, "length": 3.9995791912078857, "mode": "train", "epoch": 93}
{"loss": 0.13294880092144012, "acc": 0.9529604911804199, "length": 4.0, "mode": "test", "epoch": 93}
{"loss": 0.10831496119499207, "acc": 0.9603365659713745, "length": 3.9996800422668457, "mode": "train", "epoch": 94}
{"loss": 0.13512061536312103, "acc": 0.9498355388641357, "length": 4.0, "mode": "test", "epoch": 94}
{"loss": 0.10182837396860123, "acc": 0.9632781147956848, "length": 3.999885320663452, "mode": "train", "epoch": 95}
{"loss": 0.13016729056835175, "acc": 0.9550163745880127, "length": 4.0, "mode": "test", "epoch": 95}
{"loss": 0.09819388389587402, "acc": 0.9651431441307068, "length": 3.9998764991760254, "mode": "train", "epoch": 96}
{"loss": 0.12082207202911377, "acc": 0.956332266330719, "length": 4.0, "mode": "test", "epoch": 96}
{"loss": 0.09167779237031937, "acc": 0.9674234390258789, "length": 3.9999544620513916, "mode": "train", "epoch": 97}
{"loss": 0.10971181839704514, "acc": 0.9637335538864136, "length": 4.0, "mode": "test", "epoch": 97}
{"loss": 0.09348611533641815, "acc": 0.9675893187522888, "length": 3.9999759197235107, "mode": "train", "epoch": 98}
{"loss": 0.11685728281736374, "acc": 0.9600329399108887, "length": 4.0, "mode": "test", "epoch": 98}
{"loss": 0.09578948467969894, "acc": 0.9665747880935669, "length": 3.9999899864196777, "mode": "train", "epoch": 99}
{"loss": 0.1177862286567688, "acc": 0.960279643535614, "length": 4.0, "mode": "test", "epoch": 99}
{"loss": 0.10480684041976929, "acc": 0.9608063101768494, "length": 3.999879837036133, "mode": "train", "epoch": 100}
{"loss": 0.14452552795410156, "acc": 0.9496709108352661, "length": 4.0, "mode": "test", "epoch": 100}
test accuracy: 0.8014913201332092
