# ["--attributes=3", "--values=4", "--game_size=20", "--vocab_size_factor=3", "--n_epochs=100", "--batch_size=32", "--learning_rate=0.0005", "--hidden_size=128", "--temp_update=0.99", "--temperature=2"]
Creating train_ds and val_ds...

Creating test_ds...
{"loss": 0.6510586142539978, "acc": 0.607306957244873, "length": 3.137493133544922, "mode": "train", "epoch": 1}
{"loss": 0.5471205711364746, "acc": 0.7406842708587646, "length": 3.2015113830566406, "mode": "test", "epoch": 1}
{"loss": 0.5323657393455505, "acc": 0.7567656636238098, "length": 3.1224398612976074, "mode": "train", "epoch": 2}
{"loss": 0.5410555601119995, "acc": 0.7548835277557373, "length": 3.1637279987335205, "mode": "test", "epoch": 2}
{"loss": 0.4829081594944, "acc": 0.7807490825653076, "length": 3.5299837589263916, "mode": "train", "epoch": 3}
{"loss": 0.5403354167938232, "acc": 0.7419252991676331, "length": 3.9126784801483154, "mode": "test", "epoch": 3}
{"loss": 0.4248589277267456, "acc": 0.8089727759361267, "length": 3.8827297687530518, "mode": "train", "epoch": 4}
{"loss": 0.4600023627281189, "acc": 0.7937394976615906, "length": 3.997481107711792, "mode": "test", "epoch": 4}
{"loss": 0.3671039938926697, "acc": 0.8416381478309631, "length": 3.964024305343628, "mode": "train", "epoch": 5}
{"loss": 0.40361487865448, "acc": 0.8266791105270386, "length": 4.0, "mode": "test", "epoch": 5}
{"loss": 0.3274620771408081, "acc": 0.8627684712409973, "length": 3.98429274559021, "mode": "train", "epoch": 6}
{"loss": 0.3698471486568451, "acc": 0.8383501172065735, "length": 4.0, "mode": "test", "epoch": 6}
{"loss": 0.30092427134513855, "acc": 0.8769262433052063, "length": 3.9901673793792725, "mode": "train", "epoch": 7}
{"loss": 0.348847895860672, "acc": 0.856717050075531, "length": 4.0, "mode": "test", "epoch": 7}
{"loss": 0.27580755949020386, "acc": 0.8891810178756714, "length": 3.9924166202545166, "mode": "train", "epoch": 8}
{"loss": 0.3247848451137543, "acc": 0.866057813167572, "length": 4.0, "mode": "test", "epoch": 8}
{"loss": 0.2516176104545593, "acc": 0.9014405608177185, "length": 3.993367910385132, "mode": "train", "epoch": 9}
{"loss": 0.3052920699119568, "acc": 0.8762175440788269, "length": 4.0, "mode": "test", "epoch": 9}
{"loss": 0.22518959641456604, "acc": 0.9144019484519958, "length": 3.9932756423950195, "mode": "train", "epoch": 10}
{"loss": 0.27406224608421326, "acc": 0.8925272822380066, "length": 4.0, "mode": "test", "epoch": 10}
{"loss": 0.19671574234962463, "acc": 0.9277216792106628, "length": 3.994954824447632, "mode": "train", "epoch": 11}
{"loss": 0.2545716166496277, "acc": 0.8961167335510254, "length": 4.0, "mode": "test", "epoch": 11}
{"loss": 0.18016549944877625, "acc": 0.934570848941803, "length": 3.99606990814209, "mode": "train", "epoch": 12}
{"loss": 0.23384885489940643, "acc": 0.9100965857505798, "length": 4.0, "mode": "test", "epoch": 12}
{"loss": 0.16471543908119202, "acc": 0.9400109052658081, "length": 3.9969894886016846, "mode": "train", "epoch": 13}
{"loss": 0.21346230804920197, "acc": 0.9199621677398682, "length": 4.0, "mode": "test", "epoch": 13}
{"loss": 0.14432625472545624, "acc": 0.9498944878578186, "length": 3.9974353313446045, "mode": "train", "epoch": 14}
{"loss": 0.19530729949474335, "acc": 0.9213056564331055, "length": 4.0, "mode": "test", "epoch": 14}
{"loss": 0.13759787380695343, "acc": 0.9522420763969421, "length": 3.9983203411102295, "mode": "train", "epoch": 15}
{"loss": 0.20719721913337708, "acc": 0.9213056564331055, "length": 4.0, "mode": "test", "epoch": 15}
{"loss": 0.1284373700618744, "acc": 0.955862283706665, "length": 3.9987101554870605, "mode": "train", "epoch": 16}
{"loss": 0.18537521362304688, "acc": 0.9257766604423523, "length": 4.0, "mode": "test", "epoch": 16}
{"loss": 0.11679793149232864, "acc": 0.9607983231544495, "length": 3.9989635944366455, "mode": "train", "epoch": 17}
{"loss": 0.17464178800582886, "acc": 0.9317800402641296, "length": 4.0, "mode": "test", "epoch": 17}
{"loss": 0.1071452870965004, "acc": 0.964562714099884, "length": 3.999128818511963, "mode": "train", "epoch": 18}
{"loss": 0.1685955971479416, "acc": 0.9384551644325256, "length": 4.0, "mode": "test", "epoch": 18}
{"loss": 0.10333259403705597, "acc": 0.9667277932167053, "length": 3.999337911605835, "mode": "train", "epoch": 19}
{"loss": 0.16821245849132538, "acc": 0.9379723072052002, "length": 4.0, "mode": "test", "epoch": 19}
{"loss": 0.09713635593652725, "acc": 0.9676300883293152, "length": 3.9993414878845215, "mode": "train", "epoch": 20}
{"loss": 0.15209631621837616, "acc": 0.9425692558288574, "length": 4.0, "mode": "test", "epoch": 20}
{"loss": 0.09066512435674667, "acc": 0.9711652994155884, "length": 3.9994921684265137, "mode": "train", "epoch": 21}
{"loss": 0.13334709405899048, "acc": 0.9539252519607544, "length": 4.0, "mode": "test", "epoch": 21}
{"loss": 0.08322812616825104, "acc": 0.9740537405014038, "length": 3.9995501041412354, "mode": "train", "epoch": 22}
{"loss": 0.13373082876205444, "acc": 0.951259434223175, "length": 4.0, "mode": "test", "epoch": 22}
{"loss": 0.07735586166381836, "acc": 0.9754037261009216, "length": 3.9997076988220215, "mode": "train", "epoch": 23}
{"loss": 0.13759569823741913, "acc": 0.9552266597747803, "length": 4.0, "mode": "test", "epoch": 23}
{"loss": 0.07217562198638916, "acc": 0.9789140820503235, "length": 3.999560594558716, "mode": "train", "epoch": 24}
{"loss": 0.13796135783195496, "acc": 0.9546809792518616, "length": 4.0, "mode": "test", "epoch": 24}
{"loss": 0.0692950040102005, "acc": 0.9793831706047058, "length": 3.9997458457946777, "mode": "train", "epoch": 25}
{"loss": 0.12068933993577957, "acc": 0.9580394625663757, "length": 4.0, "mode": "test", "epoch": 25}
{"loss": 0.061971116811037064, "acc": 0.9828194379806519, "length": 3.999788284301758, "mode": "train", "epoch": 26}
{"loss": 0.11085216701030731, "acc": 0.9643576145172119, "length": 4.0, "mode": "test", "epoch": 26}
{"loss": 0.0575835257768631, "acc": 0.9846751093864441, "length": 3.9997873306274414, "mode": "train", "epoch": 27}
{"loss": 0.10225863009691238, "acc": 0.9668976068496704, "length": 4.0, "mode": "test", "epoch": 27}
{"loss": 0.05722004175186157, "acc": 0.9847977757453918, "length": 3.999831438064575, "mode": "train", "epoch": 28}
{"loss": 0.1002594456076622, "acc": 0.967023491859436, "length": 4.0, "mode": "test", "epoch": 28}
{"loss": 0.053425051271915436, "acc": 0.9849137663841248, "length": 3.999814033508301, "mode": "train", "epoch": 29}
{"loss": 0.09612598270177841, "acc": 0.9694793224334717, "length": 4.0, "mode": "test", "epoch": 29}
{"loss": 0.051191069185733795, "acc": 0.9866395592689514, "length": 3.99983286857605, "mode": "train", "epoch": 30}
{"loss": 0.08682502806186676, "acc": 0.9702979922294617, "length": 4.0, "mode": "test", "epoch": 30}
{"loss": 0.04934677109122276, "acc": 0.986433744430542, "length": 3.9998788833618164, "mode": "train", "epoch": 31}
{"loss": 0.09188231080770493, "acc": 0.9714106321334839, "length": 4.0, "mode": "test", "epoch": 31}
{"loss": 0.043042924255132675, "acc": 0.9889496564865112, "length": 3.9998927116394043, "mode": "train", "epoch": 32}
{"loss": 0.08530192077159882, "acc": 0.9683879017829895, "length": 4.0, "mode": "test", "epoch": 32}
{"loss": 0.04367068037390709, "acc": 0.9886992573738098, "length": 3.9999117851257324, "mode": "train", "epoch": 33}
{"loss": 0.08292225003242493, "acc": 0.9726700782775879, "length": 4.0, "mode": "test", "epoch": 33}
{"loss": 0.04120495542883873, "acc": 0.9893146753311157, "length": 3.99989914894104, "mode": "train", "epoch": 34}
{"loss": 0.09326160699129105, "acc": 0.9708437323570251, "length": 4.0, "mode": "test", "epoch": 34}
{"loss": 0.03900829702615738, "acc": 0.9904274344444275, "length": 3.9998884201049805, "mode": "train", "epoch": 35}
{"loss": 0.08566811680793762, "acc": 0.9764693379402161, "length": 4.0, "mode": "test", "epoch": 35}
{"loss": 0.03709056228399277, "acc": 0.9911149740219116, "length": 3.9999020099639893, "mode": "train", "epoch": 36}
{"loss": 0.10301870852708817, "acc": 0.967674195766449, "length": 4.0, "mode": "test", "epoch": 36}
{"loss": 0.03534359484910965, "acc": 0.9913542866706848, "length": 3.999910831451416, "mode": "train", "epoch": 37}
{"loss": 0.0805123969912529, "acc": 0.9779596924781799, "length": 4.0, "mode": "test", "epoch": 37}
{"loss": 0.03366532549262047, "acc": 0.9918822646141052, "length": 3.999938488006592, "mode": "train", "epoch": 38}
{"loss": 0.07656477391719818, "acc": 0.9776448607444763, "length": 4.0, "mode": "test", "epoch": 38}
{"loss": 0.032373182475566864, "acc": 0.9917973279953003, "length": 3.999924421310425, "mode": "train", "epoch": 39}
{"loss": 0.08243675529956818, "acc": 0.9780227541923523, "length": 4.0, "mode": "test", "epoch": 39}
{"loss": 0.03141860291361809, "acc": 0.9921573400497437, "length": 3.9999499320983887, "mode": "train", "epoch": 40}
{"loss": 0.09584537893533707, "acc": 0.9721872210502625, "length": 4.0, "mode": "test", "epoch": 40}
{"loss": 0.03937789797782898, "acc": 0.9888583421707153, "length": 3.9999613761901855, "mode": "train", "epoch": 41}
{"loss": 0.06636283546686172, "acc": 0.976868212223053, "length": 4.0, "mode": "test", "epoch": 41}
{"loss": 0.03280920907855034, "acc": 0.9918433427810669, "length": 3.9999704360961914, "mode": "train", "epoch": 42}
{"loss": 0.08024118840694427, "acc": 0.9763434529304504, "length": 4.0, "mode": "test", "epoch": 42}
{"loss": 0.025434263050556183, "acc": 0.994407594203949, "length": 3.9999759197235107, "mode": "train", "epoch": 43}
{"loss": 0.06903088092803955, "acc": 0.9788622856140137, "length": 4.0, "mode": "test", "epoch": 43}
{"loss": 0.028661053627729416, "acc": 0.9926195740699768, "length": 3.999960422515869, "mode": "train", "epoch": 44}
{"loss": 0.0793074369430542, "acc": 0.9789043068885803, "length": 4.0, "mode": "test", "epoch": 44}
{"loss": 0.0368366502225399, "acc": 0.9894965887069702, "length": 3.9999701976776123, "mode": "train", "epoch": 45}
{"loss": 0.10396911203861237, "acc": 0.9737195372581482, "length": 4.0, "mode": "test", "epoch": 45}
{"loss": 0.03137713670730591, "acc": 0.9924035668373108, "length": 3.999971866607666, "mode": "train", "epoch": 46}
{"loss": 0.07194314897060394, "acc": 0.9765533804893494, "length": 4.0, "mode": "test", "epoch": 46}
{"loss": 0.025822725147008896, "acc": 0.994392454624176, "length": 3.9999654293060303, "mode": "train", "epoch": 47}
{"loss": 0.061777837574481964, "acc": 0.9841939210891724, "length": 4.0, "mode": "test", "epoch": 47}
{"loss": 0.019412677735090256, "acc": 0.9963135123252869, "length": 3.999980926513672, "mode": "train", "epoch": 48}
{"loss": 0.0542864166200161, "acc": 0.9868598580360413, "length": 4.0, "mode": "test", "epoch": 48}
{"loss": 0.02344690077006817, "acc": 0.9943806529045105, "length": 3.9999852180480957, "mode": "train", "epoch": 49}
{"loss": 0.05855102464556694, "acc": 0.9845298528671265, "length": 4.0, "mode": "test", "epoch": 49}
{"loss": 0.020206265151500702, "acc": 0.9951840043067932, "length": 3.9998109340667725, "mode": "train", "epoch": 50}
{"loss": 0.060793839395046234, "acc": 0.9864609837532043, "length": 4.0, "mode": "test", "epoch": 50}
{"loss": 0.0186618659645319, "acc": 0.9960976243019104, "length": 3.999993324279785, "mode": "train", "epoch": 51}
{"loss": 0.05586252734065056, "acc": 0.9860623478889465, "length": 4.0, "mode": "test", "epoch": 51}
{"loss": 0.019233718514442444, "acc": 0.9958385825157166, "length": 3.9999938011169434, "mode": "train", "epoch": 52}
{"loss": 0.053284820169210434, "acc": 0.9898825287818909, "length": 4.0, "mode": "test", "epoch": 52}
{"loss": 0.016095982864499092, "acc": 0.9968473315238953, "length": 3.9999947547912598, "mode": "train", "epoch": 53}
{"loss": 0.05853346735239029, "acc": 0.9897565245628357, "length": 4.0, "mode": "test", "epoch": 53}
{"loss": 0.014905599877238274, "acc": 0.9971765875816345, "length": 3.9999961853027344, "mode": "train", "epoch": 54}
{"loss": 0.03804231807589531, "acc": 0.9921703934669495, "length": 4.0, "mode": "test", "epoch": 54}
{"loss": 0.02443864196538925, "acc": 0.9930648803710938, "length": 3.9999959468841553, "mode": "train", "epoch": 55}
{"loss": 0.06418389081954956, "acc": 0.9853484034538269, "length": 4.0, "mode": "test", "epoch": 55}
{"loss": 0.021174335852265358, "acc": 0.9951661825180054, "length": 3.999994993209839, "mode": "train", "epoch": 56}
{"loss": 0.061719272285699844, "acc": 0.9854324460029602, "length": 4.0, "mode": "test", "epoch": 56}
{"loss": 0.02087230421602726, "acc": 0.9945144653320312, "length": 3.9999940395355225, "mode": "train", "epoch": 57}
{"loss": 0.05548698082566261, "acc": 0.9902184009552002, "length": 4.0, "mode": "test", "epoch": 57}
{"loss": 0.015426923520863056, "acc": 0.9965323805809021, "length": 3.9999964237213135, "mode": "train", "epoch": 58}
{"loss": 0.044768352061510086, "acc": 0.9917926788330078, "length": 4.0, "mode": "test", "epoch": 58}
{"loss": 0.014153373427689075, "acc": 0.9969455003738403, "length": 3.999995231628418, "mode": "train", "epoch": 59}
{"loss": 0.06447653472423553, "acc": 0.9882872104644775, "length": 4.0, "mode": "test", "epoch": 59}
{"loss": 0.01077140774577856, "acc": 0.9982836246490479, "length": 3.9999983310699463, "mode": "train", "epoch": 60}
{"loss": 0.08032426238059998, "acc": 0.9865239858627319, "length": 4.0, "mode": "test", "epoch": 60}
{"loss": 0.02188347652554512, "acc": 0.9942489862442017, "length": 3.9999983310699463, "mode": "train", "epoch": 61}
{"loss": 0.05453726649284363, "acc": 0.988664984703064, "length": 4.0, "mode": "test", "epoch": 61}
{"loss": 0.017285026609897614, "acc": 0.9955587387084961, "length": 3.9999983310699463, "mode": "train", "epoch": 62}
{"loss": 0.06568220257759094, "acc": 0.9874894022941589, "length": 4.0, "mode": "test", "epoch": 62}
{"loss": 0.016118919476866722, "acc": 0.9959792494773865, "length": 3.999999523162842, "mode": "train", "epoch": 63}
{"loss": 0.059715498238801956, "acc": 0.9897773265838623, "length": 4.0, "mode": "test", "epoch": 63}
{"loss": 0.014596324414014816, "acc": 0.9968197345733643, "length": 3.999999523162842, "mode": "train", "epoch": 64}
{"loss": 0.06219201907515526, "acc": 0.9845926761627197, "length": 4.0, "mode": "test", "epoch": 64}
{"loss": 0.011375049129128456, "acc": 0.9976882338523865, "length": 3.9999983310699463, "mode": "train", "epoch": 65}
{"loss": 0.05824774131178856, "acc": 0.9892107844352722, "length": 4.0, "mode": "test", "epoch": 65}
{"loss": 0.013843824155628681, "acc": 0.9965466260910034, "length": 3.9999988079071045, "mode": "train", "epoch": 66}
{"loss": 0.06310852617025375, "acc": 0.9889378547668457, "length": 4.0, "mode": "test", "epoch": 66}
{"loss": 0.016776666045188904, "acc": 0.9965255260467529, "length": 3.999999523162842, "mode": "train", "epoch": 67}
{"loss": 0.07820544391870499, "acc": 0.9813182353973389, "length": 4.0, "mode": "test", "epoch": 67}
{"loss": 0.015757855027914047, "acc": 0.9956990480422974, "length": 3.9999992847442627, "mode": "train", "epoch": 68}
{"loss": 0.040299832820892334, "acc": 0.9906172156333923, "length": 4.0, "mode": "test", "epoch": 68}
{"loss": 0.02378375269472599, "acc": 0.9929251074790955, "length": 3.999999523162842, "mode": "train", "epoch": 69}
{"loss": 0.053167469799518585, "acc": 0.9884340763092041, "length": 4.0, "mode": "test", "epoch": 69}
{"loss": 0.02468125708401203, "acc": 0.993156373500824, "length": 3.999999523162842, "mode": "train", "epoch": 70}
{"loss": 0.04460745304822922, "acc": 0.9885600209236145, "length": 4.0, "mode": "test", "epoch": 70}
{"loss": 0.015067392028868198, "acc": 0.9960352182388306, "length": 3.9999992847442627, "mode": "train", "epoch": 71}
{"loss": 0.041661832481622696, "acc": 0.9921284914016724, "length": 4.0, "mode": "test", "epoch": 71}
{"loss": 0.00977327860891819, "acc": 0.9981505870819092, "length": 3.999999761581421, "mode": "train", "epoch": 72}
{"loss": 0.04718292877078056, "acc": 0.9910370111465454, "length": 4.0, "mode": "test", "epoch": 72}
{"loss": 0.012372366152703762, "acc": 0.9975553750991821, "length": 4.0, "mode": "train", "epoch": 73}
{"loss": 0.028365451842546463, "acc": 0.9942905902862549, "length": 4.0, "mode": "test", "epoch": 73}
{"loss": 0.009024548344314098, "acc": 0.9985077977180481, "length": 3.999999523162842, "mode": "train", "epoch": 74}
{"loss": 0.03047364577651024, "acc": 0.9941856265068054, "length": 4.0, "mode": "test", "epoch": 74}
{"loss": 0.015960291028022766, "acc": 0.996182382106781, "length": 3.999999761581421, "mode": "train", "epoch": 75}
{"loss": 0.03568635135889053, "acc": 0.9919394850730896, "length": 4.0, "mode": "test", "epoch": 75}
{"loss": 0.008306649513542652, "acc": 0.9984029531478882, "length": 3.999999523162842, "mode": "train", "epoch": 76}
{"loss": 0.02233114466071129, "acc": 0.9947942495346069, "length": 4.0, "mode": "test", "epoch": 76}
{"loss": 0.008095333352684975, "acc": 0.9985218048095703, "length": 3.999999761581421, "mode": "train", "epoch": 77}
{"loss": 0.029633324593305588, "acc": 0.9952560663223267, "length": 4.0, "mode": "test", "epoch": 77}
{"loss": 0.008725069463253021, "acc": 0.9984938502311707, "length": 4.0, "mode": "train", "epoch": 78}
{"loss": 0.027144601568579674, "acc": 0.9955288767814636, "length": 4.0, "mode": "test", "epoch": 78}
{"loss": 0.013590963557362556, "acc": 0.9967427849769592, "length": 4.0, "mode": "train", "epoch": 79}
{"loss": 0.025406207889318466, "acc": 0.9929261803627014, "length": 4.0, "mode": "test", "epoch": 79}
{"loss": 0.022033609449863434, "acc": 0.9936745762825012, "length": 4.0, "mode": "train", "epoch": 80}
{"loss": 0.06848131120204926, "acc": 0.9803106188774109, "length": 4.0, "mode": "test", "epoch": 80}
{"loss": 0.03577955812215805, "acc": 0.9906627535820007, "length": 4.0, "mode": "train", "epoch": 81}
{"loss": 0.04587307572364807, "acc": 0.9886230826377869, "length": 4.0, "mode": "test", "epoch": 81}
{"loss": 0.014350570738315582, "acc": 0.9966166615486145, "length": 4.0, "mode": "train", "epoch": 82}
{"loss": 0.031383268535137177, "acc": 0.9940595626831055, "length": 4.0, "mode": "test", "epoch": 82}
{"loss": 0.0194452665746212, "acc": 0.9943471550941467, "length": 4.0, "mode": "train", "epoch": 83}
{"loss": 0.028651071712374687, "acc": 0.9932199120521545, "length": 4.0, "mode": "test", "epoch": 83}
{"loss": 0.011138691566884518, "acc": 0.9978426098823547, "length": 3.999999761581421, "mode": "train", "epoch": 84}
{"loss": 0.020847193896770477, "acc": 0.9953820109367371, "length": 4.0, "mode": "test", "epoch": 84}
{"loss": 0.010891543701291084, "acc": 0.9980177283287048, "length": 4.0, "mode": "train", "epoch": 85}
{"loss": 0.024810217320919037, "acc": 0.9949832558631897, "length": 4.0, "mode": "test", "epoch": 85}
{"loss": 0.012401008978486061, "acc": 0.9973872900009155, "length": 4.0, "mode": "train", "epoch": 86}
{"loss": 0.09686282277107239, "acc": 0.987825334072113, "length": 4.0, "mode": "test", "epoch": 86}
{"loss": 0.010518630966544151, "acc": 0.9979756474494934, "length": 4.0, "mode": "train", "epoch": 87}
{"loss": 0.018849700689315796, "acc": 0.9962635636329651, "length": 4.0, "mode": "test", "epoch": 87}
{"loss": 0.00945991650223732, "acc": 0.9976113438606262, "length": 4.0, "mode": "train", "epoch": 88}
{"loss": 0.035524699836969376, "acc": 0.9929891228675842, "length": 4.0, "mode": "test", "epoch": 88}
{"loss": 0.01266403030604124, "acc": 0.9968969821929932, "length": 4.0, "mode": "train", "epoch": 89}
{"loss": 0.039693914353847504, "acc": 0.991792619228363, "length": 4.0, "mode": "test", "epoch": 89}
{"loss": 0.0341440886259079, "acc": 0.9898640513420105, "length": 4.0, "mode": "train", "epoch": 90}
{"loss": 0.1283826231956482, "acc": 0.9753568768501282, "length": 4.0, "mode": "test", "epoch": 90}
{"loss": 0.02325396053493023, "acc": 0.9938007593154907, "length": 4.0, "mode": "train", "epoch": 91}
{"loss": 0.028341660276055336, "acc": 0.9937658309936523, "length": 4.0, "mode": "test", "epoch": 91}
{"loss": 0.012235092930495739, "acc": 0.9974502325057983, "length": 3.999999523162842, "mode": "train", "epoch": 92}
{"loss": 0.03132661059498787, "acc": 0.9938916563987732, "length": 4.0, "mode": "test", "epoch": 92}
{"loss": 0.012079412117600441, "acc": 0.9972470998764038, "length": 4.0, "mode": "train", "epoch": 93}
{"loss": 0.04055523872375488, "acc": 0.993681788444519, "length": 4.0, "mode": "test", "epoch": 93}
{"loss": 0.015613438561558723, "acc": 0.9958673119544983, "length": 4.0, "mode": "train", "epoch": 94}
{"loss": 0.04826062172651291, "acc": 0.9908481240272522, "length": 4.0, "mode": "test", "epoch": 94}
{"loss": 0.008684568107128143, "acc": 0.9981578588485718, "length": 4.0, "mode": "train", "epoch": 95}
{"loss": 0.031671468168497086, "acc": 0.9935138821601868, "length": 4.0, "mode": "test", "epoch": 95}
{"loss": 0.012773281894624233, "acc": 0.9969599843025208, "length": 4.0, "mode": "train", "epoch": 96}
{"loss": 0.0354338139295578, "acc": 0.990302324295044, "length": 4.0, "mode": "test", "epoch": 96}
{"loss": 0.00712555181235075, "acc": 0.9983537197113037, "length": 3.9999988079071045, "mode": "train", "epoch": 97}
{"loss": 0.02362121269106865, "acc": 0.9950671792030334, "length": 4.0, "mode": "test", "epoch": 97}
{"loss": 0.007445365656167269, "acc": 0.998473048210144, "length": 4.0, "mode": "train", "epoch": 98}
{"loss": 0.038142841309309006, "acc": 0.9932199120521545, "length": 4.0, "mode": "test", "epoch": 98}
{"loss": 0.006833791732788086, "acc": 0.9986481666564941, "length": 4.0, "mode": "train", "epoch": 99}
{"loss": 0.02885151281952858, "acc": 0.9949832558631897, "length": 4.0, "mode": "test", "epoch": 99}
{"loss": 0.006563520058989525, "acc": 0.9989211559295654, "length": 4.0, "mode": "train", "epoch": 100}
{"loss": 0.03306364268064499, "acc": 0.9935978055000305, "length": 4.0, "mode": "test", "epoch": 100}
test accuracy: 0.7473991513252258
