# ["--attributes=3", "--values=4", "--game_size=20", "--vocab_size_factor=3", "--n_epochs=100", "--batch_size=32", "--learning_rate=0.0005", "--hidden_size=256", "--temp_update=0.97", "--temperature=1"]
Creating train_ds and val_ds...

Creating test_ds...
{"loss": 0.5959786176681519, "acc": 0.6628244519233704, "length": 2.8624587059020996, "mode": "train", "epoch": 1}
{"loss": 0.41327500343322754, "acc": 0.8370990753173828, "length": 3.588815689086914, "mode": "test", "epoch": 1}
{"loss": 0.38106945157051086, "acc": 0.8359683752059937, "length": 3.640247344970703, "mode": "train", "epoch": 2}
{"loss": 0.367156058549881, "acc": 0.8481265902519226, "length": 3.7302632331848145, "mode": "test", "epoch": 2}
{"loss": 0.3205653131008148, "acc": 0.8707708120346069, "length": 3.6672167778015137, "mode": "train", "epoch": 3}
{"loss": 0.29748496413230896, "acc": 0.8865497708320618, "length": 3.716282844543457, "mode": "test", "epoch": 3}
{"loss": 0.27852755784988403, "acc": 0.8934463262557983, "length": 3.6763439178466797, "mode": "train", "epoch": 4}
{"loss": 0.2688845992088318, "acc": 0.9050588011741638, "length": 3.6891448497772217, "mode": "test", "epoch": 4}
{"loss": 0.26148125529289246, "acc": 0.9018338918685913, "length": 3.6825995445251465, "mode": "train", "epoch": 5}
{"loss": 0.24526573717594147, "acc": 0.9126388430595398, "length": 3.7870066165924072, "mode": "test", "epoch": 5}
{"loss": 0.2495637834072113, "acc": 0.9075488448143005, "length": 3.694509267807007, "mode": "train", "epoch": 6}
{"loss": 0.23592527210712433, "acc": 0.9153282046318054, "length": 3.7360198497772217, "mode": "test", "epoch": 6}
{"loss": 0.23673714697360992, "acc": 0.9112715125083923, "length": 3.7000234127044678, "mode": "train", "epoch": 7}
{"loss": 0.2307012975215912, "acc": 0.9171631336212158, "length": 3.7154605388641357, "mode": "test", "epoch": 7}
{"loss": 0.21968470513820648, "acc": 0.9174690246582031, "length": 3.708787441253662, "mode": "train", "epoch": 8}
{"loss": 0.20678652822971344, "acc": 0.923855721950531, "length": 3.7590460777282715, "mode": "test", "epoch": 8}
{"loss": 0.19728690385818481, "acc": 0.9277088642120361, "length": 3.7111148834228516, "mode": "train", "epoch": 9}
{"loss": 0.17385463416576385, "acc": 0.9390296936035156, "length": 3.752467155456543, "mode": "test", "epoch": 9}
{"loss": 0.17114906013011932, "acc": 0.9369803667068481, "length": 3.7571029663085938, "mode": "train", "epoch": 10}
{"loss": 0.16449955105781555, "acc": 0.9426372051239014, "length": 3.8125, "mode": "test", "epoch": 10}
{"loss": 0.16233956813812256, "acc": 0.9423194527626038, "length": 3.791971445083618, "mode": "train", "epoch": 11}
{"loss": 0.1447724997997284, "acc": 0.9495187997817993, "length": 3.8092105388641357, "mode": "test", "epoch": 11}
{"loss": 0.1480138897895813, "acc": 0.9472900629043579, "length": 3.7937228679656982, "mode": "train", "epoch": 12}
{"loss": 0.13125687837600708, "acc": 0.9564408659934998, "length": 3.8190789222717285, "mode": "test", "epoch": 12}
{"loss": 0.13809511065483093, "acc": 0.9523770213127136, "length": 3.7950825691223145, "mode": "train", "epoch": 13}
{"loss": 0.13374142348766327, "acc": 0.952289879322052, "length": 3.82072377204895, "mode": "test", "epoch": 13}
{"loss": 0.13264361023902893, "acc": 0.9539012312889099, "length": 3.7969937324523926, "mode": "train", "epoch": 14}
{"loss": 0.13677048683166504, "acc": 0.9555934071540833, "length": 3.82072377204895, "mode": "test", "epoch": 14}
{"loss": 0.13133254647254944, "acc": 0.9555255174636841, "length": 3.798234701156616, "mode": "train", "epoch": 15}
{"loss": 0.1254100799560547, "acc": 0.9611867666244507, "length": 3.82072377204895, "mode": "test", "epoch": 15}
{"loss": 0.13384601473808289, "acc": 0.9549495577812195, "length": 3.7988669872283936, "mode": "train", "epoch": 16}
{"loss": 0.13131053745746613, "acc": 0.955410897731781, "length": 3.82072377204895, "mode": "test", "epoch": 16}
{"loss": 0.14616593718528748, "acc": 0.9485893845558167, "length": 3.7958734035491943, "mode": "train", "epoch": 17}
{"loss": 0.16510216891765594, "acc": 0.9395771026611328, "length": 3.82072377204895, "mode": "test", "epoch": 17}
{"loss": 0.1366785168647766, "acc": 0.9502130150794983, "length": 3.799935817718506, "mode": "train", "epoch": 18}
{"loss": 0.1307097226381302, "acc": 0.9566959738731384, "length": 3.8404605388641357, "mode": "test", "epoch": 18}
{"loss": 0.13406670093536377, "acc": 0.9524915218353271, "length": 3.8027734756469727, "mode": "train", "epoch": 19}
{"loss": 0.12555381655693054, "acc": 0.9553633332252502, "length": 3.82072377204895, "mode": "test", "epoch": 19}
{"loss": 0.11565010249614716, "acc": 0.9595479369163513, "length": 3.795957088470459, "mode": "train", "epoch": 20}
{"loss": 0.11506462097167969, "acc": 0.9594854116439819, "length": 3.8223683834075928, "mode": "test", "epoch": 20}
{"loss": 0.11079318821430206, "acc": 0.9627001881599426, "length": 3.7978756427764893, "mode": "train", "epoch": 21}
{"loss": 0.10557080805301666, "acc": 0.9696893095970154, "length": 3.82072377204895, "mode": "test", "epoch": 21}
{"loss": 0.10576819628477097, "acc": 0.9651828408241272, "length": 3.7969412803649902, "mode": "train", "epoch": 22}
{"loss": 0.10334968566894531, "acc": 0.9712081551551819, "length": 3.82072377204895, "mode": "test", "epoch": 22}
{"loss": 0.11153779178857803, "acc": 0.9629993438720703, "length": 3.795947790145874, "mode": "train", "epoch": 23}
{"loss": 0.1300019919872284, "acc": 0.9570518136024475, "length": 3.8215460777282715, "mode": "test", "epoch": 23}
{"loss": 0.11158111691474915, "acc": 0.9642655849456787, "length": 3.7991645336151123, "mode": "train", "epoch": 24}
{"loss": 0.10229647159576416, "acc": 0.9697798490524292, "length": 3.8338816165924072, "mode": "test", "epoch": 24}
{"loss": 0.10359205305576324, "acc": 0.9651929140090942, "length": 3.802061080932617, "mode": "train", "epoch": 25}
{"loss": 0.10344679653644562, "acc": 0.9686041474342346, "length": 3.81990122795105, "mode": "test", "epoch": 25}
{"loss": 0.08978394418954849, "acc": 0.9707537293434143, "length": 3.7967758178710938, "mode": "train", "epoch": 26}
{"loss": 0.08698465675115585, "acc": 0.9722367525100708, "length": 3.82072377204895, "mode": "test", "epoch": 26}
{"loss": 0.09283018112182617, "acc": 0.9703304767608643, "length": 3.8139700889587402, "mode": "train", "epoch": 27}
{"loss": 0.09543837606906891, "acc": 0.9690608978271484, "length": 3.8322367668151855, "mode": "test", "epoch": 27}
{"loss": 0.10154660046100616, "acc": 0.966991126537323, "length": 3.8128840923309326, "mode": "train", "epoch": 28}
{"loss": 0.0878029316663742, "acc": 0.9737890362739563, "length": 3.8297698497772217, "mode": "test", "epoch": 28}
{"loss": 0.10658781975507736, "acc": 0.965858519077301, "length": 3.817262649536133, "mode": "train", "epoch": 29}
{"loss": 0.10967538505792618, "acc": 0.966934323310852, "length": 3.83634877204895, "mode": "test", "epoch": 29}
{"loss": 0.09914349764585495, "acc": 0.9690563082695007, "length": 3.8019514083862305, "mode": "train", "epoch": 30}
{"loss": 0.1157991886138916, "acc": 0.9666381478309631, "length": 3.81990122795105, "mode": "test", "epoch": 30}
{"loss": 0.1025681272149086, "acc": 0.9691696166992188, "length": 3.797441005706787, "mode": "train", "epoch": 31}
{"loss": 0.10745015740394592, "acc": 0.9675684571266174, "length": 3.8240132331848145, "mode": "test", "epoch": 31}
{"loss": 0.09248785674571991, "acc": 0.9712920784950256, "length": 3.7969698905944824, "mode": "train", "epoch": 32}
{"loss": 0.0850648283958435, "acc": 0.9755049347877502, "length": 3.82072377204895, "mode": "test", "epoch": 32}
{"loss": 0.08077261596918106, "acc": 0.9753628969192505, "length": 3.797640323638916, "mode": "train", "epoch": 33}
{"loss": 0.08179410547018051, "acc": 0.9742393493652344, "length": 3.8338816165924072, "mode": "test", "epoch": 33}
{"loss": 0.08563781529664993, "acc": 0.9727743268013, "length": 3.8056955337524414, "mode": "train", "epoch": 34}
{"loss": 0.10991004854440689, "acc": 0.9642648100852966, "length": 3.8338816165924072, "mode": "test", "epoch": 34}
{"loss": 0.09225066751241684, "acc": 0.9683912992477417, "length": 3.824835777282715, "mode": "train", "epoch": 35}
{"loss": 0.08541054278612137, "acc": 0.9713808298110962, "length": 3.8585526943206787, "mode": "test", "epoch": 35}
{"loss": 0.09430412948131561, "acc": 0.9686977863311768, "length": 3.843240737915039, "mode": "train", "epoch": 36}
{"loss": 0.08772169798612595, "acc": 0.9718928933143616, "length": 3.861842155456543, "mode": "test", "epoch": 36}
{"loss": 0.09494572132825851, "acc": 0.9678888320922852, "length": 3.8433127403259277, "mode": "train", "epoch": 37}
{"loss": 0.09315408766269684, "acc": 0.9708380699157715, "length": 3.861842155456543, "mode": "test", "epoch": 37}
{"loss": 0.0797717347741127, "acc": 0.9738141894340515, "length": 3.8429489135742188, "mode": "train", "epoch": 38}
{"loss": 0.076151043176651, "acc": 0.9771689176559448, "length": 3.861842155456543, "mode": "test", "epoch": 38}
{"loss": 0.08261571824550629, "acc": 0.9730137586593628, "length": 3.8430302143096924, "mode": "train", "epoch": 39}
{"loss": 0.08267543464899063, "acc": 0.9717234373092651, "length": 3.861842155456543, "mode": "test", "epoch": 39}
{"loss": 0.08709199726581573, "acc": 0.9716746211051941, "length": 3.8427395820617676, "mode": "train", "epoch": 40}
{"loss": 0.08603370189666748, "acc": 0.9730378985404968, "length": 3.861842155456543, "mode": "test", "epoch": 40}
{"loss": 0.10919897258281708, "acc": 0.9644950032234192, "length": 3.838218927383423, "mode": "train", "epoch": 41}
{"loss": 0.2553197145462036, "acc": 0.9270797371864319, "length": 3.830592155456543, "mode": "test", "epoch": 41}
{"loss": 0.1431894749403, "acc": 0.952989935874939, "length": 3.8021345138549805, "mode": "train", "epoch": 42}
{"loss": 0.09754659980535507, "acc": 0.9721364378929138, "length": 3.8289473056793213, "mode": "test", "epoch": 42}
{"loss": 0.09868323057889938, "acc": 0.9675415754318237, "length": 3.804330825805664, "mode": "train", "epoch": 43}
{"loss": 0.10065801441669464, "acc": 0.9671458005905151, "length": 3.828125, "mode": "test", "epoch": 43}
{"loss": 0.10094141960144043, "acc": 0.9659861326217651, "length": 3.799142837524414, "mode": "train", "epoch": 44}
{"loss": 0.0860874205827713, "acc": 0.9719340801239014, "length": 3.82072377204895, "mode": "test", "epoch": 44}
{"loss": 0.09556908905506134, "acc": 0.9689450263977051, "length": 3.8016066551208496, "mode": "train", "epoch": 45}
{"loss": 0.09958522766828537, "acc": 0.9697741270065308, "length": 3.8297698497772217, "mode": "test", "epoch": 45}
{"loss": 0.08067049086093903, "acc": 0.9740585684776306, "length": 3.7997217178344727, "mode": "train", "epoch": 46}
{"loss": 0.07516898959875107, "acc": 0.9781885743141174, "length": 3.825657844543457, "mode": "test", "epoch": 46}
{"loss": 0.07566168159246445, "acc": 0.9754626750946045, "length": 3.800445556640625, "mode": "train", "epoch": 47}
{"loss": 0.06996019929647446, "acc": 0.9799168109893799, "length": 3.8223683834075928, "mode": "test", "epoch": 47}
{"loss": 0.06548620760440826, "acc": 0.9803095459938049, "length": 3.7978386878967285, "mode": "train", "epoch": 48}
{"loss": 0.06558926403522491, "acc": 0.9822786450386047, "length": 3.82072377204895, "mode": "test", "epoch": 48}
{"loss": 0.0830434039235115, "acc": 0.9742193818092346, "length": 3.7963180541992188, "mode": "train", "epoch": 49}
{"loss": 0.10078587383031845, "acc": 0.9690116047859192, "length": 3.82072377204895, "mode": "test", "epoch": 49}
{"loss": 0.0767945796251297, "acc": 0.9762319326400757, "length": 3.796192169189453, "mode": "train", "epoch": 50}
{"loss": 0.07377030700445175, "acc": 0.9792441129684448, "length": 3.82072377204895, "mode": "test", "epoch": 50}
{"loss": 0.07373017817735672, "acc": 0.9771631956100464, "length": 3.796389579772949, "mode": "train", "epoch": 51}
{"loss": 0.06427748501300812, "acc": 0.9814651608467102, "length": 3.82072377204895, "mode": "test", "epoch": 51}
{"loss": 0.05985065549612045, "acc": 0.9814822673797607, "length": 3.7973668575286865, "mode": "train", "epoch": 52}
{"loss": 0.05794176459312439, "acc": 0.9819427132606506, "length": 3.82072377204895, "mode": "test", "epoch": 52}
{"loss": 0.05763217434287071, "acc": 0.9822443127632141, "length": 3.7974424362182617, "mode": "train", "epoch": 53}
{"loss": 0.06887655705213547, "acc": 0.9766119122505188, "length": 3.82072377204895, "mode": "test", "epoch": 53}
{"loss": 0.07696087658405304, "acc": 0.9771688580513, "length": 3.799142837524414, "mode": "train", "epoch": 54}
{"loss": 0.07347571849822998, "acc": 0.978157639503479, "length": 3.82072377204895, "mode": "test", "epoch": 54}
{"loss": 0.07239968329668045, "acc": 0.9780393838882446, "length": 3.796652317047119, "mode": "train", "epoch": 55}
{"loss": 0.10105127096176147, "acc": 0.9712119698524475, "length": 3.82072377204895, "mode": "test", "epoch": 55}
{"loss": 0.07815097272396088, "acc": 0.9769836664199829, "length": 3.797320604324341, "mode": "train", "epoch": 56}
{"loss": 0.07673972100019455, "acc": 0.9772050976753235, "length": 3.82072377204895, "mode": "test", "epoch": 56}
{"loss": 0.060647279024124146, "acc": 0.9821903705596924, "length": 3.7980756759643555, "mode": "train", "epoch": 57}
{"loss": 0.05301720276474953, "acc": 0.9862169027328491, "length": 3.82072377204895, "mode": "test", "epoch": 57}
{"loss": 0.05672430247068405, "acc": 0.983784019947052, "length": 3.8001980781555176, "mode": "train", "epoch": 58}
{"loss": 0.05145454779267311, "acc": 0.9868042469024658, "length": 3.82072377204895, "mode": "test", "epoch": 58}
{"loss": 0.055448923259973526, "acc": 0.9848291873931885, "length": 3.799651861190796, "mode": "train", "epoch": 59}
{"loss": 0.060149285942316055, "acc": 0.9843481183052063, "length": 3.8215460777282715, "mode": "test", "epoch": 59}
{"loss": 0.05530862510204315, "acc": 0.984936535358429, "length": 3.8034353256225586, "mode": "train", "epoch": 60}
{"loss": 0.054799411445856094, "acc": 0.9851171374320984, "length": 3.82072377204895, "mode": "test", "epoch": 60}
{"loss": 0.05363982543349266, "acc": 0.9845162034034729, "length": 3.796689748764038, "mode": "train", "epoch": 61}
{"loss": 0.051662035286426544, "acc": 0.9866911172866821, "length": 3.82072377204895, "mode": "test", "epoch": 61}
{"loss": 0.04605391249060631, "acc": 0.9871021509170532, "length": 3.7973244190216064, "mode": "train", "epoch": 62}
{"loss": 0.0433606393635273, "acc": 0.9877395629882812, "length": 3.82072377204895, "mode": "test", "epoch": 62}
{"loss": 0.04750671237707138, "acc": 0.9858414530754089, "length": 3.797238349914551, "mode": "train", "epoch": 63}
{"loss": 0.04833822697401047, "acc": 0.9870887398719788, "length": 3.82072377204895, "mode": "test", "epoch": 63}
{"loss": 0.0561528317630291, "acc": 0.9837344884872437, "length": 3.7978687286376953, "mode": "train", "epoch": 64}
{"loss": 0.07079091668128967, "acc": 0.9769865274429321, "length": 3.82072377204895, "mode": "test", "epoch": 64}
{"loss": 0.06553972512483597, "acc": 0.9808362126350403, "length": 3.8048062324523926, "mode": "train", "epoch": 65}
{"loss": 0.07658692449331284, "acc": 0.9794600605964661, "length": 3.82072377204895, "mode": "test", "epoch": 65}
{"loss": 0.06442846357822418, "acc": 0.9795407056808472, "length": 3.796691656112671, "mode": "train", "epoch": 66}
{"loss": 0.0675489529967308, "acc": 0.9762778878211975, "length": 3.8264801502227783, "mode": "test", "epoch": 66}
{"loss": 0.06763044744729996, "acc": 0.9774816632270813, "length": 3.80281138420105, "mode": "train", "epoch": 67}
{"loss": 0.0665990561246872, "acc": 0.9795422554016113, "length": 3.8297698497772217, "mode": "test", "epoch": 67}
{"loss": 0.06975022703409195, "acc": 0.9779825210571289, "length": 3.802607297897339, "mode": "train", "epoch": 68}
{"loss": 0.07149859517812729, "acc": 0.9790520668029785, "length": 3.82072377204895, "mode": "test", "epoch": 68}
{"loss": 0.07433290034532547, "acc": 0.976124107837677, "length": 3.7974894046783447, "mode": "train", "epoch": 69}
{"loss": 0.06223189830780029, "acc": 0.9813207387924194, "length": 3.82072377204895, "mode": "test", "epoch": 69}
{"loss": 0.060670409351587296, "acc": 0.9815762042999268, "length": 3.7967889308929443, "mode": "train", "epoch": 70}
{"loss": 0.060709401965141296, "acc": 0.9824097156524658, "length": 3.82072377204895, "mode": "test", "epoch": 70}
{"loss": 0.056338824331760406, "acc": 0.9830661416053772, "length": 3.7961442470550537, "mode": "train", "epoch": 71}
{"loss": 0.06463725119829178, "acc": 0.9818468689918518, "length": 3.82072377204895, "mode": "test", "epoch": 71}
{"loss": 0.06451283395290375, "acc": 0.9800432920455933, "length": 3.79630184173584, "mode": "train", "epoch": 72}
{"loss": 0.057854924350976944, "acc": 0.9820223450660706, "length": 3.82072377204895, "mode": "test", "epoch": 72}
{"loss": 0.06147482991218567, "acc": 0.9806469082832336, "length": 3.7966244220733643, "mode": "train", "epoch": 73}
{"loss": 0.05310637131333351, "acc": 0.9837011098861694, "length": 3.82072377204895, "mode": "test", "epoch": 73}
{"loss": 0.06427941471338272, "acc": 0.9804615378379822, "length": 3.797220230102539, "mode": "train", "epoch": 74}
{"loss": 0.07040612399578094, "acc": 0.9796386361122131, "length": 3.82072377204895, "mode": "test", "epoch": 74}
{"loss": 0.05778484046459198, "acc": 0.9819359183311462, "length": 3.807605504989624, "mode": "train", "epoch": 75}
{"loss": 0.05508318915963173, "acc": 0.9853869080543518, "length": 3.82072377204895, "mode": "test", "epoch": 75}
{"loss": 0.04502098262310028, "acc": 0.9865275025367737, "length": 3.7993619441986084, "mode": "train", "epoch": 76}
{"loss": 0.06107933819293976, "acc": 0.9838455319404602, "length": 3.833059310913086, "mode": "test", "epoch": 76}
{"loss": 0.04219108819961548, "acc": 0.9878867268562317, "length": 3.7989189624786377, "mode": "train", "epoch": 77}
{"loss": 0.04639904946088791, "acc": 0.9868665933609009, "length": 3.82072377204895, "mode": "test", "epoch": 77}
{"loss": 0.04314851760864258, "acc": 0.9868472218513489, "length": 3.7963268756866455, "mode": "train", "epoch": 78}
{"loss": 0.04456138610839844, "acc": 0.9871119260787964, "length": 3.82072377204895, "mode": "test", "epoch": 78}
{"loss": 0.03802919760346413, "acc": 0.9876428246498108, "length": 3.79636549949646, "mode": "train", "epoch": 79}
{"loss": 0.034375980496406555, "acc": 0.9905973672866821, "length": 3.82072377204895, "mode": "test", "epoch": 79}
{"loss": 0.04018554836511612, "acc": 0.9875007271766663, "length": 3.7962851524353027, "mode": "train", "epoch": 80}
{"loss": 0.03973008692264557, "acc": 0.9893741607666016, "length": 3.82072377204895, "mode": "test", "epoch": 80}
{"loss": 0.05681337043642998, "acc": 0.982947826385498, "length": 3.796515941619873, "mode": "train", "epoch": 81}
{"loss": 0.05583096295595169, "acc": 0.9829236268997192, "length": 3.82072377204895, "mode": "test", "epoch": 81}
{"loss": 0.048493143171072006, "acc": 0.9844038486480713, "length": 3.7964844703674316, "mode": "train", "epoch": 82}
{"loss": 0.040550850331783295, "acc": 0.9890220761299133, "length": 3.82072377204895, "mode": "test", "epoch": 82}
{"loss": 0.03457691892981529, "acc": 0.9896105527877808, "length": 3.7963876724243164, "mode": "train", "epoch": 83}
{"loss": 0.032311324030160904, "acc": 0.990646243095398, "length": 3.82072377204895, "mode": "test", "epoch": 83}
{"loss": 0.031183645129203796, "acc": 0.9907052516937256, "length": 3.7963998317718506, "mode": "train", "epoch": 84}
{"loss": 0.02897077240049839, "acc": 0.9918713569641113, "length": 3.82072377204895, "mode": "test", "epoch": 84}
{"loss": 0.027123574167490005, "acc": 0.9916083812713623, "length": 3.7966408729553223, "mode": "train", "epoch": 85}
{"loss": 0.03548462316393852, "acc": 0.9893748760223389, "length": 3.82072377204895, "mode": "test", "epoch": 85}
{"loss": 0.025276409462094307, "acc": 0.992214024066925, "length": 3.7962448596954346, "mode": "train", "epoch": 86}
{"loss": 0.0265449658036232, "acc": 0.9924232363700867, "length": 3.82072377204895, "mode": "test", "epoch": 86}
{"loss": 0.027965789660811424, "acc": 0.9914446473121643, "length": 3.7967922687530518, "mode": "train", "epoch": 87}
{"loss": 0.04085751250386238, "acc": 0.9894832968711853, "length": 3.8223683834075928, "mode": "test", "epoch": 87}
{"loss": 0.03524129465222359, "acc": 0.9907255172729492, "length": 3.7965919971466064, "mode": "train", "epoch": 88}
{"loss": 0.041721150279045105, "acc": 0.9882105588912964, "length": 3.8190789222717285, "mode": "test", "epoch": 88}
{"loss": 0.035686276853084564, "acc": 0.9892988204956055, "length": 3.7962515354156494, "mode": "train", "epoch": 89}
{"loss": 0.07156095653772354, "acc": 0.9768593311309814, "length": 3.8240132331848145, "mode": "test", "epoch": 89}
{"loss": 0.04867446422576904, "acc": 0.9853323101997375, "length": 3.7999391555786133, "mode": "train", "epoch": 90}
{"loss": 0.04270058125257492, "acc": 0.9863981008529663, "length": 3.82072377204895, "mode": "test", "epoch": 90}
{"loss": 0.03537296503782272, "acc": 0.9890097379684448, "length": 3.7970211505889893, "mode": "train", "epoch": 91}
{"loss": 0.058701999485492706, "acc": 0.984035074710846, "length": 3.817434310913086, "mode": "test", "epoch": 91}
{"loss": 0.0338018499314785, "acc": 0.989169716835022, "length": 3.799173593521118, "mode": "train", "epoch": 92}
{"loss": 0.036594536155462265, "acc": 0.9890503287315369, "length": 3.82072377204895, "mode": "test", "epoch": 92}
{"loss": 0.03356529399752617, "acc": 0.9896979928016663, "length": 3.79750394821167, "mode": "train", "epoch": 93}
{"loss": 0.033404722809791565, "acc": 0.9901257753372192, "length": 3.82072377204895, "mode": "test", "epoch": 93}
{"loss": 0.027119651436805725, "acc": 0.9919587969779968, "length": 3.79959774017334, "mode": "train", "epoch": 94}
{"loss": 0.031425267457962036, "acc": 0.9913728833198547, "length": 3.82072377204895, "mode": "test", "epoch": 94}
{"loss": 0.03721283748745918, "acc": 0.9899410605430603, "length": 3.8056724071502686, "mode": "train", "epoch": 95}
{"loss": 0.041964977979660034, "acc": 0.9885305166244507, "length": 3.83552622795105, "mode": "test", "epoch": 95}
{"loss": 0.0449003130197525, "acc": 0.9872740507125854, "length": 3.81261944770813, "mode": "train", "epoch": 96}
{"loss": 0.05452500656247139, "acc": 0.9861578941345215, "length": 3.83552622795105, "mode": "test", "epoch": 96}
{"loss": 0.03699856996536255, "acc": 0.989201545715332, "length": 3.8140289783477783, "mode": "train", "epoch": 97}
{"loss": 0.04236319661140442, "acc": 0.9907741546630859, "length": 3.83552622795105, "mode": "test", "epoch": 97}
{"loss": 0.04192169010639191, "acc": 0.9870734810829163, "length": 3.810645580291748, "mode": "train", "epoch": 98}
{"loss": 0.033934805542230606, "acc": 0.9916247129440308, "length": 3.8338816165924072, "mode": "test", "epoch": 98}
{"loss": 0.0327879935503006, "acc": 0.9906120896339417, "length": 3.8056812286376953, "mode": "train", "epoch": 99}
{"loss": 0.04437587037682533, "acc": 0.9899041056632996, "length": 3.8338816165924072, "mode": "test", "epoch": 99}
{"loss": 0.05974970757961273, "acc": 0.9807604551315308, "length": 3.8020870685577393, "mode": "train", "epoch": 100}
{"loss": 0.05058973282575607, "acc": 0.9857088327407837, "length": 3.81990122795105, "mode": "test", "epoch": 100}
test accuracy: 0.742066502571106
