# ["--attributes=3", "--values=4", "--game_size=20", "--vocab_size_factor=3", "--n_epochs=100", "--batch_size=32", "--learning_rate=0.0005", "--hidden_size=256", "--temp_update=0.99", "--temperature=1.5"]
Creating train_ds and val_ds...

Creating test_ds...
{"loss": 0.6168602705001831, "acc": 0.6407378911972046, "length": 2.6034560203552246, "mode": "train", "epoch": 1}
{"loss": 0.4841369390487671, "acc": 0.7814648151397705, "length": 3.3347387313842773, "mode": "test", "epoch": 1}
{"loss": 0.3939259648323059, "acc": 0.835733950138092, "length": 3.4738621711730957, "mode": "train", "epoch": 2}
{"loss": 0.41635459661483765, "acc": 0.8172276616096497, "length": 3.5126476287841797, "mode": "test", "epoch": 2}
{"loss": 0.3386489450931549, "acc": 0.8637095093727112, "length": 3.557840585708618, "mode": "train", "epoch": 3}
{"loss": 0.3705999255180359, "acc": 0.8444291353225708, "length": 3.5455312728881836, "mode": "test", "epoch": 3}
{"loss": 0.3069177567958832, "acc": 0.8730953931808472, "length": 3.591958999633789, "mode": "train", "epoch": 4}
{"loss": 0.326244980096817, "acc": 0.8578817248344421, "length": 3.524451971054077, "mode": "test", "epoch": 4}
{"loss": 0.2811889052391052, "acc": 0.8800877928733826, "length": 3.595909833908081, "mode": "train", "epoch": 5}
{"loss": 0.3100205957889557, "acc": 0.8630934953689575, "length": 3.6399662494659424, "mode": "test", "epoch": 5}
{"loss": 0.25184428691864014, "acc": 0.8953244686126709, "length": 3.634798526763916, "mode": "train", "epoch": 6}
{"loss": 0.2931671142578125, "acc": 0.8746693730354309, "length": 3.6644182205200195, "mode": "test", "epoch": 6}
{"loss": 0.24035561084747314, "acc": 0.9039803147315979, "length": 3.7509965896606445, "mode": "train", "epoch": 7}
{"loss": 0.24447697401046753, "acc": 0.9148015379905701, "length": 3.9165260791778564, "mode": "test", "epoch": 7}
{"loss": 0.20065836608409882, "acc": 0.9216169118881226, "length": 3.900747776031494, "mode": "train", "epoch": 8}
{"loss": 0.22344383597373962, "acc": 0.9210851192474365, "length": 3.9924113750457764, "mode": "test", "epoch": 8}
{"loss": 0.18400892615318298, "acc": 0.9306221604347229, "length": 3.918835401535034, "mode": "train", "epoch": 9}
{"loss": 0.204970121383667, "acc": 0.9283306002616882, "length": 4.0, "mode": "test", "epoch": 9}
{"loss": 0.15626183152198792, "acc": 0.9429713487625122, "length": 3.967926502227783, "mode": "train", "epoch": 10}
{"loss": 0.17495660483837128, "acc": 0.9414418339729309, "length": 4.0, "mode": "test", "epoch": 10}
{"loss": 0.14537255465984344, "acc": 0.9474082589149475, "length": 3.9895882606506348, "mode": "train", "epoch": 11}
{"loss": 0.1665228009223938, "acc": 0.946964681148529, "length": 4.0, "mode": "test", "epoch": 11}
{"loss": 0.14120976626873016, "acc": 0.9471691250801086, "length": 3.9913203716278076, "mode": "train", "epoch": 12}
{"loss": 0.15466393530368805, "acc": 0.9481661319732666, "length": 4.0, "mode": "test", "epoch": 12}
{"loss": 0.13257701694965363, "acc": 0.949828565120697, "length": 3.994318723678589, "mode": "train", "epoch": 13}
{"loss": 0.1417979747056961, "acc": 0.9518970847129822, "length": 4.0, "mode": "test", "epoch": 13}
{"loss": 0.11376805603504181, "acc": 0.9574801921844482, "length": 3.99642276763916, "mode": "train", "epoch": 14}
{"loss": 0.1293347030878067, "acc": 0.9500632286071777, "length": 4.0, "mode": "test", "epoch": 14}
{"loss": 0.10738029330968857, "acc": 0.9608834981918335, "length": 3.997810125350952, "mode": "train", "epoch": 15}
{"loss": 0.1236482784152031, "acc": 0.9624156355857849, "length": 4.0, "mode": "test", "epoch": 15}
{"loss": 0.10053862631320953, "acc": 0.9636359810829163, "length": 3.9981729984283447, "mode": "train", "epoch": 16}
{"loss": 0.1327698975801468, "acc": 0.9599705338478088, "length": 4.0, "mode": "test", "epoch": 16}
{"loss": 0.09286817163228989, "acc": 0.9679679870605469, "length": 3.9989731311798096, "mode": "train", "epoch": 17}
{"loss": 0.11601217091083527, "acc": 0.9685919284820557, "length": 4.0, "mode": "test", "epoch": 17}
{"loss": 0.08139771223068237, "acc": 0.973124086856842, "length": 3.998778820037842, "mode": "train", "epoch": 18}
{"loss": 0.11317146569490433, "acc": 0.9633641839027405, "length": 4.0, "mode": "test", "epoch": 18}
{"loss": 0.07494925707578659, "acc": 0.9754782319068909, "length": 3.9988861083984375, "mode": "train", "epoch": 19}
{"loss": 0.0943186804652214, "acc": 0.9698988795280457, "length": 4.0, "mode": "test", "epoch": 19}
{"loss": 0.07326336950063705, "acc": 0.9756162762641907, "length": 3.9991447925567627, "mode": "train", "epoch": 20}
{"loss": 0.09375419467687607, "acc": 0.9707419276237488, "length": 4.0, "mode": "test", "epoch": 20}
{"loss": 0.06907189637422562, "acc": 0.9774463176727295, "length": 3.9991559982299805, "mode": "train", "epoch": 21}
{"loss": 0.11154066771268845, "acc": 0.9676432609558105, "length": 4.0, "mode": "test", "epoch": 21}
{"loss": 0.07176952064037323, "acc": 0.976845920085907, "length": 3.999433755874634, "mode": "train", "epoch": 22}
{"loss": 0.08621774613857269, "acc": 0.9750632047653198, "length": 4.0, "mode": "test", "epoch": 22}
{"loss": 0.06057995930314064, "acc": 0.9807935357093811, "length": 3.999483346939087, "mode": "train", "epoch": 23}
{"loss": 0.09140157699584961, "acc": 0.968971312046051, "length": 4.0, "mode": "test", "epoch": 23}
{"loss": 0.05511724203824997, "acc": 0.9826335310935974, "length": 3.999699592590332, "mode": "train", "epoch": 24}
{"loss": 0.06555964797735214, "acc": 0.9821036458015442, "length": 4.0, "mode": "test", "epoch": 24}
{"loss": 0.04932553321123123, "acc": 0.984657347202301, "length": 3.99965238571167, "mode": "train", "epoch": 25}
{"loss": 0.08411134779453278, "acc": 0.9753372669219971, "length": 4.0, "mode": "test", "epoch": 25}
{"loss": 0.04652776941657066, "acc": 0.9863366484642029, "length": 3.9997591972351074, "mode": "train", "epoch": 26}
{"loss": 0.07437938451766968, "acc": 0.9791104197502136, "length": 4.0, "mode": "test", "epoch": 26}
{"loss": 0.04610386863350868, "acc": 0.985065221786499, "length": 3.999805450439453, "mode": "train", "epoch": 27}
{"loss": 0.08324792236089706, "acc": 0.9802697896957397, "length": 4.0, "mode": "test", "epoch": 27}
{"loss": 0.04639730229973793, "acc": 0.9846949577331543, "length": 3.9998576641082764, "mode": "train", "epoch": 28}
{"loss": 0.10998047143220901, "acc": 0.9680650234222412, "length": 4.0, "mode": "test", "epoch": 28}
{"loss": 0.04185604304075241, "acc": 0.9875127673149109, "length": 3.9998273849487305, "mode": "train", "epoch": 29}
{"loss": 0.07431171834468842, "acc": 0.9775928854942322, "length": 4.0, "mode": "test", "epoch": 29}
{"loss": 0.039658479392528534, "acc": 0.9879016876220703, "length": 3.999798059463501, "mode": "train", "epoch": 30}
{"loss": 0.07210097461938858, "acc": 0.9810918569564819, "length": 4.0, "mode": "test", "epoch": 30}
{"loss": 0.04431263357400894, "acc": 0.9865579605102539, "length": 3.999849796295166, "mode": "train", "epoch": 31}
{"loss": 0.06279696524143219, "acc": 0.9849072098731995, "length": 4.0, "mode": "test", "epoch": 31}
{"loss": 0.027361011132597923, "acc": 0.9924620985984802, "length": 3.9998879432678223, "mode": "train", "epoch": 32}
{"loss": 0.057971566915512085, "acc": 0.9880269169807434, "length": 4.0, "mode": "test", "epoch": 32}
{"loss": 0.03081517107784748, "acc": 0.9905470609664917, "length": 3.999896764755249, "mode": "train", "epoch": 33}
{"loss": 0.0424734465777874, "acc": 0.9891440868377686, "length": 4.0, "mode": "test", "epoch": 33}
{"loss": 0.027106814086437225, "acc": 0.9919271469116211, "length": 3.9998998641967773, "mode": "train", "epoch": 34}
{"loss": 0.053105905652046204, "acc": 0.9842747449874878, "length": 4.0, "mode": "test", "epoch": 34}
{"loss": 0.029241448268294334, "acc": 0.9918383359909058, "length": 3.9999492168426514, "mode": "train", "epoch": 35}
{"loss": 0.05093333125114441, "acc": 0.9864038825035095, "length": 4.0, "mode": "test", "epoch": 35}
{"loss": 0.028123609721660614, "acc": 0.9915937185287476, "length": 3.999828815460205, "mode": "train", "epoch": 36}
{"loss": 0.07018831372261047, "acc": 0.9804595112800598, "length": 4.0, "mode": "test", "epoch": 36}
{"loss": 0.03176935762166977, "acc": 0.9898896217346191, "length": 3.999950885772705, "mode": "train", "epoch": 37}
{"loss": 0.06615263223648071, "acc": 0.9839797616004944, "length": 4.0, "mode": "test", "epoch": 37}
{"loss": 0.041459884494543076, "acc": 0.9866659641265869, "length": 3.999929904937744, "mode": "train", "epoch": 38}
{"loss": 0.08548211306333542, "acc": 0.9821881055831909, "length": 4.0, "mode": "test", "epoch": 38}
{"loss": 0.04021083936095238, "acc": 0.9874337911605835, "length": 3.999938726425171, "mode": "train", "epoch": 39}
{"loss": 0.09120666235685349, "acc": 0.9792369604110718, "length": 4.0, "mode": "test", "epoch": 39}
{"loss": 0.06766097992658615, "acc": 0.9780290126800537, "length": 3.999924659729004, "mode": "train", "epoch": 40}
{"loss": 0.1286621242761612, "acc": 0.9618886113166809, "length": 4.0, "mode": "test", "epoch": 40}
{"loss": 0.04402142018079758, "acc": 0.986680269241333, "length": 3.999908447265625, "mode": "train", "epoch": 41}
{"loss": 0.07618476450443268, "acc": 0.9838743805885315, "length": 4.0, "mode": "test", "epoch": 41}
{"loss": 0.04221070557832718, "acc": 0.9867227077484131, "length": 3.9998745918273926, "mode": "train", "epoch": 42}
{"loss": 0.08082564175128937, "acc": 0.9809232950210571, "length": 4.0, "mode": "test", "epoch": 42}
{"loss": 0.03274860978126526, "acc": 0.9897498488426208, "length": 3.999971389770508, "mode": "train", "epoch": 43}
{"loss": 0.06979332119226456, "acc": 0.9832630753517151, "length": 4.0, "mode": "test", "epoch": 43}
{"loss": 0.0280437208712101, "acc": 0.9904717206954956, "length": 3.999830961227417, "mode": "train", "epoch": 44}
{"loss": 0.05070497468113899, "acc": 0.9862983822822571, "length": 4.0, "mode": "test", "epoch": 44}
{"loss": 0.024541357532143593, "acc": 0.992184042930603, "length": 3.999981641769409, "mode": "train", "epoch": 45}
{"loss": 0.06578619033098221, "acc": 0.9824619889259338, "length": 4.0, "mode": "test", "epoch": 45}
{"loss": 0.018995866179466248, "acc": 0.9943505525588989, "length": 3.9999818801879883, "mode": "train", "epoch": 46}
{"loss": 0.04245801642537117, "acc": 0.9885329008102417, "length": 4.0, "mode": "test", "epoch": 46}
{"loss": 0.025821927934885025, "acc": 0.9926343560218811, "length": 3.9999806880950928, "mode": "train", "epoch": 47}
{"loss": 0.04589493200182915, "acc": 0.9895236492156982, "length": 4.0, "mode": "test", "epoch": 47}
{"loss": 0.01984848640859127, "acc": 0.9945253729820251, "length": 3.999960422515869, "mode": "train", "epoch": 48}
{"loss": 0.04080100357532501, "acc": 0.9901348352432251, "length": 4.0, "mode": "test", "epoch": 48}
{"loss": 0.01914062909781933, "acc": 0.9948011040687561, "length": 3.9999895095825195, "mode": "train", "epoch": 49}
{"loss": 0.05843815580010414, "acc": 0.9824408888816833, "length": 4.0, "mode": "test", "epoch": 49}
{"loss": 0.017503278329968452, "acc": 0.9949118494987488, "length": 3.9998185634613037, "mode": "train", "epoch": 50}
{"loss": 0.05931505560874939, "acc": 0.9865092635154724, "length": 4.0, "mode": "test", "epoch": 50}
{"loss": 0.01918676495552063, "acc": 0.9940765500068665, "length": 3.9999823570251465, "mode": "train", "epoch": 51}
{"loss": 0.05785597115755081, "acc": 0.9880059361457825, "length": 4.0, "mode": "test", "epoch": 51}
{"loss": 0.02445926144719124, "acc": 0.993063747882843, "length": 3.999985933303833, "mode": "train", "epoch": 52}
{"loss": 0.041669901460409164, "acc": 0.9903879165649414, "length": 4.0, "mode": "test", "epoch": 52}
{"loss": 0.01395802665501833, "acc": 0.9958775043487549, "length": 3.9999916553497314, "mode": "train", "epoch": 53}
{"loss": 0.037040721625089645, "acc": 0.9918844699859619, "length": 4.0, "mode": "test", "epoch": 53}
{"loss": 0.023264355957508087, "acc": 0.9931618571281433, "length": 3.999983310699463, "mode": "train", "epoch": 54}
{"loss": 0.04587686061859131, "acc": 0.9897344708442688, "length": 4.0, "mode": "test", "epoch": 54}
{"loss": 0.035173580050468445, "acc": 0.989897608757019, "length": 3.9999654293060303, "mode": "train", "epoch": 55}
{"loss": 0.04634667560458183, "acc": 0.9857081770896912, "length": 4.0, "mode": "test", "epoch": 55}
{"loss": 0.03299693390727043, "acc": 0.9904744029045105, "length": 3.9999747276306152, "mode": "train", "epoch": 56}
{"loss": 0.05318635329604149, "acc": 0.9841905832290649, "length": 4.0, "mode": "test", "epoch": 56}
{"loss": 0.0201273113489151, "acc": 0.994118869304657, "length": 3.9999876022338867, "mode": "train", "epoch": 57}
{"loss": 0.043401364237070084, "acc": 0.9911046028137207, "length": 4.0, "mode": "test", "epoch": 57}
{"loss": 0.015918999910354614, "acc": 0.9945902824401855, "length": 3.9999940395355225, "mode": "train", "epoch": 58}
{"loss": 0.03874380886554718, "acc": 0.9904510378837585, "length": 4.0, "mode": "test", "epoch": 58}
{"loss": 0.013442651368677616, "acc": 0.9960886836051941, "length": 3.9999842643737793, "mode": "train", "epoch": 59}
{"loss": 0.040369872003793716, "acc": 0.9861087799072266, "length": 4.0, "mode": "test", "epoch": 59}
{"loss": 0.015454117208719254, "acc": 0.9955098628997803, "length": 3.9999687671661377, "mode": "train", "epoch": 60}
{"loss": 0.0362735316157341, "acc": 0.9923271536827087, "length": 4.0, "mode": "test", "epoch": 60}
{"loss": 0.01526456605643034, "acc": 0.9954204559326172, "length": 3.9999940395355225, "mode": "train", "epoch": 61}
{"loss": 0.04419196397066116, "acc": 0.9896290898323059, "length": 4.0, "mode": "test", "epoch": 61}
{"loss": 0.021493995562195778, "acc": 0.9940555691719055, "length": 3.9999895095825195, "mode": "train", "epoch": 62}
{"loss": 0.049295537173748016, "acc": 0.9885118007659912, "length": 4.0, "mode": "test", "epoch": 62}
{"loss": 0.010832938365638256, "acc": 0.9967289566993713, "length": 3.9999985694885254, "mode": "train", "epoch": 63}
{"loss": 0.03980538621544838, "acc": 0.9925168752670288, "length": 4.0, "mode": "test", "epoch": 63}
{"loss": 0.009195676073431969, "acc": 0.9974391460418701, "length": 3.9999945163726807, "mode": "train", "epoch": 64}
{"loss": 0.035172589123249054, "acc": 0.9935287237167358, "length": 4.0, "mode": "test", "epoch": 64}
{"loss": 0.008981261402368546, "acc": 0.9974324703216553, "length": 3.9999992847442627, "mode": "train", "epoch": 65}
{"loss": 0.027654368430376053, "acc": 0.9940556883811951, "length": 4.0, "mode": "test", "epoch": 65}
{"loss": 0.00848340429365635, "acc": 0.9976434111595154, "length": 3.9999985694885254, "mode": "train", "epoch": 66}
{"loss": 0.029552578926086426, "acc": 0.994308590888977, "length": 4.0, "mode": "test", "epoch": 66}
{"loss": 0.008414383046329021, "acc": 0.9981216192245483, "length": 3.9999969005584717, "mode": "train", "epoch": 67}
{"loss": 0.035768356174230576, "acc": 0.9934021234512329, "length": 4.0, "mode": "test", "epoch": 67}
{"loss": 0.011803736910223961, "acc": 0.9973688125610352, "length": 3.999992847442627, "mode": "train", "epoch": 68}
{"loss": 0.03308345004916191, "acc": 0.9929595589637756, "length": 4.0, "mode": "test", "epoch": 68}
{"loss": 0.008802378550171852, "acc": 0.9982199668884277, "length": 3.999990463256836, "mode": "train", "epoch": 69}
{"loss": 0.027233457192778587, "acc": 0.9943296909332275, "length": 4.0, "mode": "test", "epoch": 69}
{"loss": 0.007804719731211662, "acc": 0.9978193044662476, "length": 3.9999964237213135, "mode": "train", "epoch": 70}
{"loss": 0.02662483975291252, "acc": 0.9952781796455383, "length": 4.0, "mode": "test", "epoch": 70}
{"loss": 0.011019976809620857, "acc": 0.9975519776344299, "length": 3.9999966621398926, "mode": "train", "epoch": 71}
{"loss": 0.028889913111925125, "acc": 0.9947722554206848, "length": 4.0, "mode": "test", "epoch": 71}
{"loss": 0.01203872635960579, "acc": 0.997087836265564, "length": 3.999999761581421, "mode": "train", "epoch": 72}
{"loss": 0.023225843906402588, "acc": 0.9940767884254456, "length": 4.0, "mode": "test", "epoch": 72}
{"loss": 0.04224541410803795, "acc": 0.9897227883338928, "length": 3.999999761581421, "mode": "train", "epoch": 73}
{"loss": 0.06389410048723221, "acc": 0.986445963382721, "length": 4.0, "mode": "test", "epoch": 73}
{"loss": 0.026319704949855804, "acc": 0.9936971068382263, "length": 3.9999969005584717, "mode": "train", "epoch": 74}
{"loss": 0.0253522340208292, "acc": 0.9951306581497192, "length": 4.0, "mode": "test", "epoch": 74}
{"loss": 0.04170991852879524, "acc": 0.9894973039627075, "length": 3.999990224838257, "mode": "train", "epoch": 75}
{"loss": 0.1411724090576172, "acc": 0.9776560068130493, "length": 4.0, "mode": "test", "epoch": 75}
{"loss": 0.059216082096099854, "acc": 0.9841187000274658, "length": 3.9999353885650635, "mode": "train", "epoch": 76}
{"loss": 0.05728137493133545, "acc": 0.9871627688407898, "length": 4.0, "mode": "test", "epoch": 76}
{"loss": 0.025184746831655502, "acc": 0.9926349520683289, "length": 3.999999523162842, "mode": "train", "epoch": 77}
{"loss": 0.05723080411553383, "acc": 0.9884485006332397, "length": 4.0, "mode": "test", "epoch": 77}
{"loss": 0.02330818399786949, "acc": 0.9928743243217468, "length": 4.0, "mode": "train", "epoch": 78}
{"loss": 0.023109454661607742, "acc": 0.9939923882484436, "length": 4.0, "mode": "test", "epoch": 78}
{"loss": 0.025054607540369034, "acc": 0.9926562309265137, "length": 4.0, "mode": "train", "epoch": 79}
{"loss": 0.03866451606154442, "acc": 0.9897554516792297, "length": 4.0, "mode": "test", "epoch": 79}
{"loss": 0.013087267056107521, "acc": 0.996103048324585, "length": 4.0, "mode": "train", "epoch": 80}
{"loss": 0.029865732416510582, "acc": 0.9938449263572693, "length": 4.0, "mode": "test", "epoch": 80}
{"loss": 0.01229273620992899, "acc": 0.9970665574073792, "length": 4.0, "mode": "train", "epoch": 81}
{"loss": 0.034173764288425446, "acc": 0.9928330779075623, "length": 4.0, "mode": "test", "epoch": 81}
{"loss": 0.008319305256009102, "acc": 0.9980303645133972, "length": 4.0, "mode": "train", "epoch": 82}
{"loss": 0.03268225118517876, "acc": 0.9921585917472839, "length": 4.0, "mode": "test", "epoch": 82}
{"loss": 0.009030095301568508, "acc": 0.9976645112037659, "length": 4.0, "mode": "train", "epoch": 83}
{"loss": 0.027922803536057472, "acc": 0.9935075044631958, "length": 4.0, "mode": "test", "epoch": 83}
{"loss": 0.016484905034303665, "acc": 0.995469868183136, "length": 3.999999523162842, "mode": "train", "epoch": 84}
{"loss": 0.04201136901974678, "acc": 0.9904510378837585, "length": 4.0, "mode": "test", "epoch": 84}
{"loss": 0.019871395081281662, "acc": 0.994949460029602, "length": 4.0, "mode": "train", "epoch": 85}
{"loss": 0.02862783521413803, "acc": 0.9939503073692322, "length": 4.0, "mode": "test", "epoch": 85}
{"loss": 0.010830224491655827, "acc": 0.9970595836639404, "length": 3.9999940395355225, "mode": "train", "epoch": 86}
{"loss": 0.02700021117925644, "acc": 0.9941399097442627, "length": 4.0, "mode": "test", "epoch": 86}
{"loss": 0.016208451241254807, "acc": 0.995990514755249, "length": 3.999999761581421, "mode": "train", "epoch": 87}
{"loss": 0.0561666302382946, "acc": 0.9895658493041992, "length": 4.0, "mode": "test", "epoch": 87}
{"loss": 0.020520880818367004, "acc": 0.994323194026947, "length": 4.0, "mode": "train", "epoch": 88}
{"loss": 0.03459804877638817, "acc": 0.992053210735321, "length": 4.0, "mode": "test", "epoch": 88}
{"loss": 0.008386896923184395, "acc": 0.9977279305458069, "length": 3.999999523162842, "mode": "train", "epoch": 89}
{"loss": 0.02683250792324543, "acc": 0.9941821098327637, "length": 4.0, "mode": "test", "epoch": 89}
{"loss": 0.007919561117887497, "acc": 0.9979390501976013, "length": 3.999999761581421, "mode": "train", "epoch": 90}
{"loss": 0.02926200069487095, "acc": 0.9939290881156921, "length": 4.0, "mode": "test", "epoch": 90}
{"loss": 0.01080875564366579, "acc": 0.997115969657898, "length": 4.0, "mode": "train", "epoch": 91}
{"loss": 0.032799042761325836, "acc": 0.9926855564117432, "length": 4.0, "mode": "test", "epoch": 91}
{"loss": 0.009744766168296337, "acc": 0.9975169897079468, "length": 4.0, "mode": "train", "epoch": 92}
{"loss": 0.02824556455016136, "acc": 0.9949619770050049, "length": 4.0, "mode": "test", "epoch": 92}
{"loss": 0.008362291380763054, "acc": 0.997910737991333, "length": 4.0, "mode": "train", "epoch": 93}
{"loss": 0.03511418029665947, "acc": 0.9910202026367188, "length": 4.0, "mode": "test", "epoch": 93}
{"loss": 0.02066459134221077, "acc": 0.9943515062332153, "length": 3.999999761581421, "mode": "train", "epoch": 94}
{"loss": 0.05904205143451691, "acc": 0.9855818152427673, "length": 4.0, "mode": "test", "epoch": 94}
{"loss": 0.04052863270044327, "acc": 0.9888716340065002, "length": 4.0, "mode": "train", "epoch": 95}
{"loss": 0.09515893459320068, "acc": 0.9779932498931885, "length": 4.0, "mode": "test", "epoch": 95}
{"loss": 0.03658970817923546, "acc": 0.988498866558075, "length": 3.999999761581421, "mode": "train", "epoch": 96}
{"loss": 0.0389246791601181, "acc": 0.9910202026367188, "length": 4.0, "mode": "test", "epoch": 96}
{"loss": 0.016229569911956787, "acc": 0.9954347610473633, "length": 4.0, "mode": "train", "epoch": 97}
{"loss": 0.026168253272771835, "acc": 0.9950884580612183, "length": 4.0, "mode": "test", "epoch": 97}
{"loss": 0.012143333442509174, "acc": 0.9968203902244568, "length": 4.0, "mode": "train", "epoch": 98}
{"loss": 0.030048714950680733, "acc": 0.9936341047286987, "length": 4.0, "mode": "test", "epoch": 98}
{"loss": 0.011358180083334446, "acc": 0.9971511363983154, "length": 4.0, "mode": "train", "epoch": 99}
{"loss": 0.03868672624230385, "acc": 0.9924747943878174, "length": 4.0, "mode": "test", "epoch": 99}
{"loss": 0.011500892229378223, "acc": 0.9968274831771851, "length": 4.0, "mode": "train", "epoch": 100}
{"loss": 0.02880905754864216, "acc": 0.9948566555976868, "length": 4.0, "mode": "test", "epoch": 100}
test accuracy: 0.8533928990364075
