# ["--attributes=3", "--values=4", "--game_size=20", "--vocab_size_factor=3", "--n_epochs=100", "--batch_size=32", "--learning_rate=0.001", "--hidden_size=128", "--temp_update=0.97", "--temperature=2"]
Creating train_ds and val_ds...

Creating test_ds...
{"loss": 0.5664231181144714, "acc": 0.6895645260810852, "length": 3.631781816482544, "mode": "train", "epoch": 1}
{"loss": 0.45532843470573425, "acc": 0.7745477557182312, "length": 4.0, "mode": "test", "epoch": 1}
{"loss": 0.40269598364830017, "acc": 0.8237641453742981, "length": 3.9840269088745117, "mode": "train", "epoch": 2}
{"loss": 0.43524396419525146, "acc": 0.8080798387527466, "length": 4.0, "mode": "test", "epoch": 2}
{"loss": 0.36940091848373413, "acc": 0.8353979587554932, "length": 3.994154214859009, "mode": "train", "epoch": 3}
{"loss": 0.39693936705589294, "acc": 0.8356086015701294, "length": 4.0, "mode": "test", "epoch": 3}
{"loss": 0.3184395432472229, "acc": 0.8673432469367981, "length": 3.997323513031006, "mode": "train", "epoch": 4}
{"loss": 0.36308255791664124, "acc": 0.8613486886024475, "length": 4.0, "mode": "test", "epoch": 4}
{"loss": 0.28658682107925415, "acc": 0.8846079111099243, "length": 3.9985196590423584, "mode": "train", "epoch": 5}
{"loss": 0.320795476436615, "acc": 0.8718956112861633, "length": 4.0, "mode": "test", "epoch": 5}
{"loss": 0.2622232139110565, "acc": 0.8952350616455078, "length": 3.9988765716552734, "mode": "train", "epoch": 6}
{"loss": 0.29210609197616577, "acc": 0.8887336254119873, "length": 4.0, "mode": "test", "epoch": 6}
{"loss": 0.2358829230070114, "acc": 0.9085534811019897, "length": 3.9991114139556885, "mode": "train", "epoch": 7}
{"loss": 0.2754799425601959, "acc": 0.888198971748352, "length": 4.0, "mode": "test", "epoch": 7}
{"loss": 0.21401381492614746, "acc": 0.9175052046775818, "length": 3.999460220336914, "mode": "train", "epoch": 8}
{"loss": 0.2733173668384552, "acc": 0.8900699615478516, "length": 4.0, "mode": "test", "epoch": 8}
{"loss": 0.19777600467205048, "acc": 0.9248043298721313, "length": 3.999480724334717, "mode": "train", "epoch": 9}
{"loss": 0.24528232216835022, "acc": 0.9040502309799194, "length": 4.0, "mode": "test", "epoch": 9}
{"loss": 0.17866872251033783, "acc": 0.9331661462783813, "length": 3.999624013900757, "mode": "train", "epoch": 10}
{"loss": 0.2148009091615677, "acc": 0.9203740954399109, "length": 4.0, "mode": "test", "epoch": 10}
{"loss": 0.16367045044898987, "acc": 0.9389930963516235, "length": 3.999689817428589, "mode": "train", "epoch": 11}
{"loss": 0.19507339596748352, "acc": 0.9247326850891113, "length": 4.0, "mode": "test", "epoch": 11}
{"loss": 0.15065456926822662, "acc": 0.9463058710098267, "length": 3.9996774196624756, "mode": "train", "epoch": 12}
{"loss": 0.17556779086589813, "acc": 0.9399465322494507, "length": 4.0, "mode": "test", "epoch": 12}
{"loss": 0.13081908226013184, "acc": 0.9538454413414001, "length": 3.999811887741089, "mode": "train", "epoch": 13}
{"loss": 0.15079455077648163, "acc": 0.9483963847160339, "length": 4.0, "mode": "test", "epoch": 13}
{"loss": 0.1234230250120163, "acc": 0.9569623470306396, "length": 3.9998648166656494, "mode": "train", "epoch": 14}
{"loss": 0.1451479196548462, "acc": 0.9531660676002502, "length": 4.0, "mode": "test", "epoch": 14}
{"loss": 0.11130235344171524, "acc": 0.9601881504058838, "length": 3.999876022338867, "mode": "train", "epoch": 15}
{"loss": 0.12992581725120544, "acc": 0.954420268535614, "length": 4.0, "mode": "test", "epoch": 15}
{"loss": 0.10495389252901077, "acc": 0.9618967175483704, "length": 3.9998722076416016, "mode": "train", "epoch": 16}
{"loss": 0.12858736515045166, "acc": 0.9566408395767212, "length": 4.0, "mode": "test", "epoch": 16}
{"loss": 0.09556899219751358, "acc": 0.9675372838973999, "length": 3.999908447265625, "mode": "train", "epoch": 17}
{"loss": 0.12173158675432205, "acc": 0.9622532725334167, "length": 4.0, "mode": "test", "epoch": 17}
{"loss": 0.08542202413082123, "acc": 0.971423327922821, "length": 3.999967336654663, "mode": "train", "epoch": 18}
{"loss": 0.11955077946186066, "acc": 0.9601356983184814, "length": 4.0, "mode": "test", "epoch": 18}
{"loss": 0.07968996465206146, "acc": 0.9750189781188965, "length": 3.9999759197235107, "mode": "train", "epoch": 19}
{"loss": 0.09484365582466125, "acc": 0.9706003069877625, "length": 4.0, "mode": "test", "epoch": 19}
{"loss": 0.07832081615924835, "acc": 0.9757806062698364, "length": 3.9999775886535645, "mode": "train", "epoch": 20}
{"loss": 0.08539655804634094, "acc": 0.975883960723877, "length": 4.0, "mode": "test", "epoch": 20}
{"loss": 0.06453606486320496, "acc": 0.9802262783050537, "length": 3.9999783039093018, "mode": "train", "epoch": 21}
{"loss": 0.08176197856664658, "acc": 0.9757402539253235, "length": 4.0, "mode": "test", "epoch": 21}
{"loss": 0.05703099071979523, "acc": 0.9832384586334229, "length": 3.999983310699463, "mode": "train", "epoch": 22}
{"loss": 0.08441775292158127, "acc": 0.9783511161804199, "length": 4.0, "mode": "test", "epoch": 22}
{"loss": 0.06170973181724548, "acc": 0.9814276099205017, "length": 3.9999887943267822, "mode": "train", "epoch": 23}
{"loss": 0.08982919156551361, "acc": 0.9720805287361145, "length": 4.0, "mode": "test", "epoch": 23}
{"loss": 0.07458806782960892, "acc": 0.9752802848815918, "length": 3.9999866485595703, "mode": "train", "epoch": 24}
{"loss": 0.09565509110689163, "acc": 0.9685649871826172, "length": 4.0, "mode": "test", "epoch": 24}
{"loss": 0.059123601764440536, "acc": 0.9818322658538818, "length": 3.9999892711639404, "mode": "train", "epoch": 25}
{"loss": 0.06886611878871918, "acc": 0.981147289276123, "length": 4.0, "mode": "test", "epoch": 25}
{"loss": 0.04722122475504875, "acc": 0.9855168461799622, "length": 3.9999942779541016, "mode": "train", "epoch": 26}
{"loss": 0.052956435829401016, "acc": 0.9846010804176331, "length": 4.0, "mode": "test", "epoch": 26}
{"loss": 0.048552315682172775, "acc": 0.986243724822998, "length": 3.9999914169311523, "mode": "train", "epoch": 27}
{"loss": 0.06238871067762375, "acc": 0.9858759045600891, "length": 4.0, "mode": "test", "epoch": 27}
{"loss": 0.05293164774775505, "acc": 0.9831423163414001, "length": 3.9999845027923584, "mode": "train", "epoch": 28}
{"loss": 0.13921594619750977, "acc": 0.9640008807182312, "length": 4.0, "mode": "test", "epoch": 28}
{"loss": 0.08012177050113678, "acc": 0.9730033874511719, "length": 3.9999959468841553, "mode": "train", "epoch": 29}
{"loss": 0.06474749743938446, "acc": 0.9832853078842163, "length": 4.0, "mode": "test", "epoch": 29}
{"loss": 0.04703341796994209, "acc": 0.9854484796524048, "length": 3.999997615814209, "mode": "train", "epoch": 30}
{"loss": 0.05879984423518181, "acc": 0.9861636161804199, "length": 4.0, "mode": "test", "epoch": 30}
{"loss": 0.048053205013275146, "acc": 0.9854896664619446, "length": 3.9999990463256836, "mode": "train", "epoch": 31}
{"loss": 0.05158834159374237, "acc": 0.9872533082962036, "length": 4.0, "mode": "test", "epoch": 31}
{"loss": 0.039474450051784515, "acc": 0.9892696142196655, "length": 3.9999942779541016, "mode": "train", "epoch": 32}
{"loss": 0.0601639486849308, "acc": 0.9862253069877625, "length": 4.0, "mode": "test", "epoch": 32}
{"loss": 0.03639909625053406, "acc": 0.9905321598052979, "length": 3.9999992847442627, "mode": "train", "epoch": 33}
{"loss": 0.04227093979716301, "acc": 0.9905633330345154, "length": 4.0, "mode": "test", "epoch": 33}
{"loss": 0.028446100652217865, "acc": 0.9930225610733032, "length": 3.9999983310699463, "mode": "train", "epoch": 34}
{"loss": 0.03302405774593353, "acc": 0.9944900870323181, "length": 4.0, "mode": "test", "epoch": 34}
{"loss": 0.036655914038419724, "acc": 0.990655779838562, "length": 3.999999523162842, "mode": "train", "epoch": 35}
{"loss": 0.04709583893418312, "acc": 0.9891036152839661, "length": 4.0, "mode": "test", "epoch": 35}
{"loss": 0.04394498094916344, "acc": 0.9870610237121582, "length": 4.0, "mode": "train", "epoch": 36}
{"loss": 0.058397065848112106, "acc": 0.9842104911804199, "length": 4.0, "mode": "test", "epoch": 36}
{"loss": 0.03801626339554787, "acc": 0.9893139004707336, "length": 3.9999542236328125, "mode": "train", "epoch": 37}
{"loss": 0.08241840451955795, "acc": 0.9773437976837158, "length": 4.0, "mode": "test", "epoch": 37}
{"loss": 0.07440030574798584, "acc": 0.9762485027313232, "length": 4.0, "mode": "train", "epoch": 38}
{"loss": 0.06439482420682907, "acc": 0.9848684072494507, "length": 4.0, "mode": "test", "epoch": 38}
{"loss": 0.04717756062746048, "acc": 0.9855995774269104, "length": 3.9999992847442627, "mode": "train", "epoch": 39}
{"loss": 0.0681033730506897, "acc": 0.9820929169654846, "length": 4.0, "mode": "test", "epoch": 39}
{"loss": 0.07134103029966354, "acc": 0.9753018617630005, "length": 4.0, "mode": "train", "epoch": 40}
{"loss": 0.1042158231139183, "acc": 0.9666940569877625, "length": 4.0, "mode": "test", "epoch": 40}
{"loss": 0.07204648107290268, "acc": 0.9761661291122437, "length": 3.9999990463256836, "mode": "train", "epoch": 41}
{"loss": 0.05379699543118477, "acc": 0.9873766899108887, "length": 4.0, "mode": "test", "epoch": 41}
{"loss": 0.040757354348897934, "acc": 0.9880005717277527, "length": 3.999997615814209, "mode": "train", "epoch": 42}
{"loss": 0.04039753973484039, "acc": 0.9896381497383118, "length": 4.0, "mode": "test", "epoch": 42}
{"loss": 0.03315190225839615, "acc": 0.990703821182251, "length": 4.0, "mode": "train", "epoch": 43}
{"loss": 0.025777749717235565, "acc": 0.9943668246269226, "length": 4.0, "mode": "test", "epoch": 43}
{"loss": 0.024046793580055237, "acc": 0.9934343695640564, "length": 3.9999990463256836, "mode": "train", "epoch": 44}
{"loss": 0.02135663665831089, "acc": 0.9959292411804199, "length": 4.0, "mode": "test", "epoch": 44}
{"loss": 0.022140055894851685, "acc": 0.9949712157249451, "length": 4.0, "mode": "train", "epoch": 45}
{"loss": 0.02149033360183239, "acc": 0.9950451850891113, "length": 4.0, "mode": "test", "epoch": 45}
{"loss": 0.023639116436243057, "acc": 0.9938391447067261, "length": 4.0, "mode": "train", "epoch": 46}
{"loss": 0.024132875725626945, "acc": 0.9956002235412598, "length": 4.0, "mode": "test", "epoch": 46}
{"loss": 0.02653694711625576, "acc": 0.9930777549743652, "length": 4.0, "mode": "train", "epoch": 47}
{"loss": 0.022214068099856377, "acc": 0.9957031607627869, "length": 4.0, "mode": "test", "epoch": 47}
{"loss": 0.022695444524288177, "acc": 0.9937843680381775, "length": 4.0, "mode": "train", "epoch": 48}
{"loss": 0.03147109970450401, "acc": 0.9923725128173828, "length": 4.0, "mode": "test", "epoch": 48}
{"loss": 0.03053482435643673, "acc": 0.9912869334220886, "length": 4.0, "mode": "train", "epoch": 49}
{"loss": 0.07195621728897095, "acc": 0.9819079041481018, "length": 4.0, "mode": "test", "epoch": 49}
{"loss": 0.048219941556453705, "acc": 0.9862307906150818, "length": 4.0, "mode": "train", "epoch": 50}
{"loss": 0.09922535717487335, "acc": 0.976089596748352, "length": 4.0, "mode": "test", "epoch": 50}
{"loss": 0.052355799823999405, "acc": 0.9837815165519714, "length": 4.0, "mode": "train", "epoch": 51}
{"loss": 0.057792745530605316, "acc": 0.9818668365478516, "length": 4.0, "mode": "test", "epoch": 51}
{"loss": 0.06130880117416382, "acc": 0.9797542095184326, "length": 3.99999737739563, "mode": "train", "epoch": 52}
{"loss": 0.08663777261972427, "acc": 0.9731910228729248, "length": 4.0, "mode": "test", "epoch": 52}
{"loss": 0.06916891038417816, "acc": 0.9782792329788208, "length": 3.9999992847442627, "mode": "train", "epoch": 53}
{"loss": 0.07023769617080688, "acc": 0.9819079041481018, "length": 4.0, "mode": "test", "epoch": 53}
{"loss": 0.046541135758161545, "acc": 0.9853243231773376, "length": 3.999990701675415, "mode": "train", "epoch": 54}
{"loss": 0.041781485080718994, "acc": 0.98828125, "length": 4.0, "mode": "test", "epoch": 54}
{"loss": 0.04321478307247162, "acc": 0.9860044717788696, "length": 4.0, "mode": "train", "epoch": 55}
{"loss": 0.04886280745267868, "acc": 0.986328125, "length": 4.0, "mode": "test", "epoch": 55}
{"loss": 0.052903108298778534, "acc": 0.9830679893493652, "length": 4.0, "mode": "train", "epoch": 56}
{"loss": 0.07829924672842026, "acc": 0.9784951210021973, "length": 4.0, "mode": "test", "epoch": 56}
{"loss": 0.07908362150192261, "acc": 0.9743961691856384, "length": 4.0, "mode": "train", "epoch": 57}
{"loss": 0.06279587000608444, "acc": 0.9804276823997498, "length": 4.0, "mode": "test", "epoch": 57}
{"loss": 0.06016984209418297, "acc": 0.9817439317703247, "length": 4.0, "mode": "train", "epoch": 58}
{"loss": 0.060214199125766754, "acc": 0.9813528656959534, "length": 4.0, "mode": "test", "epoch": 58}
{"loss": 0.05374370142817497, "acc": 0.9839667081832886, "length": 4.0, "mode": "train", "epoch": 59}
{"loss": 0.03862227126955986, "acc": 0.9883840680122375, "length": 4.0, "mode": "test", "epoch": 59}
{"loss": 0.0645497590303421, "acc": 0.9794043302536011, "length": 4.0, "mode": "train", "epoch": 60}
{"loss": 0.11520423740148544, "acc": 0.9681949615478516, "length": 4.0, "mode": "test", "epoch": 60}
{"loss": 0.08485597372055054, "acc": 0.9713913202285767, "length": 4.0, "mode": "train", "epoch": 61}
{"loss": 0.06139013171195984, "acc": 0.9791528582572937, "length": 4.0, "mode": "test", "epoch": 61}
{"loss": 0.08474323153495789, "acc": 0.9713225960731506, "length": 3.9999992847442627, "mode": "train", "epoch": 62}
{"loss": 0.0692325308918953, "acc": 0.9725740551948547, "length": 4.0, "mode": "test", "epoch": 62}
{"loss": 0.05375314876437187, "acc": 0.981346070766449, "length": 4.0, "mode": "train", "epoch": 63}
{"loss": 0.040846601128578186, "acc": 0.9855468273162842, "length": 4.0, "mode": "test", "epoch": 63}
{"loss": 0.056535374373197556, "acc": 0.9806323051452637, "length": 3.999997854232788, "mode": "train", "epoch": 64}
{"loss": 0.04485398530960083, "acc": 0.9854440093040466, "length": 4.0, "mode": "test", "epoch": 64}
{"loss": 0.05006913095712662, "acc": 0.9826633930206299, "length": 4.0, "mode": "train", "epoch": 65}
{"loss": 0.050715040415525436, "acc": 0.9818668365478516, "length": 4.0, "mode": "test", "epoch": 65}
{"loss": 0.0397845059633255, "acc": 0.9870472550392151, "length": 4.0, "mode": "train", "epoch": 66}
{"loss": 0.037689801305532455, "acc": 0.9900082945823669, "length": 4.0, "mode": "test", "epoch": 66}
{"loss": 0.029086032882332802, "acc": 0.9910675883293152, "length": 4.0, "mode": "train", "epoch": 67}
{"loss": 0.02445310726761818, "acc": 0.9927632212638855, "length": 4.0, "mode": "test", "epoch": 67}
{"loss": 0.02396261878311634, "acc": 0.9927071332931519, "length": 4.0, "mode": "train", "epoch": 68}
{"loss": 0.025459280237555504, "acc": 0.9932976961135864, "length": 4.0, "mode": "test", "epoch": 68}
{"loss": 0.02222444862127304, "acc": 0.9934755563735962, "length": 4.0, "mode": "train", "epoch": 69}
{"loss": 0.024931052699685097, "acc": 0.9931948781013489, "length": 4.0, "mode": "test", "epoch": 69}
{"loss": 0.026024293154478073, "acc": 0.9911772608757019, "length": 4.0, "mode": "train", "epoch": 70}
{"loss": 0.02564065344631672, "acc": 0.9933593273162842, "length": 4.0, "mode": "test", "epoch": 70}
{"loss": 0.02038728818297386, "acc": 0.994154691696167, "length": 4.0, "mode": "train", "epoch": 71}
{"loss": 0.015527539886534214, "acc": 0.9957442879676819, "length": 4.0, "mode": "test", "epoch": 71}
{"loss": 0.017005376517772675, "acc": 0.9950947165489197, "length": 4.0, "mode": "train", "epoch": 72}
{"loss": 0.022578708827495575, "acc": 0.9934004545211792, "length": 4.0, "mode": "test", "epoch": 72}
{"loss": 0.018720729276537895, "acc": 0.9941409826278687, "length": 4.0, "mode": "train", "epoch": 73}
{"loss": 0.02059883624315262, "acc": 0.9932771921157837, "length": 4.0, "mode": "test", "epoch": 73}
{"loss": 0.01754912920296192, "acc": 0.9950119853019714, "length": 3.999995231628418, "mode": "train", "epoch": 74}
{"loss": 0.019570989534258842, "acc": 0.9957030415534973, "length": 4.0, "mode": "test", "epoch": 74}
{"loss": 0.01660015434026718, "acc": 0.995664119720459, "length": 4.0, "mode": "train", "epoch": 75}
{"loss": 0.026941519230604172, "acc": 0.9917352795600891, "length": 4.0, "mode": "test", "epoch": 75}
{"loss": 0.02724405564367771, "acc": 0.9922337532043457, "length": 4.0, "mode": "train", "epoch": 76}
{"loss": 0.022306784987449646, "acc": 0.9945518374443054, "length": 4.0, "mode": "test", "epoch": 76}
{"loss": 0.014948759227991104, "acc": 0.9960963726043701, "length": 4.0, "mode": "train", "epoch": 77}
{"loss": 0.013056031428277493, "acc": 0.9960319995880127, "length": 4.0, "mode": "test", "epoch": 77}
{"loss": 0.035345207899808884, "acc": 0.9898054003715515, "length": 4.0, "mode": "train", "epoch": 78}
{"loss": 0.029674725607037544, "acc": 0.9901315569877625, "length": 4.0, "mode": "test", "epoch": 78}
{"loss": 0.02990848943591118, "acc": 0.9913215041160583, "length": 4.0, "mode": "train", "epoch": 79}
{"loss": 0.03231284022331238, "acc": 0.9913651347160339, "length": 4.0, "mode": "test", "epoch": 79}
{"loss": 0.02017107419669628, "acc": 0.9938666820526123, "length": 4.0, "mode": "train", "epoch": 80}
{"loss": 0.04244890809059143, "acc": 0.9908717274665833, "length": 4.0, "mode": "test", "epoch": 80}
{"loss": 0.0237447377294302, "acc": 0.993585467338562, "length": 4.0, "mode": "train", "epoch": 81}
{"loss": 0.04507041350007057, "acc": 0.9887952208518982, "length": 4.0, "mode": "test", "epoch": 81}
{"loss": 0.02317635901272297, "acc": 0.993139386177063, "length": 4.0, "mode": "train", "epoch": 82}
{"loss": 0.02910112775862217, "acc": 0.9931743741035461, "length": 4.0, "mode": "test", "epoch": 82}
{"loss": 0.016616100445389748, "acc": 0.9951837062835693, "length": 4.0, "mode": "train", "epoch": 83}
{"loss": 0.031359802931547165, "acc": 0.9937911629676819, "length": 4.0, "mode": "test", "epoch": 83}
{"loss": 0.024838615208864212, "acc": 0.9931188821792603, "length": 4.0, "mode": "train", "epoch": 84}
{"loss": 0.05106893181800842, "acc": 0.9866982698440552, "length": 4.0, "mode": "test", "epoch": 84}
{"loss": 0.04049471393227577, "acc": 0.9880213737487793, "length": 4.0, "mode": "train", "epoch": 85}
{"loss": 0.038048338145017624, "acc": 0.9898231625556946, "length": 4.0, "mode": "test", "epoch": 85}
{"loss": 0.049556177109479904, "acc": 0.9844334125518799, "length": 4.0, "mode": "train", "epoch": 86}
{"loss": 0.10550425201654434, "acc": 0.9773848652839661, "length": 4.0, "mode": "test", "epoch": 86}
{"loss": 0.03459973260760307, "acc": 0.9903470873832703, "length": 3.999999761581421, "mode": "train", "epoch": 87}
{"loss": 0.02407005801796913, "acc": 0.9937088489532471, "length": 4.0, "mode": "test", "epoch": 87}
{"loss": 0.026367779821157455, "acc": 0.9925836324691772, "length": 4.0, "mode": "train", "epoch": 88}
{"loss": 0.024474825710058212, "acc": 0.9927425384521484, "length": 4.0, "mode": "test", "epoch": 88}
{"loss": 0.0209356639534235, "acc": 0.9942783117294312, "length": 4.0, "mode": "train", "epoch": 89}
{"loss": 0.056838687509298325, "acc": 0.9875411987304688, "length": 4.0, "mode": "test", "epoch": 89}
{"loss": 0.05078066512942314, "acc": 0.9863747358322144, "length": 4.0, "mode": "train", "epoch": 90}
{"loss": 0.07147832214832306, "acc": 0.982421875, "length": 4.0, "mode": "test", "epoch": 90}
{"loss": 0.04344365373253822, "acc": 0.9871363639831543, "length": 4.0, "mode": "train", "epoch": 91}
{"loss": 0.04484104737639427, "acc": 0.988939106464386, "length": 4.0, "mode": "test", "epoch": 91}
{"loss": 0.044382788240909576, "acc": 0.9872187972068787, "length": 4.0, "mode": "train", "epoch": 92}
{"loss": 0.029675452038645744, "acc": 0.9921257495880127, "length": 4.0, "mode": "test", "epoch": 92}
{"loss": 0.03682670742273331, "acc": 0.9884880185127258, "length": 4.0, "mode": "train", "epoch": 93}
{"loss": 0.04690201207995415, "acc": 0.9877672791481018, "length": 4.0, "mode": "test", "epoch": 93}
{"loss": 0.041087761521339417, "acc": 0.987184464931488, "length": 4.0, "mode": "train", "epoch": 94}
{"loss": 0.04614027217030525, "acc": 0.9864926338195801, "length": 4.0, "mode": "test", "epoch": 94}
{"loss": 0.037744879722595215, "acc": 0.9886181950569153, "length": 4.0, "mode": "train", "epoch": 95}
{"loss": 0.03875954821705818, "acc": 0.9911184906959534, "length": 4.0, "mode": "test", "epoch": 95}
{"loss": 0.02052919939160347, "acc": 0.9938185811042786, "length": 4.0, "mode": "train", "epoch": 96}
{"loss": 0.024986518546938896, "acc": 0.994284451007843, "length": 4.0, "mode": "test", "epoch": 96}
{"loss": 0.02153443731367588, "acc": 0.9929748177528381, "length": 4.0, "mode": "train", "epoch": 97}
{"loss": 0.03537032753229141, "acc": 0.9906661510467529, "length": 4.0, "mode": "test", "epoch": 97}
{"loss": 0.023176366463303566, "acc": 0.9929060935974121, "length": 4.0, "mode": "train", "epoch": 98}
{"loss": 0.061689842492341995, "acc": 0.983079731464386, "length": 4.0, "mode": "test", "epoch": 98}
{"loss": 0.024746214970946312, "acc": 0.9922475218772888, "length": 4.0, "mode": "train", "epoch": 99}
{"loss": 0.022021619603037834, "acc": 0.9929070472717285, "length": 4.0, "mode": "test", "epoch": 99}
{"loss": 0.018149197101593018, "acc": 0.9949026107788086, "length": 4.0, "mode": "train", "epoch": 100}
{"loss": 0.018256118521094322, "acc": 0.997389018535614, "length": 4.0, "mode": "test", "epoch": 100}
test accuracy: 0.7050439119338989
