# ["--attributes=3", "--values=4", "--game_size=20", "--vocab_size_factor=3", "--n_epochs=100", "--batch_size=64", "--learning_rate=0.0005", "--hidden_size=128", "--temp_update=0.99", "--temperature=1.5"]
Creating train_ds and val_ds...

Creating test_ds...
{"loss": 0.687991738319397, "acc": 0.5518952012062073, "length": 3.450881004333496, "mode": "train", "epoch": 1}
{"loss": 0.6456259489059448, "acc": 0.6833727955818176, "length": 3.8790931701660156, "mode": "test", "epoch": 1}
{"loss": 0.5570258498191833, "acc": 0.7332057952880859, "length": 3.86299467086792, "mode": "train", "epoch": 2}
{"loss": 0.4922153055667877, "acc": 0.7680941224098206, "length": 4.0, "mode": "test", "epoch": 2}
{"loss": 0.44894444942474365, "acc": 0.7901874780654907, "length": 3.9792306423187256, "mode": "train", "epoch": 3}
{"loss": 0.43664926290512085, "acc": 0.8043871521949768, "length": 4.0, "mode": "test", "epoch": 3}
{"loss": 0.3841412663459778, "acc": 0.8310468792915344, "length": 3.9888832569122314, "mode": "train", "epoch": 4}
{"loss": 0.40280547738075256, "acc": 0.8273090124130249, "length": 4.0, "mode": "test", "epoch": 4}
{"loss": 0.3432484567165375, "acc": 0.8524978756904602, "length": 3.991577386856079, "mode": "train", "epoch": 5}
{"loss": 0.36318621039390564, "acc": 0.8404071927070618, "length": 4.0, "mode": "test", "epoch": 5}
{"loss": 0.324547678232193, "acc": 0.8605340719223022, "length": 3.994389057159424, "mode": "train", "epoch": 6}
{"loss": 0.34297874569892883, "acc": 0.8552477955818176, "length": 4.0, "mode": "test", "epoch": 6}
{"loss": 0.3097292184829712, "acc": 0.865767776966095, "length": 3.995408773422241, "mode": "train", "epoch": 7}
{"loss": 0.3360390067100525, "acc": 0.8615868091583252, "length": 4.0, "mode": "test", "epoch": 7}
{"loss": 0.293240487575531, "acc": 0.8754701018333435, "length": 3.995932102203369, "mode": "train", "epoch": 8}
{"loss": 0.3113936185836792, "acc": 0.8658061623573303, "length": 4.0, "mode": "test", "epoch": 8}
{"loss": 0.2797694504261017, "acc": 0.8813114166259766, "length": 3.9966495037078857, "mode": "train", "epoch": 9}
{"loss": 0.3054443299770355, "acc": 0.8700041174888611, "length": 4.0, "mode": "test", "epoch": 9}
{"loss": 0.2672473192214966, "acc": 0.8885373473167419, "length": 3.9971938133239746, "mode": "train", "epoch": 10}
{"loss": 0.2837110757827759, "acc": 0.8762175440788269, "length": 4.0, "mode": "test", "epoch": 10}
{"loss": 0.25357186794281006, "acc": 0.8956165909767151, "length": 3.9971370697021484, "mode": "train", "epoch": 11}
{"loss": 0.27801549434661865, "acc": 0.8824098110198975, "length": 4.0, "mode": "test", "epoch": 11}
{"loss": 0.24244599044322968, "acc": 0.9020859003067017, "length": 3.9976277351379395, "mode": "train", "epoch": 12}
{"loss": 0.2702573239803314, "acc": 0.8889589309692383, "length": 4.0, "mode": "test", "epoch": 12}
{"loss": 0.2317029982805252, "acc": 0.9088470339775085, "length": 3.9982118606567383, "mode": "train", "epoch": 13}
{"loss": 0.2575876712799072, "acc": 0.8930730819702148, "length": 4.0, "mode": "test", "epoch": 13}
{"loss": 0.22742445766925812, "acc": 0.9099926948547363, "length": 3.997668504714966, "mode": "train", "epoch": 14}
{"loss": 0.24483375251293182, "acc": 0.9010705947875977, "length": 4.0, "mode": "test", "epoch": 14}
{"loss": 0.21582025289535522, "acc": 0.9162160754203796, "length": 3.99843168258667, "mode": "train", "epoch": 15}
{"loss": 0.23885048925876617, "acc": 0.9060032963752747, "length": 4.0, "mode": "test", "epoch": 15}
{"loss": 0.20386679470539093, "acc": 0.9218168258666992, "length": 3.9984312057495117, "mode": "train", "epoch": 16}
{"loss": 0.22337263822555542, "acc": 0.9113560318946838, "length": 4.0, "mode": "test", "epoch": 16}
{"loss": 0.1969577968120575, "acc": 0.9256690740585327, "length": 3.9989514350891113, "mode": "train", "epoch": 17}
{"loss": 0.22469143569469452, "acc": 0.9087111949920654, "length": 4.0, "mode": "test", "epoch": 17}
{"loss": 0.18838544189929962, "acc": 0.9287479519844055, "length": 3.9991414546966553, "mode": "train", "epoch": 18}
{"loss": 0.20818111300468445, "acc": 0.9211167693138123, "length": 4.0, "mode": "test", "epoch": 18}
{"loss": 0.18490496277809143, "acc": 0.9317929148674011, "length": 3.999117374420166, "mode": "train", "epoch": 19}
{"loss": 0.20324058830738068, "acc": 0.9280436038970947, "length": 4.0, "mode": "test", "epoch": 19}
{"loss": 0.17763835191726685, "acc": 0.9344365000724792, "length": 3.999265670776367, "mode": "train", "epoch": 20}
{"loss": 0.19661520421504974, "acc": 0.9295759797096252, "length": 4.0, "mode": "test", "epoch": 20}
{"loss": 0.17171353101730347, "acc": 0.9376863241195679, "length": 3.9993929862976074, "mode": "train", "epoch": 21}
{"loss": 0.1897711455821991, "acc": 0.9304577708244324, "length": 4.0, "mode": "test", "epoch": 21}
{"loss": 0.16489987075328827, "acc": 0.9420234560966492, "length": 3.9994287490844727, "mode": "train", "epoch": 22}
{"loss": 0.1841917484998703, "acc": 0.9362090826034546, "length": 4.0, "mode": "test", "epoch": 22}
{"loss": 0.16069252789020538, "acc": 0.9436651468276978, "length": 3.999518871307373, "mode": "train", "epoch": 23}
{"loss": 0.18947343528270721, "acc": 0.9276238679885864, "length": 4.0, "mode": "test", "epoch": 23}
{"loss": 0.15679270029067993, "acc": 0.9439995884895325, "length": 3.999617576599121, "mode": "train", "epoch": 24}
{"loss": 0.1835125982761383, "acc": 0.9315491914749146, "length": 4.0, "mode": "test", "epoch": 24}
{"loss": 0.1517857015132904, "acc": 0.9475598335266113, "length": 3.999652862548828, "mode": "train", "epoch": 25}
{"loss": 0.1807936728000641, "acc": 0.9363771677017212, "length": 4.0, "mode": "test", "epoch": 25}
{"loss": 0.14670327305793762, "acc": 0.9492738842964172, "length": 3.9996347427368164, "mode": "train", "epoch": 26}
{"loss": 0.1704571694135666, "acc": 0.9383500814437866, "length": 4.0, "mode": "test", "epoch": 26}
{"loss": 0.1409940868616104, "acc": 0.9519422650337219, "length": 3.9997360706329346, "mode": "train", "epoch": 27}
{"loss": 0.1701403111219406, "acc": 0.9408688545227051, "length": 4.0, "mode": "test", "epoch": 27}
{"loss": 0.13479533791542053, "acc": 0.9552667737007141, "length": 3.9996390342712402, "mode": "train", "epoch": 28}
{"loss": 0.16151270270347595, "acc": 0.9507976770401001, "length": 4.0, "mode": "test", "epoch": 28}
{"loss": 0.13498400151729584, "acc": 0.9547828435897827, "length": 3.9998719692230225, "mode": "train", "epoch": 29}
{"loss": 0.15900179743766785, "acc": 0.9480897784233093, "length": 4.0, "mode": "test", "epoch": 29}
{"loss": 0.13006280362606049, "acc": 0.9562570452690125, "length": 3.9997963905334473, "mode": "train", "epoch": 30}
{"loss": 0.15500293672084808, "acc": 0.9494541883468628, "length": 4.0, "mode": "test", "epoch": 30}
{"loss": 0.12478655576705933, "acc": 0.9585413336753845, "length": 3.9998080730438232, "mode": "train", "epoch": 31}
{"loss": 0.15301403403282166, "acc": 0.952518880367279, "length": 4.0, "mode": "test", "epoch": 31}
{"loss": 0.13020727038383484, "acc": 0.9553982615470886, "length": 3.9998464584350586, "mode": "train", "epoch": 32}
{"loss": 0.15370216965675354, "acc": 0.9513223171234131, "length": 4.0, "mode": "test", "epoch": 32}
{"loss": 0.1187189519405365, "acc": 0.9613004326820374, "length": 3.9999163150787354, "mode": "train", "epoch": 33}
{"loss": 0.14883959293365479, "acc": 0.9559193849563599, "length": 4.0, "mode": "test", "epoch": 33}
{"loss": 0.11384069919586182, "acc": 0.9633672833442688, "length": 3.9999191761016846, "mode": "train", "epoch": 34}
{"loss": 0.15099458396434784, "acc": 0.9560243487358093, "length": 4.0, "mode": "test", "epoch": 34}
{"loss": 0.11206282675266266, "acc": 0.9633338451385498, "length": 3.999957799911499, "mode": "train", "epoch": 35}
{"loss": 0.1378093957901001, "acc": 0.95732581615448, "length": 4.0, "mode": "test", "epoch": 35}
{"loss": 0.10766474902629852, "acc": 0.96478271484375, "length": 3.9999477863311768, "mode": "train", "epoch": 36}
{"loss": 0.14546366035938263, "acc": 0.9535894989967346, "length": 4.0, "mode": "test", "epoch": 36}
{"loss": 0.1040559634566307, "acc": 0.9667585492134094, "length": 3.999938726425171, "mode": "train", "epoch": 37}
{"loss": 0.13587476313114166, "acc": 0.9592359066009521, "length": 4.0, "mode": "test", "epoch": 37}
{"loss": 0.10154508799314499, "acc": 0.9672775864601135, "length": 3.9999568462371826, "mode": "train", "epoch": 38}
{"loss": 0.12622949481010437, "acc": 0.9654281735420227, "length": 4.0, "mode": "test", "epoch": 38}
{"loss": 0.09689651429653168, "acc": 0.9695615172386169, "length": 3.999962568283081, "mode": "train", "epoch": 39}
{"loss": 0.12832334637641907, "acc": 0.9649453163146973, "length": 4.0, "mode": "test", "epoch": 39}
{"loss": 0.10119903832674026, "acc": 0.9673056602478027, "length": 3.999948501586914, "mode": "train", "epoch": 40}
{"loss": 0.14054681360721588, "acc": 0.9588372111320496, "length": 4.0, "mode": "test", "epoch": 40}
{"loss": 0.10412513464689255, "acc": 0.9642035365104675, "length": 3.9999747276306152, "mode": "train", "epoch": 41}
{"loss": 0.13423089683055878, "acc": 0.9616497159004211, "length": 4.0, "mode": "test", "epoch": 41}
{"loss": 0.09586239606142044, "acc": 0.9690925478935242, "length": 3.9999709129333496, "mode": "train", "epoch": 42}
{"loss": 0.12880702316761017, "acc": 0.9609571695327759, "length": 4.0, "mode": "test", "epoch": 42}
{"loss": 0.08854330331087112, "acc": 0.9721409678459167, "length": 3.999985694885254, "mode": "train", "epoch": 43}
{"loss": 0.12912902235984802, "acc": 0.9600546360015869, "length": 4.0, "mode": "test", "epoch": 43}
{"loss": 0.0953245684504509, "acc": 0.9705997109413147, "length": 3.9999840259552, "mode": "train", "epoch": 44}
{"loss": 0.11949531733989716, "acc": 0.9679470658302307, "length": 4.0, "mode": "test", "epoch": 44}
{"loss": 0.08398761600255966, "acc": 0.9747604131698608, "length": 3.9999783039093018, "mode": "train", "epoch": 45}
{"loss": 0.11004886031150818, "acc": 0.9679680466651917, "length": 4.0, "mode": "test", "epoch": 45}
{"loss": 0.08175548166036606, "acc": 0.9753630757331848, "length": 3.9999840259552, "mode": "train", "epoch": 46}
{"loss": 0.10991676151752472, "acc": 0.9679261445999146, "length": 4.0, "mode": "test", "epoch": 46}
{"loss": 0.07633551210165024, "acc": 0.9775205850601196, "length": 3.9999840259552, "mode": "train", "epoch": 47}
{"loss": 0.11507005244493484, "acc": 0.9669815897941589, "length": 4.0, "mode": "test", "epoch": 47}
{"loss": 0.077537402510643, "acc": 0.9767353534698486, "length": 3.9999799728393555, "mode": "train", "epoch": 48}
{"loss": 0.11233348399400711, "acc": 0.9704659581184387, "length": 4.0, "mode": "test", "epoch": 48}
{"loss": 0.07786472141742706, "acc": 0.9766729474067688, "length": 3.9999866485595703, "mode": "train", "epoch": 49}
{"loss": 0.1010211929678917, "acc": 0.971305787563324, "length": 4.0, "mode": "test", "epoch": 49}
{"loss": 0.08740131556987762, "acc": 0.9713780879974365, "length": 3.999993324279785, "mode": "train", "epoch": 50}
{"loss": 0.14365114271640778, "acc": 0.9520360231399536, "length": 4.0, "mode": "test", "epoch": 50}
{"loss": 0.09624136984348297, "acc": 0.9681699275970459, "length": 3.9999947547912598, "mode": "train", "epoch": 51}
{"loss": 0.11746233701705933, "acc": 0.9642317295074463, "length": 4.0, "mode": "test", "epoch": 51}
{"loss": 0.07777124643325806, "acc": 0.975559651851654, "length": 3.9999890327453613, "mode": "train", "epoch": 52}
{"loss": 0.10565052926540375, "acc": 0.9698574542999268, "length": 4.0, "mode": "test", "epoch": 52}
{"loss": 0.07090161740779877, "acc": 0.9781518578529358, "length": 3.9999961853027344, "mode": "train", "epoch": 53}
{"loss": 0.10627952218055725, "acc": 0.9708649516105652, "length": 4.0, "mode": "test", "epoch": 53}
{"loss": 0.07768391072750092, "acc": 0.9751386046409607, "length": 3.9999840259552, "mode": "train", "epoch": 54}
{"loss": 0.11939448118209839, "acc": 0.9671074151992798, "length": 4.0, "mode": "test", "epoch": 54}
{"loss": 0.0757211297750473, "acc": 0.9760295748710632, "length": 3.999997854232788, "mode": "train", "epoch": 55}
{"loss": 0.09778772294521332, "acc": 0.9698153138160706, "length": 4.0, "mode": "test", "epoch": 55}
{"loss": 0.06903456151485443, "acc": 0.9793428778648376, "length": 3.9999985694885254, "mode": "train", "epoch": 56}
{"loss": 0.08649272471666336, "acc": 0.9716205596923828, "length": 4.0, "mode": "test", "epoch": 56}
{"loss": 0.06961214542388916, "acc": 0.9788026809692383, "length": 3.999988079071045, "mode": "train", "epoch": 57}
{"loss": 0.0871790200471878, "acc": 0.9762804508209229, "length": 4.0, "mode": "test", "epoch": 57}
{"loss": 0.0575365349650383, "acc": 0.9833980202674866, "length": 3.9999940395355225, "mode": "train", "epoch": 58}
{"loss": 0.08134084194898605, "acc": 0.978316605091095, "length": 4.0, "mode": "test", "epoch": 58}
{"loss": 0.05747188627719879, "acc": 0.9841761589050293, "length": 3.999997854232788, "mode": "train", "epoch": 59}
{"loss": 0.08274472504854202, "acc": 0.9752308130264282, "length": 4.0, "mode": "test", "epoch": 59}
{"loss": 0.05967600271105766, "acc": 0.9827682971954346, "length": 3.9999985694885254, "mode": "train", "epoch": 60}
{"loss": 0.08146193623542786, "acc": 0.9780227541923523, "length": 4.0, "mode": "test", "epoch": 60}
{"loss": 0.05718431621789932, "acc": 0.9831812977790833, "length": 3.9999964237213135, "mode": "train", "epoch": 61}
{"loss": 0.07736687362194061, "acc": 0.9775188565254211, "length": 4.0, "mode": "test", "epoch": 61}
{"loss": 0.07123497873544693, "acc": 0.9784320592880249, "length": 3.99999737739563, "mode": "train", "epoch": 62}
{"loss": 0.10705792158842087, "acc": 0.9715995192527771, "length": 4.0, "mode": "test", "epoch": 62}
{"loss": 0.06361435353755951, "acc": 0.9803866744041443, "length": 3.999999761581421, "mode": "train", "epoch": 63}
{"loss": 0.0921400636434555, "acc": 0.9765952229499817, "length": 4.0, "mode": "test", "epoch": 63}
{"loss": 0.06007156893610954, "acc": 0.9828872680664062, "length": 3.9999992847442627, "mode": "train", "epoch": 64}
{"loss": 0.08758197724819183, "acc": 0.9777077436447144, "length": 4.0, "mode": "test", "epoch": 64}
{"loss": 0.05391404405236244, "acc": 0.9846875667572021, "length": 3.9999988079071045, "mode": "train", "epoch": 65}
{"loss": 0.07483988255262375, "acc": 0.9818219542503357, "length": 4.0, "mode": "test", "epoch": 65}
{"loss": 0.05048448219895363, "acc": 0.9863545298576355, "length": 3.999999523162842, "mode": "train", "epoch": 66}
{"loss": 0.07570801675319672, "acc": 0.98261958360672, "length": 4.0, "mode": "test", "epoch": 66}
{"loss": 0.05378047749400139, "acc": 0.9848693609237671, "length": 3.999997854232788, "mode": "train", "epoch": 67}
{"loss": 0.08713694661855698, "acc": 0.9795339107513428, "length": 4.0, "mode": "test", "epoch": 67}
{"loss": 0.0579570047557354, "acc": 0.9837487936019897, "length": 3.9999985694885254, "mode": "train", "epoch": 68}
{"loss": 0.09511145949363708, "acc": 0.9750839471817017, "length": 4.0, "mode": "test", "epoch": 68}
{"loss": 0.06894315034151077, "acc": 0.9792729020118713, "length": 3.999999523162842, "mode": "train", "epoch": 69}
{"loss": 0.1378924548625946, "acc": 0.9656381607055664, "length": 4.0, "mode": "test", "epoch": 69}
{"loss": 0.09297145158052444, "acc": 0.9697954058647156, "length": 3.999999523162842, "mode": "train", "epoch": 70}
{"loss": 0.11497858911752701, "acc": 0.9668135643005371, "length": 4.0, "mode": "test", "epoch": 70}
{"loss": 0.07280000299215317, "acc": 0.9779911041259766, "length": 3.999999761581421, "mode": "train", "epoch": 71}
{"loss": 0.10493738204240799, "acc": 0.972271203994751, "length": 4.0, "mode": "test", "epoch": 71}
{"loss": 0.06168222427368164, "acc": 0.9811009764671326, "length": 3.9999988079071045, "mode": "train", "epoch": 72}
{"loss": 0.10319938510656357, "acc": 0.9721242785453796, "length": 4.0, "mode": "test", "epoch": 72}
{"loss": 0.06359732151031494, "acc": 0.9797141551971436, "length": 3.999999761581421, "mode": "train", "epoch": 73}
{"loss": 0.0959417074918747, "acc": 0.9748530983924866, "length": 4.0, "mode": "test", "epoch": 73}
{"loss": 0.05922262370586395, "acc": 0.9816403985023499, "length": 3.9999988079071045, "mode": "train", "epoch": 74}
{"loss": 0.08979060500860214, "acc": 0.9787992238998413, "length": 4.0, "mode": "test", "epoch": 74}
{"loss": 0.06192479282617569, "acc": 0.9809049963951111, "length": 4.0, "mode": "train", "epoch": 75}
{"loss": 0.09949257224798203, "acc": 0.9755666851997375, "length": 4.0, "mode": "test", "epoch": 75}
{"loss": 0.055354129523038864, "acc": 0.983090341091156, "length": 4.0, "mode": "train", "epoch": 76}
{"loss": 0.10385891050100327, "acc": 0.970822811126709, "length": 4.0, "mode": "test", "epoch": 76}
{"loss": 0.05768120661377907, "acc": 0.9817245602607727, "length": 4.0, "mode": "train", "epoch": 77}
{"loss": 0.083424873650074, "acc": 0.9745591282844543, "length": 4.0, "mode": "test", "epoch": 77}
{"loss": 0.04475689306855202, "acc": 0.9869007468223572, "length": 3.99999737739563, "mode": "train", "epoch": 78}
{"loss": 0.07509496062994003, "acc": 0.979324221611023, "length": 4.0, "mode": "test", "epoch": 78}
{"loss": 0.0435003824532032, "acc": 0.9882531762123108, "length": 3.999999761581421, "mode": "train", "epoch": 79}
{"loss": 0.08006782084703445, "acc": 0.9812971949577332, "length": 4.0, "mode": "test", "epoch": 79}
{"loss": 0.0604521818459034, "acc": 0.9808069467544556, "length": 3.999999761581421, "mode": "train", "epoch": 80}
{"loss": 0.0818648710846901, "acc": 0.9795340895652771, "length": 4.0, "mode": "test", "epoch": 80}
{"loss": 0.05583149567246437, "acc": 0.9828803539276123, "length": 4.0, "mode": "train", "epoch": 81}
{"loss": 0.09678483754396439, "acc": 0.9733836650848389, "length": 4.0, "mode": "test", "epoch": 81}
{"loss": 0.06636311113834381, "acc": 0.9788385629653931, "length": 4.0, "mode": "train", "epoch": 82}
{"loss": 0.10672228038311005, "acc": 0.9687236547470093, "length": 4.0, "mode": "test", "epoch": 82}
{"loss": 0.06124015897512436, "acc": 0.9802536368370056, "length": 4.0, "mode": "train", "epoch": 83}
{"loss": 0.08787645399570465, "acc": 0.9781486988067627, "length": 4.0, "mode": "test", "epoch": 83}
{"loss": 0.04898557439446449, "acc": 0.9851778745651245, "length": 4.0, "mode": "train", "epoch": 84}
{"loss": 0.0685293897986412, "acc": 0.9840890169143677, "length": 4.0, "mode": "test", "epoch": 84}
{"loss": 0.04179834946990013, "acc": 0.988140881061554, "length": 4.0, "mode": "train", "epoch": 85}
{"loss": 0.0669030249118805, "acc": 0.9841099381446838, "length": 4.0, "mode": "test", "epoch": 85}
{"loss": 0.03806194290518761, "acc": 0.9891983866691589, "length": 3.9999985694885254, "mode": "train", "epoch": 86}
{"loss": 0.06349650025367737, "acc": 0.9865449070930481, "length": 4.0, "mode": "test", "epoch": 86}
{"loss": 0.06484843790531158, "acc": 0.9800014495849609, "length": 3.999999523162842, "mode": "train", "epoch": 87}
{"loss": 0.10908295214176178, "acc": 0.9721872210502625, "length": 4.0, "mode": "test", "epoch": 87}
{"loss": 0.047513920813798904, "acc": 0.9859131574630737, "length": 3.9999961853027344, "mode": "train", "epoch": 88}
{"loss": 0.07792414724826813, "acc": 0.9804785847663879, "length": 4.0, "mode": "test", "epoch": 88}
{"loss": 0.03855583071708679, "acc": 0.9893036484718323, "length": 4.0, "mode": "train", "epoch": 89}
{"loss": 0.07288581132888794, "acc": 0.9829345345497131, "length": 4.0, "mode": "test", "epoch": 89}
{"loss": 0.038410484790802, "acc": 0.9894295334815979, "length": 3.9999966621398926, "mode": "train", "epoch": 90}
{"loss": 0.08704991638660431, "acc": 0.9731738567352295, "length": 4.0, "mode": "test", "epoch": 90}
{"loss": 0.04493702948093414, "acc": 0.9869289994239807, "length": 4.0, "mode": "train", "epoch": 91}
{"loss": 0.0815262645483017, "acc": 0.9815911650657654, "length": 4.0, "mode": "test", "epoch": 91}
{"loss": 0.03218085691332817, "acc": 0.9916712641716003, "length": 4.0, "mode": "train", "epoch": 92}
{"loss": 0.07790039479732513, "acc": 0.9837111234664917, "length": 4.0, "mode": "test", "epoch": 92}
{"loss": 0.032732125371694565, "acc": 0.9917272925376892, "length": 3.999999761581421, "mode": "train", "epoch": 93}
{"loss": 0.07588425278663635, "acc": 0.9841309785842896, "length": 4.0, "mode": "test", "epoch": 93}
{"loss": 0.040287718176841736, "acc": 0.9887222051620483, "length": 4.0, "mode": "train", "epoch": 94}
{"loss": 0.08533716201782227, "acc": 0.9811083078384399, "length": 4.0, "mode": "test", "epoch": 94}
{"loss": 0.03263170272111893, "acc": 0.9910340309143066, "length": 4.0, "mode": "train", "epoch": 95}
{"loss": 0.0987495630979538, "acc": 0.9784216284751892, "length": 4.0, "mode": "test", "epoch": 95}
{"loss": 0.03470916673541069, "acc": 0.9904525876045227, "length": 4.0, "mode": "train", "epoch": 96}
{"loss": 0.07095477730035782, "acc": 0.9849705696105957, "length": 4.0, "mode": "test", "epoch": 96}
{"loss": 0.02838105708360672, "acc": 0.9928061366081238, "length": 3.999999761581421, "mode": "train", "epoch": 97}
{"loss": 0.07819278538227081, "acc": 0.9835010170936584, "length": 4.0, "mode": "test", "epoch": 97}
{"loss": 0.033784784376621246, "acc": 0.9915242195129395, "length": 4.0, "mode": "train", "epoch": 98}
{"loss": 0.07112438976764679, "acc": 0.9858731627464294, "length": 4.0, "mode": "test", "epoch": 98}
{"loss": 0.03109876997768879, "acc": 0.9924838542938232, "length": 3.999999761581421, "mode": "train", "epoch": 99}
{"loss": 0.07623720169067383, "acc": 0.9840680360794067, "length": 4.0, "mode": "test", "epoch": 99}
{"loss": 0.031326793134212494, "acc": 0.9922667145729065, "length": 4.0, "mode": "train", "epoch": 100}
{"loss": 0.0641477033495903, "acc": 0.9848657250404358, "length": 4.0, "mode": "test", "epoch": 100}
test accuracy: 0.7663306593894958
