# ["--attributes=3", "--values=4", "--game_size=20", "--vocab_size_factor=3", "--n_epochs=100", "--batch_size=64", "--learning_rate=0.0005", "--hidden_size=128", "--temp_update=0.99", "--temperature=2"]
Creating train_ds and val_ds...

Creating test_ds...
{"loss": 0.6911367774009705, "acc": 0.5350016355514526, "length": 3.290792942047119, "mode": "train", "epoch": 1}
{"loss": 0.6644271612167358, "acc": 0.6270884871482849, "length": 2.5969772338867188, "mode": "test", "epoch": 1}
{"loss": 0.5979063510894775, "acc": 0.7128686904907227, "length": 3.1564223766326904, "mode": "train", "epoch": 2}
{"loss": 0.5117528438568115, "acc": 0.7688563466072083, "length": 3.705289602279663, "mode": "test", "epoch": 2}
{"loss": 0.4480886459350586, "acc": 0.7997702360153198, "length": 3.5844075679779053, "mode": "train", "epoch": 3}
{"loss": 0.43895426392555237, "acc": 0.8046161532402039, "length": 3.7094879150390625, "mode": "test", "epoch": 3}
{"loss": 0.36062091588974, "acc": 0.845812976360321, "length": 3.7579593658447266, "mode": "train", "epoch": 4}
{"loss": 0.39387020468711853, "acc": 0.8360813856124878, "length": 3.9664146900177, "mode": "test", "epoch": 4}
{"loss": 0.2860005497932434, "acc": 0.8817705512046814, "length": 3.9343605041503906, "mode": "train", "epoch": 5}
{"loss": 0.3690113127231598, "acc": 0.8480478525161743, "length": 4.0, "mode": "test", "epoch": 5}
{"loss": 0.24583742022514343, "acc": 0.9026671051979065, "length": 3.9726412296295166, "mode": "train", "epoch": 6}
{"loss": 0.36049169301986694, "acc": 0.8603274822235107, "length": 4.0, "mode": "test", "epoch": 6}
{"loss": 0.2240852564573288, "acc": 0.9124289751052856, "length": 3.98235821723938, "mode": "train", "epoch": 7}
{"loss": 0.34955400228500366, "acc": 0.8615028858184814, "length": 4.0, "mode": "test", "epoch": 7}
{"loss": 0.20880569517612457, "acc": 0.9181610345840454, "length": 3.986973524093628, "mode": "train", "epoch": 8}
{"loss": 0.32685574889183044, "acc": 0.8731319308280945, "length": 4.0, "mode": "test", "epoch": 8}
{"loss": 0.19131942093372345, "acc": 0.9269533157348633, "length": 3.9900264739990234, "mode": "train", "epoch": 9}
{"loss": 0.30685168504714966, "acc": 0.8782745599746704, "length": 4.0, "mode": "test", "epoch": 9}
{"loss": 0.18139192461967468, "acc": 0.9305821657180786, "length": 3.991257429122925, "mode": "train", "epoch": 10}
{"loss": 0.3160727322101593, "acc": 0.8740136027336121, "length": 4.0, "mode": "test", "epoch": 10}
{"loss": 0.17141017317771912, "acc": 0.9362607598304749, "length": 3.9929604530334473, "mode": "train", "epoch": 11}
{"loss": 0.30157575011253357, "acc": 0.8864820003509521, "length": 4.0, "mode": "test", "epoch": 11}
{"loss": 0.16283494234085083, "acc": 0.9397119879722595, "length": 3.9947006702423096, "mode": "train", "epoch": 12}
{"loss": 0.2860211730003357, "acc": 0.896179735660553, "length": 4.0, "mode": "test", "epoch": 12}
{"loss": 0.1507030725479126, "acc": 0.9456163048744202, "length": 3.994948148727417, "mode": "train", "epoch": 13}
{"loss": 0.2525516450405121, "acc": 0.908585250377655, "length": 4.0, "mode": "test", "epoch": 13}
{"loss": 0.14491458237171173, "acc": 0.9456968307495117, "length": 3.995887517929077, "mode": "train", "epoch": 14}
{"loss": 0.2498377561569214, "acc": 0.9108942151069641, "length": 4.0, "mode": "test", "epoch": 14}
{"loss": 0.1349969208240509, "acc": 0.9504975080490112, "length": 3.9963035583496094, "mode": "train", "epoch": 15}
{"loss": 0.21743109822273254, "acc": 0.9179681539535522, "length": 4.0, "mode": "test", "epoch": 15}
{"loss": 0.12460889667272568, "acc": 0.9553013443946838, "length": 3.9968714714050293, "mode": "train", "epoch": 16}
{"loss": 0.2101079374551773, "acc": 0.9262173771858215, "length": 4.0, "mode": "test", "epoch": 16}
{"loss": 0.11945629864931107, "acc": 0.9572603702545166, "length": 3.9973931312561035, "mode": "train", "epoch": 17}
{"loss": 0.20073190331459045, "acc": 0.9333333373069763, "length": 4.0, "mode": "test", "epoch": 17}
{"loss": 0.11498584598302841, "acc": 0.9586324691772461, "length": 3.9977009296417236, "mode": "train", "epoch": 18}
{"loss": 0.1835194230079651, "acc": 0.9302477240562439, "length": 4.0, "mode": "test", "epoch": 18}
{"loss": 0.10850711166858673, "acc": 0.9619704484939575, "length": 3.998178005218506, "mode": "train", "epoch": 19}
{"loss": 0.16604332625865936, "acc": 0.9379302859306335, "length": 4.0, "mode": "test", "epoch": 19}
{"loss": 0.1028006374835968, "acc": 0.9643771648406982, "length": 3.998494863510132, "mode": "train", "epoch": 20}
{"loss": 0.170772522687912, "acc": 0.9377833008766174, "length": 4.0, "mode": "test", "epoch": 20}
{"loss": 0.09820286929607391, "acc": 0.9654991030693054, "length": 3.9985198974609375, "mode": "train", "epoch": 21}
{"loss": 0.15476477146148682, "acc": 0.9378883242607117, "length": 4.0, "mode": "test", "epoch": 21}
{"loss": 0.09500943124294281, "acc": 0.9668883085250854, "length": 3.9987828731536865, "mode": "train", "epoch": 22}
{"loss": 0.14889903366565704, "acc": 0.9476699829101562, "length": 4.0, "mode": "test", "epoch": 22}
{"loss": 0.08896228671073914, "acc": 0.9703242778778076, "length": 3.998769521713257, "mode": "train", "epoch": 23}
{"loss": 0.1362331211566925, "acc": 0.9527707695960999, "length": 4.0, "mode": "test", "epoch": 23}
{"loss": 0.08676420152187347, "acc": 0.9716751575469971, "length": 3.99897837638855, "mode": "train", "epoch": 24}
{"loss": 0.1590355485677719, "acc": 0.9427790641784668, "length": 4.0, "mode": "test", "epoch": 24}
{"loss": 0.08131682872772217, "acc": 0.9730110764503479, "length": 3.9990642070770264, "mode": "train", "epoch": 25}
{"loss": 0.14256232976913452, "acc": 0.9418137669563293, "length": 4.0, "mode": "test", "epoch": 25}
{"loss": 0.07662540674209595, "acc": 0.9758802652359009, "length": 3.99924373626709, "mode": "train", "epoch": 26}
{"loss": 0.12845034897327423, "acc": 0.9493492245674133, "length": 4.0, "mode": "test", "epoch": 26}
{"loss": 0.0736713707447052, "acc": 0.9764269590377808, "length": 3.999255657196045, "mode": "train", "epoch": 27}
{"loss": 0.1318126916885376, "acc": 0.9530855417251587, "length": 4.0, "mode": "test", "epoch": 27}
{"loss": 0.07366368919610977, "acc": 0.9760981202125549, "length": 3.999335527420044, "mode": "train", "epoch": 28}
{"loss": 0.13082271814346313, "acc": 0.9470404386520386, "length": 4.0, "mode": "test", "epoch": 28}
{"loss": 0.07180909067392349, "acc": 0.976702868938446, "length": 3.9994077682495117, "mode": "train", "epoch": 29}
{"loss": 0.12076852470636368, "acc": 0.9504618048667908, "length": 4.0, "mode": "test", "epoch": 29}
{"loss": 0.06931230425834656, "acc": 0.9787724018096924, "length": 3.9994637966156006, "mode": "train", "epoch": 30}
{"loss": 0.11890824139118195, "acc": 0.9539461731910706, "length": 4.0, "mode": "test", "epoch": 30}
{"loss": 0.06703457236289978, "acc": 0.9793989062309265, "length": 3.999511241912842, "mode": "train", "epoch": 31}
{"loss": 0.10494983941316605, "acc": 0.9605371356010437, "length": 4.0, "mode": "test", "epoch": 31}
{"loss": 0.06485985964536667, "acc": 0.9793161749839783, "length": 3.9996159076690674, "mode": "train", "epoch": 32}
{"loss": 0.11709675192832947, "acc": 0.9576195478439331, "length": 4.0, "mode": "test", "epoch": 32}
{"loss": 0.06117964908480644, "acc": 0.9819034934043884, "length": 3.9996540546417236, "mode": "train", "epoch": 33}
{"loss": 0.09988962113857269, "acc": 0.965386152267456, "length": 4.0, "mode": "test", "epoch": 33}
{"loss": 0.057371336966753006, "acc": 0.9827149510383606, "length": 3.999657154083252, "mode": "train", "epoch": 34}
{"loss": 0.0962921753525734, "acc": 0.9654491543769836, "length": 4.0, "mode": "test", "epoch": 34}
{"loss": 0.058600082993507385, "acc": 0.9825097918510437, "length": 3.9996182918548584, "mode": "train", "epoch": 35}
{"loss": 0.10527859628200531, "acc": 0.9629094004631042, "length": 4.0, "mode": "test", "epoch": 35}
{"loss": 0.054655320942401886, "acc": 0.9843892455101013, "length": 3.999749183654785, "mode": "train", "epoch": 36}
{"loss": 0.10200463980436325, "acc": 0.9682830572128296, "length": 4.0, "mode": "test", "epoch": 36}
{"loss": 0.055391911417245865, "acc": 0.9833470582962036, "length": 3.9997658729553223, "mode": "train", "epoch": 37}
{"loss": 0.08512213081121445, "acc": 0.972313404083252, "length": 4.0, "mode": "test", "epoch": 37}
{"loss": 0.05119354650378227, "acc": 0.9858614802360535, "length": 3.999764919281006, "mode": "train", "epoch": 38}
{"loss": 0.0766603872179985, "acc": 0.9752098917961121, "length": 4.0, "mode": "test", "epoch": 38}
{"loss": 0.049166347831487656, "acc": 0.9868466258049011, "length": 3.999831438064575, "mode": "train", "epoch": 39}
{"loss": 0.08058144897222519, "acc": 0.9717254042625427, "length": 4.0, "mode": "test", "epoch": 39}
{"loss": 0.050810303539037704, "acc": 0.9858295321464539, "length": 3.9998092651367188, "mode": "train", "epoch": 40}
{"loss": 0.07514204829931259, "acc": 0.9764484167098999, "length": 4.0, "mode": "test", "epoch": 40}
{"loss": 0.047919753938913345, "acc": 0.9863083958625793, "length": 3.9998443126678467, "mode": "train", "epoch": 41}
{"loss": 0.07951954007148743, "acc": 0.9742861986160278, "length": 4.0, "mode": "test", "epoch": 41}
{"loss": 0.045878540724515915, "acc": 0.9878156781196594, "length": 3.999863624572754, "mode": "train", "epoch": 42}
{"loss": 0.06994681060314178, "acc": 0.976574182510376, "length": 4.0, "mode": "test", "epoch": 42}
{"loss": 0.0429995134472847, "acc": 0.9884051084518433, "length": 3.999872922897339, "mode": "train", "epoch": 43}
{"loss": 0.0671200379729271, "acc": 0.977246105670929, "length": 4.0, "mode": "test", "epoch": 43}
{"loss": 0.042058609426021576, "acc": 0.988692581653595, "length": 3.999873399734497, "mode": "train", "epoch": 44}
{"loss": 0.06782756745815277, "acc": 0.9791350960731506, "length": 4.0, "mode": "test", "epoch": 44}
{"loss": 0.045442838221788406, "acc": 0.9875644445419312, "length": 3.9998655319213867, "mode": "train", "epoch": 45}
{"loss": 0.06607809662818909, "acc": 0.9749161601066589, "length": 4.0, "mode": "test", "epoch": 45}
{"loss": 0.039112918078899384, "acc": 0.9898844361305237, "length": 3.999897003173828, "mode": "train", "epoch": 46}
{"loss": 0.059420160949230194, "acc": 0.9810453653335571, "length": 4.0, "mode": "test", "epoch": 46}
{"loss": 0.03937126323580742, "acc": 0.9891717433929443, "length": 3.9999167919158936, "mode": "train", "epoch": 47}
{"loss": 0.05400336906313896, "acc": 0.9828715324401855, "length": 4.0, "mode": "test", "epoch": 47}
{"loss": 0.03668300062417984, "acc": 0.990480899810791, "length": 3.9999074935913086, "mode": "train", "epoch": 48}
{"loss": 0.058872077614068985, "acc": 0.9826826453208923, "length": 4.0, "mode": "test", "epoch": 48}
{"loss": 0.03814148157835007, "acc": 0.9901065230369568, "length": 3.999880790710449, "mode": "train", "epoch": 49}
{"loss": 0.058552421629428864, "acc": 0.9814020395278931, "length": 4.0, "mode": "test", "epoch": 49}
{"loss": 0.03674517944455147, "acc": 0.9896306395530701, "length": 3.9998724460601807, "mode": "train", "epoch": 50}
{"loss": 0.0708402767777443, "acc": 0.9779598116874695, "length": 4.0, "mode": "test", "epoch": 50}
{"loss": 0.0369296558201313, "acc": 0.9897390007972717, "length": 3.99991774559021, "mode": "train", "epoch": 51}
{"loss": 0.051614973694086075, "acc": 0.9856002926826477, "length": 4.0, "mode": "test", "epoch": 51}
{"loss": 0.03430769219994545, "acc": 0.991303563117981, "length": 3.9999501705169678, "mode": "train", "epoch": 52}
{"loss": 0.05125879868865013, "acc": 0.9851803779602051, "length": 4.0, "mode": "test", "epoch": 52}
{"loss": 0.03061033971607685, "acc": 0.9924600124359131, "length": 3.9999585151672363, "mode": "train", "epoch": 53}
{"loss": 0.05155141279101372, "acc": 0.983039379119873, "length": 4.0, "mode": "test", "epoch": 53}
{"loss": 0.03280552849173546, "acc": 0.9912471175193787, "length": 3.9999449253082275, "mode": "train", "epoch": 54}
{"loss": 0.05244636908173561, "acc": 0.9845298528671265, "length": 4.0, "mode": "test", "epoch": 54}
{"loss": 0.032827045768499374, "acc": 0.9913188815116882, "length": 3.999966859817505, "mode": "train", "epoch": 55}
{"loss": 0.04681506007909775, "acc": 0.987195611000061, "length": 4.0, "mode": "test", "epoch": 55}
{"loss": 0.029939305037260056, "acc": 0.9930413961410522, "length": 3.999958038330078, "mode": "train", "epoch": 56}
{"loss": 0.044946543872356415, "acc": 0.9872376322746277, "length": 4.0, "mode": "test", "epoch": 56}
{"loss": 0.028945107012987137, "acc": 0.9928949475288391, "length": 3.9999680519104004, "mode": "train", "epoch": 57}
{"loss": 0.04965269938111305, "acc": 0.985054612159729, "length": 4.0, "mode": "test", "epoch": 57}
{"loss": 0.027752632275223732, "acc": 0.9936161041259766, "length": 3.9999635219573975, "mode": "train", "epoch": 58}
{"loss": 0.050916705280542374, "acc": 0.9869857430458069, "length": 4.0, "mode": "test", "epoch": 58}
{"loss": 0.028820255771279335, "acc": 0.9930494427680969, "length": 3.9999747276306152, "mode": "train", "epoch": 59}
{"loss": 0.05977451801300049, "acc": 0.9868387579917908, "length": 4.0, "mode": "test", "epoch": 59}
{"loss": 0.030094187706708908, "acc": 0.992965817451477, "length": 3.9999794960021973, "mode": "train", "epoch": 60}
{"loss": 0.045530766248703, "acc": 0.988644003868103, "length": 4.0, "mode": "test", "epoch": 60}
{"loss": 0.025772469118237495, "acc": 0.9942193627357483, "length": 3.999969959259033, "mode": "train", "epoch": 61}
{"loss": 0.035168178379535675, "acc": 0.9908901453018188, "length": 4.0, "mode": "test", "epoch": 61}
{"loss": 0.02508271113038063, "acc": 0.9944226145744324, "length": 3.9999783039093018, "mode": "train", "epoch": 62}
{"loss": 0.034452226012945175, "acc": 0.991540789604187, "length": 4.0, "mode": "test", "epoch": 62}
{"loss": 0.023276789113879204, "acc": 0.9946746230125427, "length": 3.999969959259033, "mode": "train", "epoch": 63}
{"loss": 0.04056659713387489, "acc": 0.9901973009109497, "length": 4.0, "mode": "test", "epoch": 63}
{"loss": 0.0207954291254282, "acc": 0.9956841468811035, "length": 3.999988079071045, "mode": "train", "epoch": 64}
{"loss": 0.03392387554049492, "acc": 0.992443323135376, "length": 4.0, "mode": "test", "epoch": 64}
{"loss": 0.02350478805601597, "acc": 0.9944583177566528, "length": 3.999985933303833, "mode": "train", "epoch": 65}
{"loss": 0.0405346155166626, "acc": 0.9898824095726013, "length": 4.0, "mode": "test", "epoch": 65}
{"loss": 0.022342674434185028, "acc": 0.9948017597198486, "length": 3.9999914169311523, "mode": "train", "epoch": 66}
{"loss": 0.035268042236566544, "acc": 0.9901131987571716, "length": 4.0, "mode": "test", "epoch": 66}
{"loss": 0.0320747047662735, "acc": 0.9912080764770508, "length": 3.999985933303833, "mode": "train", "epoch": 67}
{"loss": 0.03965134918689728, "acc": 0.992422342300415, "length": 4.0, "mode": "test", "epoch": 67}
{"loss": 0.02026521973311901, "acc": 0.9957330226898193, "length": 3.9999828338623047, "mode": "train", "epoch": 68}
{"loss": 0.03198078274726868, "acc": 0.9932620525360107, "length": 4.0, "mode": "test", "epoch": 68}
{"loss": 0.02035423181951046, "acc": 0.9949421286582947, "length": 3.9999947547912598, "mode": "train", "epoch": 69}
{"loss": 0.02873350866138935, "acc": 0.9922125339508057, "length": 4.0, "mode": "test", "epoch": 69}
{"loss": 0.020306669175624847, "acc": 0.9960700273513794, "length": 3.999994993209839, "mode": "train", "epoch": 70}
{"loss": 0.0339488759636879, "acc": 0.9913308620452881, "length": 4.0, "mode": "test", "epoch": 70}
{"loss": 0.015915319323539734, "acc": 0.9973647594451904, "length": 3.999980926513672, "mode": "train", "epoch": 71}
{"loss": 0.02438097819685936, "acc": 0.995445191860199, "length": 4.0, "mode": "test", "epoch": 71}
{"loss": 0.018839705735445023, "acc": 0.996027410030365, "length": 3.999985456466675, "mode": "train", "epoch": 72}
{"loss": 0.03306517004966736, "acc": 0.9900293946266174, "length": 4.0, "mode": "test", "epoch": 72}
{"loss": 0.018302155658602715, "acc": 0.9959787726402283, "length": 3.9999923706054688, "mode": "train", "epoch": 73}
{"loss": 0.029077570885419846, "acc": 0.9930939674377441, "length": 4.0, "mode": "test", "epoch": 73}
{"loss": 0.01723399944603443, "acc": 0.9965043067932129, "length": 3.9999959468841553, "mode": "train", "epoch": 74}
{"loss": 0.023565124720335007, "acc": 0.9957178831100464, "length": 4.0, "mode": "test", "epoch": 74}
{"loss": 0.014132393524050713, "acc": 0.9980104565620422, "length": 3.99999737739563, "mode": "train", "epoch": 75}
{"loss": 0.02408464439213276, "acc": 0.9943743944168091, "length": 4.0, "mode": "test", "epoch": 75}
{"loss": 0.025373222306370735, "acc": 0.9934223890304565, "length": 3.9999983310699463, "mode": "train", "epoch": 76}
{"loss": 0.03853536397218704, "acc": 0.9909529685974121, "length": 4.0, "mode": "test", "epoch": 76}
{"loss": 0.019776323810219765, "acc": 0.9949563145637512, "length": 3.9999983310699463, "mode": "train", "epoch": 77}
{"loss": 0.0338449589908123, "acc": 0.9908690452575684, "length": 4.0, "mode": "test", "epoch": 77}
{"loss": 0.015838783234357834, "acc": 0.9970228672027588, "length": 3.999997854232788, "mode": "train", "epoch": 78}
{"loss": 0.029107583686709404, "acc": 0.9937238693237305, "length": 4.0, "mode": "test", "epoch": 78}
{"loss": 0.03529367968440056, "acc": 0.9900670647621155, "length": 3.9999983310699463, "mode": "train", "epoch": 79}
{"loss": 0.03801633045077324, "acc": 0.9897565245628357, "length": 4.0, "mode": "test", "epoch": 79}
{"loss": 0.022410254925489426, "acc": 0.994529128074646, "length": 3.999997615814209, "mode": "train", "epoch": 80}
{"loss": 0.029144039377570152, "acc": 0.99357670545578, "length": 4.0, "mode": "test", "epoch": 80}
{"loss": 0.020984020084142685, "acc": 0.995614767074585, "length": 3.9999964237213135, "mode": "train", "epoch": 81}
{"loss": 0.04748987406492233, "acc": 0.9874476790428162, "length": 4.0, "mode": "test", "epoch": 81}
{"loss": 0.01883358508348465, "acc": 0.996258556842804, "length": 3.9999876022338867, "mode": "train", "epoch": 82}
{"loss": 0.021878616884350777, "acc": 0.9956548810005188, "length": 4.0, "mode": "test", "epoch": 82}
{"loss": 0.017479538917541504, "acc": 0.9961609244346619, "length": 3.9999940395355225, "mode": "train", "epoch": 83}
{"loss": 0.02794589288532734, "acc": 0.9924642443656921, "length": 4.0, "mode": "test", "epoch": 83}
{"loss": 0.012954289093613625, "acc": 0.997464120388031, "length": 3.999998092651367, "mode": "train", "epoch": 84}
{"loss": 0.020119931548833847, "acc": 0.9959068298339844, "length": 4.0, "mode": "test", "epoch": 84}
{"loss": 0.011359630152583122, "acc": 0.9982976317405701, "length": 3.999997854232788, "mode": "train", "epoch": 85}
{"loss": 0.021684400737285614, "acc": 0.9951721429824829, "length": 4.0, "mode": "test", "epoch": 85}
{"loss": 0.011666889302432537, "acc": 0.9979965090751648, "length": 3.9999983310699463, "mode": "train", "epoch": 86}
{"loss": 0.01783507689833641, "acc": 0.996578574180603, "length": 4.0, "mode": "test", "epoch": 86}
{"loss": 0.01678546890616417, "acc": 0.9967218041419983, "length": 3.9998457431793213, "mode": "train", "epoch": 87}
{"loss": 0.02123589813709259, "acc": 0.9959276914596558, "length": 4.0, "mode": "test", "epoch": 87}
{"loss": 0.013878442347049713, "acc": 0.9974712133407593, "length": 3.999999523162842, "mode": "train", "epoch": 88}
{"loss": 0.021271565929055214, "acc": 0.9952979683876038, "length": 4.0, "mode": "test", "epoch": 88}
{"loss": 0.010195361450314522, "acc": 0.9983328580856323, "length": 3.999999523162842, "mode": "train", "epoch": 89}
{"loss": 0.016425099223852158, "acc": 0.9963057041168213, "length": 4.0, "mode": "test", "epoch": 89}
{"loss": 0.011215162463486195, "acc": 0.9976393580436707, "length": 3.999999523162842, "mode": "train", "epoch": 90}
{"loss": 0.018774058669805527, "acc": 0.9966626167297363, "length": 4.0, "mode": "test", "epoch": 90}
{"loss": 0.011007461696863174, "acc": 0.9980666041374207, "length": 3.9999988079071045, "mode": "train", "epoch": 91}
{"loss": 0.012617801316082478, "acc": 0.9973761439323425, "length": 4.0, "mode": "test", "epoch": 91}
{"loss": 0.008280971087515354, "acc": 0.9986830353736877, "length": 3.9999992847442627, "mode": "train", "epoch": 92}
{"loss": 0.011780880391597748, "acc": 0.9978591203689575, "length": 4.0, "mode": "test", "epoch": 92}
{"loss": 0.009151403792202473, "acc": 0.9983396530151367, "length": 3.999995708465576, "mode": "train", "epoch": 93}
{"loss": 0.013177665881812572, "acc": 0.997481107711792, "length": 4.0, "mode": "test", "epoch": 93}
{"loss": 0.010113163851201534, "acc": 0.9982277154922485, "length": 4.0, "mode": "train", "epoch": 94}
{"loss": 0.013698098249733448, "acc": 0.9972291588783264, "length": 4.0, "mode": "test", "epoch": 94}
{"loss": 0.009943602606654167, "acc": 0.9983469247817993, "length": 4.0, "mode": "train", "epoch": 95}
{"loss": 0.022304339334368706, "acc": 0.9955920577049255, "length": 4.0, "mode": "test", "epoch": 95}
{"loss": 0.009620323777198792, "acc": 0.9980528354644775, "length": 4.0, "mode": "train", "epoch": 96}
{"loss": 0.019210413098335266, "acc": 0.995675802230835, "length": 4.0, "mode": "test", "epoch": 96}
{"loss": 0.014769609086215496, "acc": 0.9966306686401367, "length": 4.0, "mode": "train", "epoch": 97}
{"loss": 0.038282785564661026, "acc": 0.9898614287376404, "length": 4.0, "mode": "test", "epoch": 97}
{"loss": 0.023897714912891388, "acc": 0.9930858612060547, "length": 3.9999911785125732, "mode": "train", "epoch": 98}
{"loss": 0.028773881494998932, "acc": 0.9931150674819946, "length": 4.0, "mode": "test", "epoch": 98}
{"loss": 0.012836514972150326, "acc": 0.9972119927406311, "length": 3.999999523162842, "mode": "train", "epoch": 99}
{"loss": 0.02110438048839569, "acc": 0.9942065477371216, "length": 4.0, "mode": "test", "epoch": 99}
{"loss": 0.01005107443779707, "acc": 0.9980106949806213, "length": 3.999999523162842, "mode": "train", "epoch": 100}
{"loss": 0.028262164443731308, "acc": 0.9925903081893921, "length": 4.0, "mode": "test", "epoch": 100}
test accuracy: 0.8008466362953186
