# ["--attributes=3", "--values=4", "--game_size=20", "--vocab_size_factor=3", "--n_epochs=100", "--batch_size=64", "--learning_rate=0.0005", "--hidden_size=256", "--temp_update=0.97", "--temperature=1.5"]
Creating train_ds and val_ds...

Creating test_ds...
{"loss": 0.664229691028595, "acc": 0.5829715728759766, "length": 2.5853774547576904, "mode": "train", "epoch": 1}
{"loss": 0.5745751857757568, "acc": 0.6983469128608704, "length": 2.7095682621002197, "mode": "test", "epoch": 1}
{"loss": 0.5160934925079346, "acc": 0.7421163320541382, "length": 2.90212082862854, "mode": "train", "epoch": 2}
{"loss": 0.4842771291732788, "acc": 0.7691159248352051, "length": 3.0906012058258057, "mode": "test", "epoch": 2}
{"loss": 0.4531821012496948, "acc": 0.7811667919158936, "length": 3.0957326889038086, "mode": "train", "epoch": 3}
{"loss": 0.4599674642086029, "acc": 0.7896974086761475, "length": 3.1168501377105713, "mode": "test", "epoch": 3}
{"loss": 0.41931426525115967, "acc": 0.8001739978790283, "length": 3.097055196762085, "mode": "train", "epoch": 4}
{"loss": 0.428352415561676, "acc": 0.8124791979789734, "length": 3.0685858726501465, "mode": "test", "epoch": 4}
{"loss": 0.39314523339271545, "acc": 0.8228957653045654, "length": 3.1728744506835938, "mode": "train", "epoch": 5}
{"loss": 0.40719369053840637, "acc": 0.823944628238678, "length": 3.3649449348449707, "mode": "test", "epoch": 5}
{"loss": 0.3520870804786682, "acc": 0.8447909355163574, "length": 3.553647756576538, "mode": "train", "epoch": 6}
{"loss": 0.34558799862861633, "acc": 0.8584309220314026, "length": 3.7637596130371094, "mode": "test", "epoch": 6}
{"loss": 0.2942906320095062, "acc": 0.8743487000465393, "length": 3.8590261936187744, "mode": "train", "epoch": 7}
{"loss": 0.2752971351146698, "acc": 0.8892675638198853, "length": 4.0, "mode": "test", "epoch": 7}
{"loss": 0.25768086314201355, "acc": 0.8944773077964783, "length": 3.9905407428741455, "mode": "train", "epoch": 8}
{"loss": 0.26808425784111023, "acc": 0.8903683423995972, "length": 4.0, "mode": "test", "epoch": 8}
{"loss": 0.2384118288755417, "acc": 0.9061732292175293, "length": 3.9975907802581787, "mode": "train", "epoch": 9}
{"loss": 0.24049779772758484, "acc": 0.9106477499008179, "length": 4.0, "mode": "test", "epoch": 9}
{"loss": 0.22035449743270874, "acc": 0.9149816632270813, "length": 3.997695207595825, "mode": "train", "epoch": 10}
{"loss": 0.24196605384349823, "acc": 0.9108171463012695, "length": 4.0, "mode": "test", "epoch": 10}
{"loss": 0.2062988430261612, "acc": 0.9218617677688599, "length": 3.999051809310913, "mode": "train", "epoch": 11}
{"loss": 0.2034529149532318, "acc": 0.9241321086883545, "length": 4.0, "mode": "test", "epoch": 11}
{"loss": 0.18866494297981262, "acc": 0.9309767484664917, "length": 3.99955415725708, "mode": "train", "epoch": 12}
{"loss": 0.2032279670238495, "acc": 0.927243709564209, "length": 4.0, "mode": "test", "epoch": 12}
{"loss": 0.17879030108451843, "acc": 0.9346123933792114, "length": 3.9995899200439453, "mode": "train", "epoch": 13}
{"loss": 0.19424495100975037, "acc": 0.9315198063850403, "length": 4.0, "mode": "test", "epoch": 13}
{"loss": 0.16919030249118805, "acc": 0.9391359090805054, "length": 3.9998037815093994, "mode": "train", "epoch": 14}
{"loss": 0.17911620438098907, "acc": 0.9391619563102722, "length": 4.0, "mode": "test", "epoch": 14}
{"loss": 0.16398730874061584, "acc": 0.943300724029541, "length": 3.999870777130127, "mode": "train", "epoch": 15}
{"loss": 0.17128434777259827, "acc": 0.9448137879371643, "length": 4.0, "mode": "test", "epoch": 15}
{"loss": 0.1581321805715561, "acc": 0.9466267228126526, "length": 3.9998648166656494, "mode": "train", "epoch": 16}
{"loss": 0.17819219827651978, "acc": 0.9373834133148193, "length": 4.0, "mode": "test", "epoch": 16}
{"loss": 0.15127377212047577, "acc": 0.9493647217750549, "length": 3.999831199645996, "mode": "train", "epoch": 17}
{"loss": 0.16066348552703857, "acc": 0.9489204287528992, "length": 4.0, "mode": "test", "epoch": 17}
{"loss": 0.14485356211662292, "acc": 0.952042281627655, "length": 3.9999260902404785, "mode": "train", "epoch": 18}
{"loss": 0.15641051530838013, "acc": 0.9490473866462708, "length": 4.0, "mode": "test", "epoch": 18}
{"loss": 0.14562278985977173, "acc": 0.9528568387031555, "length": 3.9999585151672363, "mode": "train", "epoch": 19}
{"loss": 0.16054245829582214, "acc": 0.9466552734375, "length": 4.0, "mode": "test", "epoch": 19}
{"loss": 0.13594351708889008, "acc": 0.9542850852012634, "length": 3.9999706745147705, "mode": "train", "epoch": 20}
{"loss": 0.1479627788066864, "acc": 0.952095627784729, "length": 4.0, "mode": "test", "epoch": 20}
{"loss": 0.13481974601745605, "acc": 0.9549553394317627, "length": 3.9999642372131348, "mode": "train", "epoch": 21}
{"loss": 0.17785079777240753, "acc": 0.9391830563545227, "length": 4.0, "mode": "test", "epoch": 21}
{"loss": 0.13322985172271729, "acc": 0.9556925296783447, "length": 3.999988079071045, "mode": "train", "epoch": 22}
{"loss": 0.16719380021095276, "acc": 0.94256991147995, "length": 4.0, "mode": "test", "epoch": 22}
{"loss": 0.15787862241268158, "acc": 0.9440650939941406, "length": 3.999987840652466, "mode": "train", "epoch": 23}
{"loss": 0.15975645184516907, "acc": 0.941024661064148, "length": 4.0, "mode": "test", "epoch": 23}
{"loss": 0.1356549710035324, "acc": 0.9524714350700378, "length": 3.999990701675415, "mode": "train", "epoch": 24}
{"loss": 0.13888667523860931, "acc": 0.9539161324501038, "length": 4.0, "mode": "test", "epoch": 24}
{"loss": 0.12391647696495056, "acc": 0.9589424133300781, "length": 3.9999914169311523, "mode": "train", "epoch": 25}
{"loss": 0.13287533819675446, "acc": 0.9559058547019958, "length": 4.0, "mode": "test", "epoch": 25}
{"loss": 0.12199229747056961, "acc": 0.9586463570594788, "length": 3.999997854232788, "mode": "train", "epoch": 26}
{"loss": 0.13544997572898865, "acc": 0.9540008902549744, "length": 4.0, "mode": "test", "epoch": 26}
{"loss": 0.12193247675895691, "acc": 0.9567315578460693, "length": 3.999993085861206, "mode": "train", "epoch": 27}
{"loss": 0.12960368394851685, "acc": 0.9561598896980286, "length": 4.0, "mode": "test", "epoch": 27}
{"loss": 0.11577761918306351, "acc": 0.9592675566673279, "length": 3.9999945163726807, "mode": "train", "epoch": 28}
{"loss": 0.13488638401031494, "acc": 0.952307403087616, "length": 4.0, "mode": "test", "epoch": 28}
{"loss": 0.12694701552391052, "acc": 0.9559406042098999, "length": 3.9999969005584717, "mode": "train", "epoch": 29}
{"loss": 0.12445620447397232, "acc": 0.9586156010627747, "length": 4.0, "mode": "test", "epoch": 29}
{"loss": 0.11402983218431473, "acc": 0.9614498019218445, "length": 3.9999911785125732, "mode": "train", "epoch": 30}
{"loss": 0.11981876194477081, "acc": 0.9591872692108154, "length": 4.0, "mode": "test", "epoch": 30}
{"loss": 0.11328651756048203, "acc": 0.9605889916419983, "length": 3.999889850616455, "mode": "train", "epoch": 31}
{"loss": 0.11210846900939941, "acc": 0.962595522403717, "length": 4.0, "mode": "test", "epoch": 31}
{"loss": 0.10754159837961197, "acc": 0.9642059803009033, "length": 3.9999992847442627, "mode": "train", "epoch": 32}
{"loss": 0.1073344498872757, "acc": 0.9655166268348694, "length": 4.0, "mode": "test", "epoch": 32}
{"loss": 0.10899246484041214, "acc": 0.9625670313835144, "length": 3.9999992847442627, "mode": "train", "epoch": 33}
{"loss": 0.13485214114189148, "acc": 0.9531751275062561, "length": 4.0, "mode": "test", "epoch": 33}
{"loss": 0.10551388561725616, "acc": 0.9639869332313538, "length": 4.0, "mode": "train", "epoch": 34}
{"loss": 0.11064793914556503, "acc": 0.9624258279800415, "length": 4.0, "mode": "test", "epoch": 34}
{"loss": 0.10090375691652298, "acc": 0.9663676619529724, "length": 3.999999523162842, "mode": "train", "epoch": 35}
{"loss": 0.10954633355140686, "acc": 0.9624896049499512, "length": 4.0, "mode": "test", "epoch": 35}
{"loss": 0.10458590090274811, "acc": 0.9642342329025269, "length": 4.0, "mode": "train", "epoch": 36}
{"loss": 0.10398177802562714, "acc": 0.9663844704627991, "length": 4.0, "mode": "test", "epoch": 36}
{"loss": 0.10346924513578415, "acc": 0.9657443165779114, "length": 3.9999895095825195, "mode": "train", "epoch": 37}
{"loss": 0.10727588832378387, "acc": 0.9638017416000366, "length": 4.0, "mode": "test", "epoch": 37}
{"loss": 0.09906827658414841, "acc": 0.9661768078804016, "length": 4.0, "mode": "train", "epoch": 38}
{"loss": 0.11307329684495926, "acc": 0.9633997082710266, "length": 4.0, "mode": "test", "epoch": 38}
{"loss": 0.09964795410633087, "acc": 0.9674060344696045, "length": 3.999999761581421, "mode": "train", "epoch": 39}
{"loss": 0.12817148864269257, "acc": 0.96193927526474, "length": 4.0, "mode": "test", "epoch": 39}
{"loss": 0.11589708179235458, "acc": 0.9608574509620667, "length": 3.9999988079071045, "mode": "train", "epoch": 40}
{"loss": 0.1093338280916214, "acc": 0.9624472260475159, "length": 4.0, "mode": "test", "epoch": 40}
{"loss": 0.10396328568458557, "acc": 0.96407151222229, "length": 3.9999983310699463, "mode": "train", "epoch": 41}
{"loss": 0.11227022111415863, "acc": 0.9621084928512573, "length": 4.0, "mode": "test", "epoch": 41}
{"loss": 0.099031463265419, "acc": 0.9674484729766846, "length": 4.0, "mode": "train", "epoch": 42}
{"loss": 0.10949407517910004, "acc": 0.9618543386459351, "length": 4.0, "mode": "test", "epoch": 42}
{"loss": 0.10034386813640594, "acc": 0.9659649729728699, "length": 4.0, "mode": "train", "epoch": 43}
{"loss": 0.10355252027511597, "acc": 0.9638442397117615, "length": 4.0, "mode": "test", "epoch": 43}
{"loss": 0.09601636230945587, "acc": 0.9680098295211792, "length": 3.9999802112579346, "mode": "train", "epoch": 44}
{"loss": 0.09543164819478989, "acc": 0.9692633748054504, "length": 4.0, "mode": "test", "epoch": 44}
{"loss": 0.0895509198307991, "acc": 0.9712136387825012, "length": 4.0, "mode": "train", "epoch": 45}
{"loss": 0.10257218778133392, "acc": 0.968353271484375, "length": 4.0, "mode": "test", "epoch": 45}
{"loss": 0.1042771115899086, "acc": 0.9649689197540283, "length": 4.0, "mode": "train", "epoch": 46}
{"loss": 0.13552074134349823, "acc": 0.9493861198425293, "length": 4.0, "mode": "test", "epoch": 46}
{"loss": 0.11603099852800369, "acc": 0.9616699814796448, "length": 4.0, "mode": "train", "epoch": 47}
{"loss": 0.13165315985679626, "acc": 0.9560118913650513, "length": 4.0, "mode": "test", "epoch": 47}
{"loss": 0.10763584077358246, "acc": 0.9627152681350708, "length": 4.0, "mode": "train", "epoch": 48}
{"loss": 0.10722893476486206, "acc": 0.9624258875846863, "length": 4.0, "mode": "test", "epoch": 48}
{"loss": 0.11056292057037354, "acc": 0.9619030356407166, "length": 3.999999761581421, "mode": "train", "epoch": 49}
{"loss": 0.1187790185213089, "acc": 0.9558002948760986, "length": 4.0, "mode": "test", "epoch": 49}
{"loss": 0.09946510940790176, "acc": 0.9645378589630127, "length": 4.0, "mode": "train", "epoch": 50}
{"loss": 0.09973267465829849, "acc": 0.9662151336669922, "length": 4.0, "mode": "test", "epoch": 50}
{"loss": 0.09521809220314026, "acc": 0.9655128717422485, "length": 4.0, "mode": "train", "epoch": 51}
{"loss": 0.10147897154092789, "acc": 0.9643523693084717, "length": 4.0, "mode": "test", "epoch": 51}
{"loss": 0.09959569573402405, "acc": 0.9657247066497803, "length": 4.0, "mode": "train", "epoch": 52}
{"loss": 0.10096563398838043, "acc": 0.9641406536102295, "length": 4.0, "mode": "test", "epoch": 52}
{"loss": 0.09606517851352692, "acc": 0.9668691754341125, "length": 3.999999761581421, "mode": "train", "epoch": 53}
{"loss": 0.11255713552236557, "acc": 0.9618121385574341, "length": 4.0, "mode": "test", "epoch": 53}
{"loss": 0.10235796123743057, "acc": 0.9632948040962219, "length": 4.0, "mode": "train", "epoch": 54}
{"loss": 0.10862673074007034, "acc": 0.9630822539329529, "length": 4.0, "mode": "test", "epoch": 54}
{"loss": 0.10027433186769485, "acc": 0.9649901390075684, "length": 4.0, "mode": "train", "epoch": 55}
{"loss": 0.09930571168661118, "acc": 0.9660245776176453, "length": 4.0, "mode": "test", "epoch": 55}
{"loss": 0.09490226209163666, "acc": 0.9676390290260315, "length": 3.999999523162842, "mode": "train", "epoch": 56}
{"loss": 0.13196633756160736, "acc": 0.9593987464904785, "length": 4.0, "mode": "test", "epoch": 56}
{"loss": 0.10680564492940903, "acc": 0.9632663726806641, "length": 4.0, "mode": "train", "epoch": 57}
{"loss": 0.10019899904727936, "acc": 0.9647331237792969, "length": 4.0, "mode": "test", "epoch": 57}
{"loss": 0.09863518923521042, "acc": 0.9660638570785522, "length": 4.0, "mode": "train", "epoch": 58}
{"loss": 0.11404070258140564, "acc": 0.9597586393356323, "length": 4.0, "mode": "test", "epoch": 58}
{"loss": 0.09892295300960541, "acc": 0.9653433561325073, "length": 4.0, "mode": "train", "epoch": 59}
{"loss": 0.10103382170200348, "acc": 0.9655587077140808, "length": 4.0, "mode": "test", "epoch": 59}
{"loss": 0.09534431248903275, "acc": 0.9664665460586548, "length": 4.0, "mode": "train", "epoch": 60}
{"loss": 0.10062753409147263, "acc": 0.966299831867218, "length": 4.0, "mode": "test", "epoch": 60}
{"loss": 0.086738221347332, "acc": 0.9695959687232971, "length": 4.0, "mode": "train", "epoch": 61}
{"loss": 0.10107988864183426, "acc": 0.967146635055542, "length": 4.0, "mode": "test", "epoch": 61}
{"loss": 0.09311526268720627, "acc": 0.9674909114837646, "length": 4.0, "mode": "train", "epoch": 62}
{"loss": 0.09596581757068634, "acc": 0.9676333069801331, "length": 4.0, "mode": "test", "epoch": 62}
{"loss": 0.08321592956781387, "acc": 0.9701892733573914, "length": 4.0, "mode": "train", "epoch": 63}
{"loss": 0.0958966389298439, "acc": 0.9660460352897644, "length": 4.0, "mode": "test", "epoch": 63}
{"loss": 0.08077690750360489, "acc": 0.9711290001869202, "length": 4.0, "mode": "train", "epoch": 64}
{"loss": 0.08843621611595154, "acc": 0.9705124497413635, "length": 4.0, "mode": "test", "epoch": 64}
{"loss": 0.08136968314647675, "acc": 0.9720752239227295, "length": 3.9999988079071045, "mode": "train", "epoch": 65}
{"loss": 0.08942954242229462, "acc": 0.9700253009796143, "length": 4.0, "mode": "test", "epoch": 65}
{"loss": 0.08569902926683426, "acc": 0.9690803289413452, "length": 4.0, "mode": "train", "epoch": 66}
{"loss": 0.09495885670185089, "acc": 0.9687553644180298, "length": 4.0, "mode": "test", "epoch": 66}
{"loss": 0.08210143446922302, "acc": 0.9715597629547119, "length": 4.0, "mode": "train", "epoch": 67}
{"loss": 0.08979866653680801, "acc": 0.9683107137680054, "length": 4.0, "mode": "test", "epoch": 67}
{"loss": 0.08305522054433823, "acc": 0.9716870188713074, "length": 4.0, "mode": "train", "epoch": 68}
{"loss": 0.09612255543470383, "acc": 0.969369113445282, "length": 4.0, "mode": "test", "epoch": 68}
{"loss": 0.0981355682015419, "acc": 0.9663394093513489, "length": 4.0, "mode": "train", "epoch": 69}
{"loss": 0.11224681884050369, "acc": 0.9633362293243408, "length": 4.0, "mode": "test", "epoch": 69}
{"loss": 0.0976504385471344, "acc": 0.9656542539596558, "length": 4.0, "mode": "train", "epoch": 70}
{"loss": 0.10103636234998703, "acc": 0.965707004070282, "length": 4.0, "mode": "test", "epoch": 70}
{"loss": 0.08958299458026886, "acc": 0.9688543081283569, "length": 4.0, "mode": "train", "epoch": 71}
{"loss": 0.0937606617808342, "acc": 0.969517171382904, "length": 4.0, "mode": "test", "epoch": 71}
{"loss": 0.0830327719449997, "acc": 0.9708955883979797, "length": 4.0, "mode": "train", "epoch": 72}
{"loss": 0.08804084360599518, "acc": 0.9704273343086243, "length": 4.0, "mode": "test", "epoch": 72}
{"loss": 0.08212510496377945, "acc": 0.9720543622970581, "length": 4.0, "mode": "train", "epoch": 73}
{"loss": 0.09210284054279327, "acc": 0.9701313376426697, "length": 4.0, "mode": "test", "epoch": 73}
{"loss": 0.10500878840684891, "acc": 0.9646862745285034, "length": 4.0, "mode": "train", "epoch": 74}
{"loss": 0.10296680778265, "acc": 0.9656859636306763, "length": 4.0, "mode": "test", "epoch": 74}
{"loss": 0.08464094996452332, "acc": 0.9704576730728149, "length": 4.0, "mode": "train", "epoch": 75}
{"loss": 0.09090783447027206, "acc": 0.9681200981140137, "length": 4.0, "mode": "test", "epoch": 75}
{"loss": 0.08788544684648514, "acc": 0.9692707657814026, "length": 3.9999985694885254, "mode": "train", "epoch": 76}
{"loss": 0.0911254733800888, "acc": 0.9711896777153015, "length": 4.0, "mode": "test", "epoch": 76}
{"loss": 0.09136508405208588, "acc": 0.9690589904785156, "length": 3.999999523162842, "mode": "train", "epoch": 77}
{"loss": 0.10819367319345474, "acc": 0.9637594819068909, "length": 4.0, "mode": "test", "epoch": 77}
{"loss": 0.08572080731391907, "acc": 0.9710509777069092, "length": 3.9999988079071045, "mode": "train", "epoch": 78}
{"loss": 0.09253080934286118, "acc": 0.9698772430419922, "length": 4.0, "mode": "test", "epoch": 78}
{"loss": 0.0956980437040329, "acc": 0.9678158164024353, "length": 4.0, "mode": "train", "epoch": 79}
{"loss": 0.09735844284296036, "acc": 0.9653472304344177, "length": 4.0, "mode": "test", "epoch": 79}
{"loss": 0.08477117866277695, "acc": 0.9722238183021545, "length": 4.0, "mode": "train", "epoch": 80}
{"loss": 0.09125040471553802, "acc": 0.9694538712501526, "length": 4.0, "mode": "test", "epoch": 80}
{"loss": 0.08018665760755539, "acc": 0.9744773507118225, "length": 3.999999761581421, "mode": "train", "epoch": 81}
{"loss": 0.0829438641667366, "acc": 0.9717402458190918, "length": 4.0, "mode": "test", "epoch": 81}
{"loss": 0.07546904683113098, "acc": 0.9748303294181824, "length": 4.0, "mode": "train", "epoch": 82}
{"loss": 0.07997813820838928, "acc": 0.9733700752258301, "length": 4.0, "mode": "test", "epoch": 82}
{"loss": 0.07585269212722778, "acc": 0.974848210811615, "length": 3.9999806880950928, "mode": "train", "epoch": 83}
{"loss": 0.07784158736467361, "acc": 0.9736452102661133, "length": 4.0, "mode": "test", "epoch": 83}
{"loss": 0.0790344625711441, "acc": 0.9734528064727783, "length": 4.0, "mode": "train", "epoch": 84}
{"loss": 0.0861353725194931, "acc": 0.9698135852813721, "length": 4.0, "mode": "test", "epoch": 84}
{"loss": 0.0765366330742836, "acc": 0.9744065403938293, "length": 4.0, "mode": "train", "epoch": 85}
{"loss": 0.08150126039981842, "acc": 0.9740262031555176, "length": 4.0, "mode": "test", "epoch": 85}
{"loss": 0.07241567224264145, "acc": 0.9758687615394592, "length": 3.999999523162842, "mode": "train", "epoch": 86}
{"loss": 0.08093026280403137, "acc": 0.9735604524612427, "length": 4.0, "mode": "test", "epoch": 86}
{"loss": 0.07932763546705246, "acc": 0.9730148315429688, "length": 4.0, "mode": "train", "epoch": 87}
{"loss": 0.09269614517688751, "acc": 0.9694963693618774, "length": 4.0, "mode": "test", "epoch": 87}
{"loss": 0.07996980100870132, "acc": 0.9726969599723816, "length": 4.0, "mode": "train", "epoch": 88}
{"loss": 0.0905844047665596, "acc": 0.9712954759597778, "length": 4.0, "mode": "test", "epoch": 88}
{"loss": 0.07464020699262619, "acc": 0.975091814994812, "length": 4.0, "mode": "train", "epoch": 89}
{"loss": 0.08431979268789291, "acc": 0.9727985858917236, "length": 4.0, "mode": "test", "epoch": 89}
{"loss": 0.07345326989889145, "acc": 0.9755440354347229, "length": 4.0, "mode": "train", "epoch": 90}
{"loss": 0.08027168363332748, "acc": 0.9718669652938843, "length": 4.0, "mode": "test", "epoch": 90}
{"loss": 0.07316219806671143, "acc": 0.9748021364212036, "length": 4.0, "mode": "train", "epoch": 91}
{"loss": 0.08589862287044525, "acc": 0.9716765880584717, "length": 4.0, "mode": "test", "epoch": 91}
{"loss": 0.07334442436695099, "acc": 0.9747174978256226, "length": 4.0, "mode": "train", "epoch": 92}
{"loss": 0.08353708684444427, "acc": 0.9730947017669678, "length": 4.0, "mode": "test", "epoch": 92}
{"loss": 0.07210580259561539, "acc": 0.9753531813621521, "length": 4.0, "mode": "train", "epoch": 93}
{"loss": 0.08857101947069168, "acc": 0.9716129899024963, "length": 4.0, "mode": "test", "epoch": 93}
{"loss": 0.09768445789813995, "acc": 0.9683527946472168, "length": 4.0, "mode": "train", "epoch": 94}
{"loss": 0.12601661682128906, "acc": 0.960182249546051, "length": 4.0, "mode": "test", "epoch": 94}
{"loss": 0.08920164406299591, "acc": 0.9703285098075867, "length": 3.9999876022338867, "mode": "train", "epoch": 95}
{"loss": 0.09399616718292236, "acc": 0.96964430809021, "length": 4.0, "mode": "test", "epoch": 95}
{"loss": 0.07903473824262619, "acc": 0.9741805791854858, "length": 3.999999523162842, "mode": "train", "epoch": 96}
{"loss": 0.08801303803920746, "acc": 0.9714438319206238, "length": 4.0, "mode": "test", "epoch": 96}
{"loss": 0.07529634237289429, "acc": 0.974449098110199, "length": 4.0, "mode": "train", "epoch": 97}
{"loss": 0.08758298307657242, "acc": 0.9703642129898071, "length": 4.0, "mode": "test", "epoch": 97}
{"loss": 0.07482371479272842, "acc": 0.9748658537864685, "length": 4.0, "mode": "train", "epoch": 98}
{"loss": 0.08657357841730118, "acc": 0.9709357023239136, "length": 4.0, "mode": "test", "epoch": 98}
{"loss": 0.07673183083534241, "acc": 0.9751130938529968, "length": 4.0, "mode": "train", "epoch": 99}
{"loss": 0.09271706640720367, "acc": 0.9696866869926453, "length": 4.0, "mode": "test", "epoch": 99}
{"loss": 0.0863867700099945, "acc": 0.9695958495140076, "length": 4.0, "mode": "train", "epoch": 100}
{"loss": 0.09264849871397018, "acc": 0.9665960669517517, "length": 4.0, "mode": "test", "epoch": 100}
test accuracy: 0.7947655916213989
