# ["--attributes=3", "--values=4", "--game_size=20", "--vocab_size_factor=3", "--n_epochs=100", "--batch_size=64", "--learning_rate=0.001", "--hidden_size=128", "--temp_update=0.97", "--temperature=2"]
Creating train_ds and val_ds...

Creating test_ds...
{"loss": 0.6561235785484314, "acc": 0.5902686715126038, "length": 3.5678725242614746, "mode": "train", "epoch": 1}
{"loss": 0.5827130675315857, "acc": 0.7020990252494812, "length": 4.0, "mode": "test", "epoch": 1}
{"loss": 0.49986976385116577, "acc": 0.7527133226394653, "length": 3.950180768966675, "mode": "train", "epoch": 2}
{"loss": 0.4808565080165863, "acc": 0.7964314818382263, "length": 4.0, "mode": "test", "epoch": 2}
{"loss": 0.42331498861312866, "acc": 0.8116235136985779, "length": 3.983429431915283, "mode": "train", "epoch": 3}
{"loss": 0.4487626850605011, "acc": 0.7879933714866638, "length": 4.0, "mode": "test", "epoch": 3}
{"loss": 0.3676305115222931, "acc": 0.8373551964759827, "length": 3.992183208465576, "mode": "train", "epoch": 4}
{"loss": 0.39111626148223877, "acc": 0.8270989656448364, "length": 4.0, "mode": "test", "epoch": 4}
{"loss": 0.32549118995666504, "acc": 0.8590027093887329, "length": 3.9962399005889893, "mode": "train", "epoch": 5}
{"loss": 0.35954549908638, "acc": 0.8421704769134521, "length": 4.0, "mode": "test", "epoch": 5}
{"loss": 0.2972724139690399, "acc": 0.8729093670845032, "length": 3.998145818710327, "mode": "train", "epoch": 6}
{"loss": 0.335722953081131, "acc": 0.8547438979148865, "length": 4.0, "mode": "test", "epoch": 6}
{"loss": 0.2697404623031616, "acc": 0.8883605003356934, "length": 3.9987101554870605, "mode": "train", "epoch": 7}
{"loss": 0.3084362745285034, "acc": 0.8768681287765503, "length": 4.0, "mode": "test", "epoch": 7}
{"loss": 0.2447620928287506, "acc": 0.9013290405273438, "length": 3.9991872310638428, "mode": "train", "epoch": 8}
{"loss": 0.32651418447494507, "acc": 0.8658481240272522, "length": 4.0, "mode": "test", "epoch": 8}
{"loss": 0.2289450615644455, "acc": 0.9107646942138672, "length": 3.9995367527008057, "mode": "train", "epoch": 9}
{"loss": 0.259543776512146, "acc": 0.8942065238952637, "length": 4.0, "mode": "test", "epoch": 9}
{"loss": 0.20990191400051117, "acc": 0.91982501745224, "length": 3.999671220779419, "mode": "train", "epoch": 10}
{"loss": 0.24560146033763885, "acc": 0.9011334776878357, "length": 4.0, "mode": "test", "epoch": 10}
{"loss": 0.19194170832633972, "acc": 0.9265117645263672, "length": 3.999793767929077, "mode": "train", "epoch": 11}
{"loss": 0.25005364418029785, "acc": 0.8971872925758362, "length": 4.0, "mode": "test", "epoch": 11}
{"loss": 0.18308159708976746, "acc": 0.9316485524177551, "length": 3.999857187271118, "mode": "train", "epoch": 12}
{"loss": 0.22979357838630676, "acc": 0.910474419593811, "length": 4.0, "mode": "test", "epoch": 12}
{"loss": 0.16497552394866943, "acc": 0.9383751153945923, "length": 3.99992036819458, "mode": "train", "epoch": 13}
{"loss": 0.19736643135547638, "acc": 0.9241812229156494, "length": 4.0, "mode": "test", "epoch": 13}
{"loss": 0.15387606620788574, "acc": 0.9434686899185181, "length": 3.9999423027038574, "mode": "train", "epoch": 14}
{"loss": 0.18921992182731628, "acc": 0.9256088733673096, "length": 4.0, "mode": "test", "epoch": 14}
{"loss": 0.14190734922885895, "acc": 0.9480995535850525, "length": 3.999962568283081, "mode": "train", "epoch": 15}
{"loss": 0.18017324805259705, "acc": 0.932745635509491, "length": 4.0, "mode": "test", "epoch": 15}
{"loss": 0.1376800239086151, "acc": 0.949654757976532, "length": 3.999966621398926, "mode": "train", "epoch": 16}
{"loss": 0.1915581077337265, "acc": 0.9310663342475891, "length": 4.0, "mode": "test", "epoch": 16}
{"loss": 0.12724557518959045, "acc": 0.953648567199707, "length": 3.999983072280884, "mode": "train", "epoch": 17}
{"loss": 0.16051535308361053, "acc": 0.9431568384170532, "length": 4.0, "mode": "test", "epoch": 17}
{"loss": 0.11742919683456421, "acc": 0.9578307867050171, "length": 3.999990224838257, "mode": "train", "epoch": 18}
{"loss": 0.14871828258037567, "acc": 0.9419394135475159, "length": 4.0, "mode": "test", "epoch": 18}
{"loss": 0.12488486617803574, "acc": 0.9553021788597107, "length": 3.9999918937683105, "mode": "train", "epoch": 19}
{"loss": 0.1691904366016388, "acc": 0.941624641418457, "length": 4.0, "mode": "test", "epoch": 19}
{"loss": 0.1103498786687851, "acc": 0.9610810875892639, "length": 3.9999918937683105, "mode": "train", "epoch": 20}
{"loss": 0.13417792320251465, "acc": 0.9539672136306763, "length": 4.0, "mode": "test", "epoch": 20}
{"loss": 0.09822580963373184, "acc": 0.9667760729789734, "length": 3.999993085861206, "mode": "train", "epoch": 21}
{"loss": 0.1291680932044983, "acc": 0.9545338749885559, "length": 4.0, "mode": "test", "epoch": 21}
{"loss": 0.09558365494012833, "acc": 0.9679529070854187, "length": 3.9999959468841553, "mode": "train", "epoch": 22}
{"loss": 0.12084530293941498, "acc": 0.9603903889656067, "length": 4.0, "mode": "test", "epoch": 22}
{"loss": 0.0878443568944931, "acc": 0.9699633717536926, "length": 3.999998092651367, "mode": "train", "epoch": 23}
{"loss": 0.11863880604505539, "acc": 0.9612089991569519, "length": 4.0, "mode": "test", "epoch": 23}
{"loss": 0.10505469143390656, "acc": 0.9630285501480103, "length": 3.999995231628418, "mode": "train", "epoch": 24}
{"loss": 0.16142627596855164, "acc": 0.9428000450134277, "length": 4.0, "mode": "test", "epoch": 24}
{"loss": 0.09998194128274918, "acc": 0.9654173851013184, "length": 3.9999988079071045, "mode": "train", "epoch": 25}
{"loss": 0.11165330559015274, "acc": 0.9606003165245056, "length": 4.0, "mode": "test", "epoch": 25}
{"loss": 0.08052020519971848, "acc": 0.9732768535614014, "length": 3.999999523162842, "mode": "train", "epoch": 26}
{"loss": 0.10275910794734955, "acc": 0.9657221436500549, "length": 4.0, "mode": "test", "epoch": 26}
{"loss": 0.07706375420093536, "acc": 0.9743555784225464, "length": 3.999999761581421, "mode": "train", "epoch": 27}
{"loss": 0.11825502663850784, "acc": 0.9607263803482056, "length": 4.0, "mode": "test", "epoch": 27}
{"loss": 0.07284644991159439, "acc": 0.9766390323638916, "length": 4.0, "mode": "train", "epoch": 28}
{"loss": 0.09532587230205536, "acc": 0.9690596461296082, "length": 4.0, "mode": "test", "epoch": 28}
{"loss": 0.07025903463363647, "acc": 0.9774302840232849, "length": 3.999995231628418, "mode": "train", "epoch": 29}
{"loss": 0.09148412942886353, "acc": 0.9657849669456482, "length": 4.0, "mode": "test", "epoch": 29}
{"loss": 0.07030563056468964, "acc": 0.9774088263511658, "length": 3.999985933303833, "mode": "train", "epoch": 30}
{"loss": 0.07717376202344894, "acc": 0.9732368588447571, "length": 4.0, "mode": "test", "epoch": 30}
{"loss": 0.06631729006767273, "acc": 0.9783622622489929, "length": 4.0, "mode": "train", "epoch": 31}
{"loss": 0.0966053232550621, "acc": 0.9704869389533997, "length": 4.0, "mode": "test", "epoch": 31}
{"loss": 0.059771452099084854, "acc": 0.9810695052146912, "length": 3.9999375343322754, "mode": "train", "epoch": 32}
{"loss": 0.0840860977768898, "acc": 0.9777076840400696, "length": 4.0, "mode": "test", "epoch": 32}
{"loss": 0.06807642430067062, "acc": 0.9774097800254822, "length": 4.0, "mode": "train", "epoch": 33}
{"loss": 0.0939730852842331, "acc": 0.9731528162956238, "length": 4.0, "mode": "test", "epoch": 33}
{"loss": 0.07946433126926422, "acc": 0.9732134342193604, "length": 3.9999940395355225, "mode": "train", "epoch": 34}
{"loss": 0.15508855879306793, "acc": 0.95090252161026, "length": 4.0, "mode": "test", "epoch": 34}
{"loss": 0.09442177414894104, "acc": 0.9682473540306091, "length": 4.0, "mode": "train", "epoch": 35}
{"loss": 0.10252842307090759, "acc": 0.9698362350463867, "length": 4.0, "mode": "test", "epoch": 35}
{"loss": 0.06471285969018936, "acc": 0.9798754453659058, "length": 4.0, "mode": "train", "epoch": 36}
{"loss": 0.07940509170293808, "acc": 0.9774349331855774, "length": 4.0, "mode": "test", "epoch": 36}
{"loss": 0.051260195672512054, "acc": 0.9852901101112366, "length": 3.999999761581421, "mode": "train", "epoch": 37}
{"loss": 0.0695331022143364, "acc": 0.9795969128608704, "length": 4.0, "mode": "test", "epoch": 37}
{"loss": 0.047945741564035416, "acc": 0.9853599667549133, "length": 3.9999992847442627, "mode": "train", "epoch": 38}
{"loss": 0.06186283379793167, "acc": 0.982913613319397, "length": 4.0, "mode": "test", "epoch": 38}
{"loss": 0.06968288868665695, "acc": 0.9764009118080139, "length": 4.0, "mode": "train", "epoch": 39}
{"loss": 0.10480282455682755, "acc": 0.9668135046958923, "length": 4.0, "mode": "test", "epoch": 39}
{"loss": 0.07417438924312592, "acc": 0.9765059351921082, "length": 4.0, "mode": "train", "epoch": 40}
{"loss": 0.08582708984613419, "acc": 0.976868212223053, "length": 4.0, "mode": "test", "epoch": 40}
{"loss": 0.068581722676754, "acc": 0.9778860211372375, "length": 4.0, "mode": "train", "epoch": 41}
{"loss": 0.0812239870429039, "acc": 0.9724183678627014, "length": 4.0, "mode": "test", "epoch": 41}
{"loss": 0.07603958994150162, "acc": 0.9753502011299133, "length": 4.0, "mode": "train", "epoch": 42}
{"loss": 0.0894092470407486, "acc": 0.970130205154419, "length": 4.0, "mode": "test", "epoch": 42}
{"loss": 0.07108724862337112, "acc": 0.9757285118103027, "length": 4.0, "mode": "train", "epoch": 43}
{"loss": 0.07569678872823715, "acc": 0.9736356735229492, "length": 4.0, "mode": "test", "epoch": 43}
{"loss": 0.052445076406002045, "acc": 0.9829714298248291, "length": 4.0, "mode": "train", "epoch": 44}
{"loss": 0.0713619589805603, "acc": 0.9787572026252747, "length": 4.0, "mode": "test", "epoch": 44}
{"loss": 0.05032354220747948, "acc": 0.9842182397842407, "length": 4.0, "mode": "train", "epoch": 45}
{"loss": 0.052110616117715836, "acc": 0.9839630722999573, "length": 4.0, "mode": "test", "epoch": 45}
{"loss": 0.04178737476468086, "acc": 0.9861586093902588, "length": 4.0, "mode": "train", "epoch": 46}
{"loss": 0.05158732458949089, "acc": 0.9851804971694946, "length": 4.0, "mode": "test", "epoch": 46}
{"loss": 0.04531080275774002, "acc": 0.9849467277526855, "length": 4.0, "mode": "train", "epoch": 47}
{"loss": 0.054911594837903976, "acc": 0.9833964109420776, "length": 4.0, "mode": "test", "epoch": 47}
{"loss": 0.05437103658914566, "acc": 0.9826703071594238, "length": 4.0, "mode": "train", "epoch": 48}
{"loss": 0.06263919919729233, "acc": 0.9806674122810364, "length": 4.0, "mode": "test", "epoch": 48}
{"loss": 0.041900355368852615, "acc": 0.9865649342536926, "length": 4.0, "mode": "train", "epoch": 49}
{"loss": 0.053053293377161026, "acc": 0.9843408465385437, "length": 4.0, "mode": "test", "epoch": 49}
{"loss": 0.047034405171871185, "acc": 0.9843161702156067, "length": 4.0, "mode": "train", "epoch": 50}
{"loss": 0.04975251480937004, "acc": 0.9832074046134949, "length": 4.0, "mode": "test", "epoch": 50}
{"loss": 0.04233943670988083, "acc": 0.9857733249664307, "length": 4.0, "mode": "train", "epoch": 51}
{"loss": 0.04954634606838226, "acc": 0.9848446249961853, "length": 4.0, "mode": "test", "epoch": 51}
{"loss": 0.03993275761604309, "acc": 0.9859904646873474, "length": 4.0, "mode": "train", "epoch": 52}
{"loss": 0.05743284523487091, "acc": 0.9834800958633423, "length": 4.0, "mode": "test", "epoch": 52}
{"loss": 0.03449155017733574, "acc": 0.9883090257644653, "length": 4.0, "mode": "train", "epoch": 53}
{"loss": 0.050685446709394455, "acc": 0.9857683181762695, "length": 4.0, "mode": "test", "epoch": 53}
{"loss": 0.03369108587503433, "acc": 0.9890024662017822, "length": 4.0, "mode": "train", "epoch": 54}
{"loss": 0.05480721965432167, "acc": 0.9824097752571106, "length": 4.0, "mode": "test", "epoch": 54}
{"loss": 0.03743313252925873, "acc": 0.9869642853736877, "length": 4.0, "mode": "train", "epoch": 55}
{"loss": 0.04376576468348503, "acc": 0.9874894618988037, "length": 4.0, "mode": "test", "epoch": 55}
{"loss": 0.02999180741608143, "acc": 0.9902913570404053, "length": 4.0, "mode": "train", "epoch": 56}
{"loss": 0.04570627212524414, "acc": 0.9873006939888, "length": 4.0, "mode": "test", "epoch": 56}
{"loss": 0.04503479227423668, "acc": 0.9852269887924194, "length": 4.0, "mode": "train", "epoch": 57}
{"loss": 0.05554773285984993, "acc": 0.9820737242698669, "length": 4.0, "mode": "test", "epoch": 57}
{"loss": 0.03349122032523155, "acc": 0.9890726208686829, "length": 4.0, "mode": "train", "epoch": 58}
{"loss": 0.04435634985566139, "acc": 0.9868596792221069, "length": 4.0, "mode": "test", "epoch": 58}
{"loss": 0.029261326417326927, "acc": 0.9900811910629272, "length": 4.0, "mode": "train", "epoch": 59}
{"loss": 0.04167798161506653, "acc": 0.9869017601013184, "length": 4.0, "mode": "test", "epoch": 59}
{"loss": 0.031577445566654205, "acc": 0.9895766973495483, "length": 4.0, "mode": "train", "epoch": 60}
{"loss": 0.0541294701397419, "acc": 0.9845298528671265, "length": 4.0, "mode": "test", "epoch": 60}
{"loss": 0.02885598875582218, "acc": 0.9900741577148438, "length": 4.0, "mode": "train", "epoch": 61}
{"loss": 0.04293517395853996, "acc": 0.9859151840209961, "length": 4.0, "mode": "test", "epoch": 61}
{"loss": 0.03197440505027771, "acc": 0.9886663556098938, "length": 4.0, "mode": "train", "epoch": 62}
{"loss": 0.054938845336437225, "acc": 0.9861040711402893, "length": 4.0, "mode": "test", "epoch": 62}
{"loss": 0.04502064734697342, "acc": 0.985261857509613, "length": 4.0, "mode": "train", "epoch": 63}
{"loss": 0.07993254065513611, "acc": 0.9780227541923523, "length": 4.0, "mode": "test", "epoch": 63}
{"loss": 0.06734064221382141, "acc": 0.9788525104522705, "length": 4.0, "mode": "train", "epoch": 64}
{"loss": 0.07763385027647018, "acc": 0.9755876064300537, "length": 4.0, "mode": "test", "epoch": 64}
{"loss": 0.04933258146047592, "acc": 0.9824390411376953, "length": 4.0, "mode": "train", "epoch": 65}
{"loss": 0.06435740739107132, "acc": 0.9799957275390625, "length": 4.0, "mode": "test", "epoch": 65}
{"loss": 0.038932133466005325, "acc": 0.9862004518508911, "length": 4.0, "mode": "train", "epoch": 66}
{"loss": 0.05642484501004219, "acc": 0.9834173917770386, "length": 4.0, "mode": "test", "epoch": 66}
{"loss": 0.042319584637880325, "acc": 0.9869641661643982, "length": 4.0, "mode": "train", "epoch": 67}
{"loss": 0.048455264419317245, "acc": 0.9838160872459412, "length": 4.0, "mode": "test", "epoch": 67}
{"loss": 0.03822846710681915, "acc": 0.9874613285064697, "length": 4.0, "mode": "train", "epoch": 68}
{"loss": 0.04486366733908653, "acc": 0.9874473810195923, "length": 4.0, "mode": "test", "epoch": 68}
{"loss": 0.035501159727573395, "acc": 0.988820493221283, "length": 4.0, "mode": "train", "epoch": 69}
{"loss": 0.0517984963953495, "acc": 0.9844879508018494, "length": 4.0, "mode": "test", "epoch": 69}
{"loss": 0.028644032776355743, "acc": 0.9905086755752563, "length": 4.0, "mode": "train", "epoch": 70}
{"loss": 0.04021590203046799, "acc": 0.9878044724464417, "length": 4.0, "mode": "test", "epoch": 70}
{"loss": 0.024859409779310226, "acc": 0.9916083812713623, "length": 4.0, "mode": "train", "epoch": 71}
{"loss": 0.045035965740680695, "acc": 0.987636387348175, "length": 4.0, "mode": "test", "epoch": 71}
{"loss": 0.03159068152308464, "acc": 0.9901583194732666, "length": 4.0, "mode": "train", "epoch": 72}
{"loss": 0.04390210285782814, "acc": 0.9870067238807678, "length": 4.0, "mode": "test", "epoch": 72}
{"loss": 0.02746478281915188, "acc": 0.9913280010223389, "length": 4.0, "mode": "train", "epoch": 73}
{"loss": 0.03575081005692482, "acc": 0.9891478419303894, "length": 4.0, "mode": "test", "epoch": 73}
{"loss": 0.03194323182106018, "acc": 0.9902843236923218, "length": 4.0, "mode": "train", "epoch": 74}
{"loss": 0.08358606696128845, "acc": 0.9778127074241638, "length": 4.0, "mode": "test", "epoch": 74}
{"loss": 0.05023985728621483, "acc": 0.9849957227706909, "length": 4.0, "mode": "train", "epoch": 75}
{"loss": 0.06679363548755646, "acc": 0.9812762141227722, "length": 4.0, "mode": "test", "epoch": 75}
{"loss": 0.034610819071531296, "acc": 0.9897168874740601, "length": 4.0, "mode": "train", "epoch": 76}
{"loss": 0.04910741746425629, "acc": 0.9875734448432922, "length": 4.0, "mode": "test", "epoch": 76}
{"loss": 0.03202527016401291, "acc": 0.9896678328514099, "length": 4.0, "mode": "train", "epoch": 77}
{"loss": 0.04968230426311493, "acc": 0.9861040711402893, "length": 4.0, "mode": "test", "epoch": 77}
{"loss": 0.03853312134742737, "acc": 0.9880988597869873, "length": 4.0, "mode": "train", "epoch": 78}
{"loss": 0.0398266538977623, "acc": 0.9886857867240906, "length": 4.0, "mode": "test", "epoch": 78}
{"loss": 0.03931008651852608, "acc": 0.9872583150863647, "length": 4.0, "mode": "train", "epoch": 79}
{"loss": 0.048181820660829544, "acc": 0.986649751663208, "length": 4.0, "mode": "test", "epoch": 79}
{"loss": 0.03081892803311348, "acc": 0.9899832010269165, "length": 4.0, "mode": "train", "epoch": 80}
{"loss": 0.049396004527807236, "acc": 0.9870696663856506, "length": 4.0, "mode": "test", "epoch": 80}
{"loss": 0.026873793452978134, "acc": 0.9912649989128113, "length": 4.0, "mode": "train", "epoch": 81}
{"loss": 0.0458650216460228, "acc": 0.9884130358695984, "length": 4.0, "mode": "test", "epoch": 81}
{"loss": 0.02851007878780365, "acc": 0.9900743961334229, "length": 4.0, "mode": "train", "epoch": 82}
{"loss": 0.04229239001870155, "acc": 0.9879931211471558, "length": 4.0, "mode": "test", "epoch": 82}
{"loss": 0.05604688823223114, "acc": 0.983363687992096, "length": 4.0, "mode": "train", "epoch": 83}
{"loss": 0.08620674163103104, "acc": 0.972019374370575, "length": 4.0, "mode": "test", "epoch": 83}
{"loss": 0.06359899044036865, "acc": 0.9808629155158997, "length": 4.0, "mode": "train", "epoch": 84}
{"loss": 0.08025187999010086, "acc": 0.9768261909484863, "length": 4.0, "mode": "test", "epoch": 84}
{"loss": 0.048372987657785416, "acc": 0.984764575958252, "length": 4.0, "mode": "train", "epoch": 85}
{"loss": 0.06468664109706879, "acc": 0.9808984994888306, "length": 4.0, "mode": "test", "epoch": 85}
{"loss": 0.0424969345331192, "acc": 0.9867889285087585, "length": 4.0, "mode": "train", "epoch": 86}
{"loss": 0.06082439422607422, "acc": 0.9825776815414429, "length": 4.0, "mode": "test", "epoch": 86}
{"loss": 0.0376560352742672, "acc": 0.9884073138237, "length": 4.0, "mode": "train", "epoch": 87}
{"loss": 0.07384652644395828, "acc": 0.9809403419494629, "length": 4.0, "mode": "test", "epoch": 87}
{"loss": 0.03322383016347885, "acc": 0.9895347952842712, "length": 4.0, "mode": "train", "epoch": 88}
{"loss": 0.05464706942439079, "acc": 0.9843197464942932, "length": 4.0, "mode": "test", "epoch": 88}
{"loss": 0.03563530743122101, "acc": 0.9884562492370605, "length": 4.0, "mode": "train", "epoch": 89}
{"loss": 0.05112988129258156, "acc": 0.9864609837532043, "length": 4.0, "mode": "test", "epoch": 89}
{"loss": 0.035205356776714325, "acc": 0.9892684817314148, "length": 3.9999985694885254, "mode": "train", "epoch": 90}
{"loss": 0.05276113003492355, "acc": 0.9866288304328918, "length": 4.0, "mode": "test", "epoch": 90}
{"loss": 0.033473655581474304, "acc": 0.9897311925888062, "length": 4.0, "mode": "train", "epoch": 91}
{"loss": 0.06419871747493744, "acc": 0.9842779636383057, "length": 4.0, "mode": "test", "epoch": 91}
{"loss": 0.03669138625264168, "acc": 0.9880288243293762, "length": 4.0, "mode": "train", "epoch": 92}
{"loss": 0.05494334176182747, "acc": 0.9850125908851624, "length": 4.0, "mode": "test", "epoch": 92}
{"loss": 0.039472222328186035, "acc": 0.9876224994659424, "length": 4.0, "mode": "train", "epoch": 93}
{"loss": 0.056101441383361816, "acc": 0.984382688999176, "length": 4.0, "mode": "test", "epoch": 93}
{"loss": 0.03399840369820595, "acc": 0.9892266988754272, "length": 4.0, "mode": "train", "epoch": 94}
{"loss": 0.06034420058131218, "acc": 0.9835852980613708, "length": 4.0, "mode": "test", "epoch": 94}
{"loss": 0.03183334693312645, "acc": 0.9896748065948486, "length": 4.0, "mode": "train", "epoch": 95}
{"loss": 0.0502370223402977, "acc": 0.9854114055633545, "length": 4.0, "mode": "test", "epoch": 95}
{"loss": 0.055236540734767914, "acc": 0.9830343723297119, "length": 4.0, "mode": "train", "epoch": 96}
{"loss": 0.10542608797550201, "acc": 0.9711796045303345, "length": 4.0, "mode": "test", "epoch": 96}
{"loss": 0.06454120576381683, "acc": 0.9804778695106506, "length": 4.0, "mode": "train", "epoch": 97}
{"loss": 0.08807661384344101, "acc": 0.974412202835083, "length": 4.0, "mode": "test", "epoch": 97}
{"loss": 0.058807238936424255, "acc": 0.9809470176696777, "length": 4.0, "mode": "train", "epoch": 98}
{"loss": 0.0783509835600853, "acc": 0.9790301322937012, "length": 4.0, "mode": "test", "epoch": 98}
{"loss": 0.05201248452067375, "acc": 0.982796311378479, "length": 4.0, "mode": "train", "epoch": 99}
{"loss": 0.06605079025030136, "acc": 0.9803526401519775, "length": 4.0, "mode": "test", "epoch": 99}
{"loss": 0.03327089920639992, "acc": 0.9894368052482605, "length": 4.0, "mode": "train", "epoch": 100}
{"loss": 0.07304884493350983, "acc": 0.9835851788520813, "length": 4.0, "mode": "test", "epoch": 100}
test accuracy: 0.6597179174423218
