# ["--attributes=3", "--values=4", "--game_size=20", "--vocab_size_factor=3", "--n_epochs=100", "--batch_size=64", "--learning_rate=0.001", "--hidden_size=128", "--temp_update=0.99", "--temperature=1.5"]
Creating train_ds and val_ds...

Creating test_ds...
{"loss": 0.6660309433937073, "acc": 0.5924532413482666, "length": 3.00166916847229, "mode": "train", "epoch": 1}
{"loss": 0.5565307140350342, "acc": 0.7599212527275085, "length": 3.265584945678711, "mode": "test", "epoch": 1}
{"loss": 0.4957849085330963, "acc": 0.7803211212158203, "length": 3.7203078269958496, "mode": "train", "epoch": 2}
{"loss": 0.45966872572898865, "acc": 0.8072375059127808, "length": 4.0, "mode": "test", "epoch": 2}
{"loss": 0.40340307354927063, "acc": 0.8296939730644226, "length": 3.984407901763916, "mode": "train", "epoch": 3}
{"loss": 0.3979901373386383, "acc": 0.8232707977294922, "length": 4.0, "mode": "test", "epoch": 3}
{"loss": 0.3369998037815094, "acc": 0.8608376979827881, "length": 3.9917802810668945, "mode": "train", "epoch": 4}
{"loss": 0.33843064308166504, "acc": 0.8605465888977051, "length": 4.0, "mode": "test", "epoch": 4}
{"loss": 0.29102823138237, "acc": 0.8816457986831665, "length": 3.9954848289489746, "mode": "train", "epoch": 5}
{"loss": 0.3047347366809845, "acc": 0.885866641998291, "length": 4.0, "mode": "test", "epoch": 5}
{"loss": 0.26520100235939026, "acc": 0.8946973085403442, "length": 3.9966025352478027, "mode": "train", "epoch": 6}
{"loss": 0.30540189146995544, "acc": 0.8753843307495117, "length": 4.0, "mode": "test", "epoch": 6}
{"loss": 0.24549618363380432, "acc": 0.9023942351341248, "length": 3.997840404510498, "mode": "train", "epoch": 7}
{"loss": 0.2715896666049957, "acc": 0.8883219361305237, "length": 4.0, "mode": "test", "epoch": 7}
{"loss": 0.23046959936618805, "acc": 0.9057114720344543, "length": 3.9979004859924316, "mode": "train", "epoch": 8}
{"loss": 0.2449512481689453, "acc": 0.9057216048240662, "length": 4.0, "mode": "test", "epoch": 8}
{"loss": 0.21767333149909973, "acc": 0.912086546421051, "length": 3.9980647563934326, "mode": "train", "epoch": 9}
{"loss": 0.24836258590221405, "acc": 0.8995941877365112, "length": 4.0, "mode": "test", "epoch": 9}
{"loss": 0.20840984582901, "acc": 0.9139929413795471, "length": 3.9985809326171875, "mode": "train", "epoch": 10}
{"loss": 0.242023766040802, "acc": 0.9015371203422546, "length": 4.0, "mode": "test", "epoch": 10}
{"loss": 0.2014019787311554, "acc": 0.9193694591522217, "length": 3.9989891052246094, "mode": "train", "epoch": 11}
{"loss": 0.2197844684123993, "acc": 0.9072160124778748, "length": 4.0, "mode": "test", "epoch": 11}
{"loss": 0.19348889589309692, "acc": 0.9217559695243835, "length": 3.9989707469940186, "mode": "train", "epoch": 12}
{"loss": 0.20790313184261322, "acc": 0.9134286642074585, "length": 4.0, "mode": "test", "epoch": 12}
{"loss": 0.18185625970363617, "acc": 0.9287230372428894, "length": 3.9991514682769775, "mode": "train", "epoch": 13}
{"loss": 0.21018549799919128, "acc": 0.9169725775718689, "length": 4.0, "mode": "test", "epoch": 13}
{"loss": 0.1721162050962448, "acc": 0.9342126250267029, "length": 3.9991114139556885, "mode": "train", "epoch": 14}
{"loss": 0.18890483677387238, "acc": 0.9265373349189758, "length": 4.0, "mode": "test", "epoch": 14}
{"loss": 0.1592629849910736, "acc": 0.9395171403884888, "length": 3.99912166595459, "mode": "train", "epoch": 15}
{"loss": 0.1892951875925064, "acc": 0.928202211856842, "length": 4.0, "mode": "test", "epoch": 15}
{"loss": 0.1470339298248291, "acc": 0.9455946087837219, "length": 3.9992311000823975, "mode": "train", "epoch": 16}
{"loss": 0.16050030291080475, "acc": 0.9404994249343872, "length": 4.0, "mode": "test", "epoch": 16}
{"loss": 0.13544435799121857, "acc": 0.9501605033874512, "length": 3.9994137287139893, "mode": "train", "epoch": 17}
{"loss": 0.15325507521629333, "acc": 0.9409691691398621, "length": 4.0, "mode": "test", "epoch": 17}
{"loss": 0.1280878484249115, "acc": 0.9534705281257629, "length": 3.9994046688079834, "mode": "train", "epoch": 18}
{"loss": 0.13983456790447235, "acc": 0.950448215007782, "length": 4.0, "mode": "test", "epoch": 18}
{"loss": 0.11856023222208023, "acc": 0.9580739140510559, "length": 3.9994494915008545, "mode": "train", "epoch": 19}
{"loss": 0.13944005966186523, "acc": 0.9509607553482056, "length": 4.0, "mode": "test", "epoch": 19}
{"loss": 0.10660380125045776, "acc": 0.9640835523605347, "length": 3.999567985534668, "mode": "train", "epoch": 20}
{"loss": 0.11765345931053162, "acc": 0.9592656493186951, "length": 4.0, "mode": "test", "epoch": 20}
{"loss": 0.09788946062326431, "acc": 0.9667344689369202, "length": 3.9996044635772705, "mode": "train", "epoch": 21}
{"loss": 0.11038295924663544, "acc": 0.964346706867218, "length": 4.0, "mode": "test", "epoch": 21}
{"loss": 0.09360841661691666, "acc": 0.9683231711387634, "length": 3.999392509460449, "mode": "train", "epoch": 22}
{"loss": 0.10193753242492676, "acc": 0.9655423164367676, "length": 4.0, "mode": "test", "epoch": 22}
{"loss": 0.08281312137842178, "acc": 0.9735846519470215, "length": 3.999601125717163, "mode": "train", "epoch": 23}
{"loss": 0.09918169677257538, "acc": 0.9671434760093689, "length": 4.0, "mode": "test", "epoch": 23}
{"loss": 0.07591450959444046, "acc": 0.9759664535522461, "length": 3.9997498989105225, "mode": "train", "epoch": 24}
{"loss": 0.09630007296800613, "acc": 0.9710078239440918, "length": 4.0, "mode": "test", "epoch": 24}
{"loss": 0.07184990495443344, "acc": 0.9782694578170776, "length": 3.999798536300659, "mode": "train", "epoch": 25}
{"loss": 0.08901850134134293, "acc": 0.9728651642799377, "length": 4.0, "mode": "test", "epoch": 25}
{"loss": 0.06271234154701233, "acc": 0.9815652370452881, "length": 3.9998557567596436, "mode": "train", "epoch": 26}
{"loss": 0.07897645980119705, "acc": 0.9753842353820801, "length": 4.0, "mode": "test", "epoch": 26}
{"loss": 0.057903312146663666, "acc": 0.983211100101471, "length": 3.999774932861328, "mode": "train", "epoch": 27}
{"loss": 0.07374995946884155, "acc": 0.9776260256767273, "length": 4.0, "mode": "test", "epoch": 27}
{"loss": 0.055738598108291626, "acc": 0.9837040901184082, "length": 3.999886989593506, "mode": "train", "epoch": 28}
{"loss": 0.0652795135974884, "acc": 0.9790564179420471, "length": 4.0, "mode": "test", "epoch": 28}
{"loss": 0.050320371985435486, "acc": 0.9857912063598633, "length": 3.9998857975006104, "mode": "train", "epoch": 29}
{"loss": 0.06133079528808594, "acc": 0.9833903312683105, "length": 4.0, "mode": "test", "epoch": 29}
{"loss": 0.0448516309261322, "acc": 0.9874461889266968, "length": 3.999915599822998, "mode": "train", "epoch": 30}
{"loss": 0.06007847562432289, "acc": 0.9826430678367615, "length": 4.0, "mode": "test", "epoch": 30}
{"loss": 0.04299423471093178, "acc": 0.9882063269615173, "length": 3.9998912811279297, "mode": "train", "epoch": 31}
{"loss": 0.046735700219869614, "acc": 0.9900087118148804, "length": 4.0, "mode": "test", "epoch": 31}
{"loss": 0.04260262846946716, "acc": 0.9875538349151611, "length": 3.999932050704956, "mode": "train", "epoch": 32}
{"loss": 0.06542710959911346, "acc": 0.9820238947868347, "length": 4.0, "mode": "test", "epoch": 32}
{"loss": 0.043320365250110626, "acc": 0.98638516664505, "length": 3.9999289512634277, "mode": "train", "epoch": 33}
{"loss": 0.05419931933283806, "acc": 0.9840519428253174, "length": 4.0, "mode": "test", "epoch": 33}
{"loss": 0.03185979649424553, "acc": 0.9922797679901123, "length": 3.9999561309814453, "mode": "train", "epoch": 34}
{"loss": 0.04057056084275246, "acc": 0.9918659329414368, "length": 4.0, "mode": "test", "epoch": 34}
{"loss": 0.032460398972034454, "acc": 0.9914044141769409, "length": 3.9999678134918213, "mode": "train", "epoch": 35}
{"loss": 0.035839248448610306, "acc": 0.9912468194961548, "length": 4.0, "mode": "test", "epoch": 35}
{"loss": 0.023655645549297333, "acc": 0.9949382543563843, "length": 3.9999678134918213, "mode": "train", "epoch": 36}
{"loss": 0.031104521825909615, "acc": 0.9929121136665344, "length": 4.0, "mode": "test", "epoch": 36}
{"loss": 0.021081702783703804, "acc": 0.9957226514816284, "length": 3.999976873397827, "mode": "train", "epoch": 37}
{"loss": 0.033809080719947815, "acc": 0.9924851059913635, "length": 4.0, "mode": "test", "epoch": 37}
{"loss": 0.02497783675789833, "acc": 0.9932497143745422, "length": 3.9999682903289795, "mode": "train", "epoch": 38}
{"loss": 0.0346786193549633, "acc": 0.9907130599021912, "length": 4.0, "mode": "test", "epoch": 38}
{"loss": 0.02539990469813347, "acc": 0.9938410520553589, "length": 3.9999704360961914, "mode": "train", "epoch": 39}
{"loss": 0.034036386758089066, "acc": 0.9923568964004517, "length": 4.0, "mode": "test", "epoch": 39}
{"loss": 0.022212615236639977, "acc": 0.9942780137062073, "length": 3.9999186992645264, "mode": "train", "epoch": 40}
{"loss": 0.03554011881351471, "acc": 0.9932535886764526, "length": 4.0, "mode": "test", "epoch": 40}
{"loss": 0.027836518362164497, "acc": 0.99346923828125, "length": 3.9999537467956543, "mode": "train", "epoch": 41}
{"loss": 0.026960289105772972, "acc": 0.995004415512085, "length": 4.0, "mode": "test", "epoch": 41}
{"loss": 0.023369532078504562, "acc": 0.9944127798080444, "length": 3.9999852180480957, "mode": "train", "epoch": 42}
{"loss": 0.05113152787089348, "acc": 0.9892399907112122, "length": 4.0, "mode": "test", "epoch": 42}
{"loss": 0.028377655893564224, "acc": 0.992508590221405, "length": 3.999964475631714, "mode": "train", "epoch": 43}
{"loss": 0.04262249916791916, "acc": 0.9882151484489441, "length": 4.0, "mode": "test", "epoch": 43}
{"loss": 0.024243514984846115, "acc": 0.9938216209411621, "length": 3.999986171722412, "mode": "train", "epoch": 44}
{"loss": 0.02633335441350937, "acc": 0.9942571520805359, "length": 4.0, "mode": "test", "epoch": 44}
{"loss": 0.019587093964219093, "acc": 0.9952887892723083, "length": 3.9999828338623047, "mode": "train", "epoch": 45}
{"loss": 0.04207710176706314, "acc": 0.9888557195663452, "length": 4.0, "mode": "test", "epoch": 45}
{"loss": 0.022553153336048126, "acc": 0.9940427541732788, "length": 3.9999890327453613, "mode": "train", "epoch": 46}
{"loss": 0.025682739913463593, "acc": 0.9940435886383057, "length": 4.0, "mode": "test", "epoch": 46}
{"loss": 0.014494640752673149, "acc": 0.9964738488197327, "length": 3.9999382495880127, "mode": "train", "epoch": 47}
{"loss": 0.028236426413059235, "acc": 0.9945559501647949, "length": 4.0, "mode": "test", "epoch": 47}
{"loss": 0.017631489783525467, "acc": 0.9951117038726807, "length": 3.9999921321868896, "mode": "train", "epoch": 48}
{"loss": 0.021869417279958725, "acc": 0.9954952597618103, "length": 4.0, "mode": "test", "epoch": 48}
{"loss": 0.014599356800317764, "acc": 0.9961166381835938, "length": 3.999995231628418, "mode": "train", "epoch": 49}
{"loss": 0.019727174192667007, "acc": 0.99598628282547, "length": 4.0, "mode": "test", "epoch": 49}
{"loss": 0.015090828761458397, "acc": 0.9963866472244263, "length": 3.999988555908203, "mode": "train", "epoch": 50}
{"loss": 0.02576877363026142, "acc": 0.9940221905708313, "length": 4.0, "mode": "test", "epoch": 50}
{"loss": 0.014947769232094288, "acc": 0.995966911315918, "length": 3.9999940395355225, "mode": "train", "epoch": 51}
{"loss": 0.027471143752336502, "acc": 0.9951537847518921, "length": 4.0, "mode": "test", "epoch": 51}
{"loss": 0.013081067241728306, "acc": 0.9972345232963562, "length": 3.999990224838257, "mode": "train", "epoch": 52}
{"loss": 0.020076114684343338, "acc": 0.9950683116912842, "length": 4.0, "mode": "test", "epoch": 52}
{"loss": 0.011375478468835354, "acc": 0.9973848462104797, "length": 3.999995708465576, "mode": "train", "epoch": 53}
{"loss": 0.016470490023493767, "acc": 0.9963279962539673, "length": 4.0, "mode": "test", "epoch": 53}
{"loss": 0.011190374381840229, "acc": 0.9973557591438293, "length": 3.999988079071045, "mode": "train", "epoch": 54}
{"loss": 0.018029246479272842, "acc": 0.9964560270309448, "length": 4.0, "mode": "test", "epoch": 54}
{"loss": 0.018412617966532707, "acc": 0.9943854212760925, "length": 3.999995708465576, "mode": "train", "epoch": 55}
{"loss": 0.024949032813310623, "acc": 0.9949188232421875, "length": 4.0, "mode": "test", "epoch": 55}
{"loss": 0.014871248975396156, "acc": 0.9965372085571289, "length": 3.9999961853027344, "mode": "train", "epoch": 56}
{"loss": 0.018271062523126602, "acc": 0.9962212443351746, "length": 4.0, "mode": "test", "epoch": 56}
{"loss": 0.014478652738034725, "acc": 0.9960880875587463, "length": 3.9999945163726807, "mode": "train", "epoch": 57}
{"loss": 0.029438262805342674, "acc": 0.9933176040649414, "length": 4.0, "mode": "test", "epoch": 57}
{"loss": 0.027898546308279037, "acc": 0.9920839667320251, "length": 3.9999923706054688, "mode": "train", "epoch": 58}
{"loss": 0.03572949767112732, "acc": 0.9915242791175842, "length": 4.0, "mode": "test", "epoch": 58}
{"loss": 0.024319572374224663, "acc": 0.993195652961731, "length": 3.999995708465576, "mode": "train", "epoch": 59}
{"loss": 0.0519009605050087, "acc": 0.9874680638313293, "length": 4.0, "mode": "test", "epoch": 59}
{"loss": 0.03740978240966797, "acc": 0.9901949763298035, "length": 3.9999847412109375, "mode": "train", "epoch": 60}
{"loss": 0.03771715611219406, "acc": 0.9902648329734802, "length": 4.0, "mode": "test", "epoch": 60}
{"loss": 0.03320048004388809, "acc": 0.9906654357910156, "length": 3.9999849796295166, "mode": "train", "epoch": 61}
{"loss": 0.04828478768467903, "acc": 0.9864432215690613, "length": 4.0, "mode": "test", "epoch": 61}
{"loss": 0.02401154674589634, "acc": 0.9936157464981079, "length": 3.999993085861206, "mode": "train", "epoch": 62}
{"loss": 0.04159332811832428, "acc": 0.9912682771682739, "length": 4.0, "mode": "test", "epoch": 62}
{"loss": 0.016881583258509636, "acc": 0.9964160323143005, "length": 3.999997854232788, "mode": "train", "epoch": 63}
{"loss": 0.02456105872988701, "acc": 0.9950896501541138, "length": 4.0, "mode": "test", "epoch": 63}
{"loss": 0.01328656543046236, "acc": 0.9977839589118958, "length": 3.999997854232788, "mode": "train", "epoch": 64}
{"loss": 0.02442147396504879, "acc": 0.9941503405570984, "length": 4.0, "mode": "test", "epoch": 64}
{"loss": 0.007329363841563463, "acc": 0.9985393285751343, "length": 3.9999988079071045, "mode": "train", "epoch": 65}
{"loss": 0.024200601503252983, "acc": 0.9952606558799744, "length": 4.0, "mode": "test", "epoch": 65}
{"loss": 0.009923149831593037, "acc": 0.9974350333213806, "length": 3.9999990463256836, "mode": "train", "epoch": 66}
{"loss": 0.023155685514211655, "acc": 0.9955379366874695, "length": 4.0, "mode": "test", "epoch": 66}
{"loss": 0.007702759467065334, "acc": 0.9987174868583679, "length": 3.999999523162842, "mode": "train", "epoch": 67}
{"loss": 0.027760948985815048, "acc": 0.9952818155288696, "length": 4.0, "mode": "test", "epoch": 67}
{"loss": 0.007118333131074905, "acc": 0.9986958503723145, "length": 3.999997138977051, "mode": "train", "epoch": 68}
{"loss": 0.025536920875310898, "acc": 0.9941503405570984, "length": 4.0, "mode": "test", "epoch": 68}
{"loss": 0.00891057401895523, "acc": 0.998175859451294, "length": 3.9999983310699463, "mode": "train", "epoch": 69}
{"loss": 0.0266654621809721, "acc": 0.9947267770767212, "length": 4.0, "mode": "test", "epoch": 69}
{"loss": 0.009008231572806835, "acc": 0.9979265928268433, "length": 3.9999988079071045, "mode": "train", "epoch": 70}
{"loss": 0.02143864892423153, "acc": 0.9961997866630554, "length": 4.0, "mode": "test", "epoch": 70}
{"loss": 0.005301616154611111, "acc": 0.9991090893745422, "length": 3.9999964237213135, "mode": "train", "epoch": 71}
{"loss": 0.012298060581088066, "acc": 0.9965841174125671, "length": 4.0, "mode": "test", "epoch": 71}
{"loss": 0.006573383696377277, "acc": 0.9985109567642212, "length": 4.0, "mode": "train", "epoch": 72}
{"loss": 0.015377041883766651, "acc": 0.9960717558860779, "length": 4.0, "mode": "test", "epoch": 72}
{"loss": 0.005466369912028313, "acc": 0.9990168809890747, "length": 3.999999761581421, "mode": "train", "epoch": 73}
{"loss": 0.019574198871850967, "acc": 0.9950255751609802, "length": 4.0, "mode": "test", "epoch": 73}
{"loss": 0.006529909558594227, "acc": 0.9984893798828125, "length": 3.9999983310699463, "mode": "train", "epoch": 74}
{"loss": 0.018282104283571243, "acc": 0.9963492751121521, "length": 4.0, "mode": "test", "epoch": 74}
{"loss": 0.00716253649443388, "acc": 0.9982116222381592, "length": 3.9999990463256836, "mode": "train", "epoch": 75}
{"loss": 0.013576255179941654, "acc": 0.9973527193069458, "length": 4.0, "mode": "test", "epoch": 75}
{"loss": 0.007160155102610588, "acc": 0.9983470439910889, "length": 4.0, "mode": "train", "epoch": 76}
{"loss": 0.016137661412358284, "acc": 0.9965627193450928, "length": 4.0, "mode": "test", "epoch": 76}
{"loss": 0.010279553011059761, "acc": 0.9982543587684631, "length": 3.999999761581421, "mode": "train", "epoch": 77}
{"loss": 0.026363927870988846, "acc": 0.9962639808654785, "length": 4.0, "mode": "test", "epoch": 77}
{"loss": 0.005159926600754261, "acc": 0.9989382028579712, "length": 3.999998092651367, "mode": "train", "epoch": 78}
{"loss": 0.013882490806281567, "acc": 0.9974807500839233, "length": 4.0, "mode": "test", "epoch": 78}
{"loss": 0.008416123688220978, "acc": 0.9977260828018188, "length": 3.9999871253967285, "mode": "train", "epoch": 79}
{"loss": 0.021825123578310013, "acc": 0.9960717558860779, "length": 4.0, "mode": "test", "epoch": 79}
{"loss": 0.012991285882890224, "acc": 0.9971073865890503, "length": 4.0, "mode": "train", "epoch": 80}
{"loss": 0.04989899322390556, "acc": 0.9917377829551697, "length": 4.0, "mode": "test", "epoch": 80}
{"loss": 0.016435105353593826, "acc": 0.9957965016365051, "length": 3.999999761581421, "mode": "train", "epoch": 81}
{"loss": 0.034122709184885025, "acc": 0.9909479022026062, "length": 4.0, "mode": "test", "epoch": 81}
{"loss": 0.01572662778198719, "acc": 0.995867908000946, "length": 4.0, "mode": "train", "epoch": 82}
{"loss": 0.03752893954515457, "acc": 0.993040144443512, "length": 4.0, "mode": "test", "epoch": 82}
{"loss": 0.015217303298413754, "acc": 0.9964091777801514, "length": 4.0, "mode": "train", "epoch": 83}
{"loss": 0.050476692616939545, "acc": 0.9916311502456665, "length": 4.0, "mode": "test", "epoch": 83}
{"loss": 0.008365939371287823, "acc": 0.9986462593078613, "length": 4.0, "mode": "train", "epoch": 84}
{"loss": 0.01832485757768154, "acc": 0.9972032308578491, "length": 4.0, "mode": "test", "epoch": 84}
{"loss": 0.00975391548126936, "acc": 0.9976701736450195, "length": 3.999999523162842, "mode": "train", "epoch": 85}
{"loss": 0.03324926644563675, "acc": 0.994982898235321, "length": 4.0, "mode": "test", "epoch": 85}
{"loss": 0.007832643575966358, "acc": 0.9982901215553284, "length": 3.999999761581421, "mode": "train", "epoch": 86}
{"loss": 0.02093655988574028, "acc": 0.9961144924163818, "length": 4.0, "mode": "test", "epoch": 86}
{"loss": 0.007946711964905262, "acc": 0.9983065724372864, "length": 3.9999637603759766, "mode": "train", "epoch": 87}
{"loss": 0.006857913453131914, "acc": 0.9986336827278137, "length": 4.0, "mode": "test", "epoch": 87}
{"loss": 0.007695090025663376, "acc": 0.9984319806098938, "length": 3.9999964237213135, "mode": "train", "epoch": 88}
{"loss": 0.029802588745951653, "acc": 0.995132327079773, "length": 4.0, "mode": "test", "epoch": 88}
{"loss": 0.010945872403681278, "acc": 0.9978697299957275, "length": 4.0, "mode": "train", "epoch": 89}
{"loss": 0.02117946185171604, "acc": 0.9957087635993958, "length": 4.0, "mode": "test", "epoch": 89}
{"loss": 0.02226153202354908, "acc": 0.9939298629760742, "length": 4.0, "mode": "train", "epoch": 90}
{"loss": 0.027739351615309715, "acc": 0.9946200251579285, "length": 4.0, "mode": "test", "epoch": 90}
{"loss": 0.011086804792284966, "acc": 0.9973354935646057, "length": 4.0, "mode": "train", "epoch": 91}
{"loss": 0.011436422355473042, "acc": 0.9973526000976562, "length": 4.0, "mode": "test", "epoch": 91}
{"loss": 0.009051554836332798, "acc": 0.9981263279914856, "length": 4.0, "mode": "train", "epoch": 92}
{"loss": 0.02852090448141098, "acc": 0.9946627020835876, "length": 4.0, "mode": "test", "epoch": 92}
{"loss": 0.04058615118265152, "acc": 0.9896479845046997, "length": 3.999999523162842, "mode": "train", "epoch": 93}
{"loss": 0.06798499822616577, "acc": 0.9820879697799683, "length": 4.0, "mode": "test", "epoch": 93}
{"loss": 0.039814695715904236, "acc": 0.9891707301139832, "length": 4.0, "mode": "train", "epoch": 94}
{"loss": 0.036599867045879364, "acc": 0.9902219772338867, "length": 4.0, "mode": "test", "epoch": 94}
{"loss": 0.02116492949426174, "acc": 0.9947493672370911, "length": 4.0, "mode": "train", "epoch": 95}
{"loss": 0.02942018210887909, "acc": 0.9929546117782593, "length": 4.0, "mode": "test", "epoch": 95}
{"loss": 0.016545195132493973, "acc": 0.9958605170249939, "length": 4.0, "mode": "train", "epoch": 96}
{"loss": 0.030447514727711678, "acc": 0.9944277405738831, "length": 4.0, "mode": "test", "epoch": 96}
{"loss": 0.012749597430229187, "acc": 0.9960957169532776, "length": 4.0, "mode": "train", "epoch": 97}
{"loss": 0.022239748388528824, "acc": 0.9953031539916992, "length": 4.0, "mode": "test", "epoch": 97}
{"loss": 0.016195986419916153, "acc": 0.9954543709754944, "length": 3.9999983310699463, "mode": "train", "epoch": 98}
{"loss": 0.03418430685997009, "acc": 0.9927200078964233, "length": 4.0, "mode": "test", "epoch": 98}
{"loss": 0.012940896674990654, "acc": 0.9965371489524841, "length": 3.9999983310699463, "mode": "train", "epoch": 99}
{"loss": 0.022732121869921684, "acc": 0.9943210482597351, "length": 4.0, "mode": "test", "epoch": 99}
{"loss": 0.008386315777897835, "acc": 0.9980266094207764, "length": 4.0, "mode": "train", "epoch": 100}
{"loss": 0.01741793006658554, "acc": 0.9969897270202637, "length": 4.0, "mode": "test", "epoch": 100}
test accuracy: 0.8549432158470154
