# ["--attributes=3", "--values=4", "--game_size=20", "--vocab_size_factor=3", "--n_epochs=100", "--batch_size=64", "--learning_rate=0.001", "--hidden_size=256", "--temp_update=0.99", "--temperature=1.5"]
Creating train_ds and val_ds...

Creating test_ds...
{"loss": 0.6975950598716736, "acc": 0.5101152062416077, "length": 1.3509376049041748, "mode": "train", "epoch": 1}
{"loss": 0.6944538950920105, "acc": 0.5017619729042053, "length": 1.0, "mode": "test", "epoch": 1}
{"loss": 0.6654937267303467, "acc": 0.5687664747238159, "length": 1.5721882581710815, "mode": "train", "epoch": 2}
{"loss": 0.622810959815979, "acc": 0.6727879047393799, "length": 2.2661690711975098, "mode": "test", "epoch": 2}
{"loss": 0.5394664406776428, "acc": 0.7253133654594421, "length": 3.061690330505371, "mode": "train", "epoch": 3}
{"loss": 0.4719395041465759, "acc": 0.7873601913452148, "length": 3.308457612991333, "mode": "test", "epoch": 3}
{"loss": 0.4035879075527191, "acc": 0.8203197717666626, "length": 3.4069366455078125, "mode": "train", "epoch": 4}
{"loss": 0.390948623418808, "acc": 0.8265160918235779, "length": 3.427860736846924, "mode": "test", "epoch": 4}
{"loss": 0.32260310649871826, "acc": 0.8682922124862671, "length": 3.834555149078369, "mode": "train", "epoch": 5}
{"loss": 0.2982688546180725, "acc": 0.8802031874656677, "length": 4.0, "mode": "test", "epoch": 5}
{"loss": 0.26755180954933167, "acc": 0.8974294662475586, "length": 3.9936091899871826, "mode": "train", "epoch": 6}
{"loss": 0.2744901180267334, "acc": 0.9003316164016724, "length": 4.0, "mode": "test", "epoch": 6}
{"loss": 0.24749118089675903, "acc": 0.9035874009132385, "length": 3.996063470840454, "mode": "train", "epoch": 7}
{"loss": 0.24864237010478973, "acc": 0.9121683835983276, "length": 4.0, "mode": "test", "epoch": 7}
{"loss": 0.231790229678154, "acc": 0.9093419909477234, "length": 3.9977211952209473, "mode": "train", "epoch": 8}
{"loss": 0.25543227791786194, "acc": 0.9086235761642456, "length": 4.0, "mode": "test", "epoch": 8}
{"loss": 0.22440537810325623, "acc": 0.9100403785705566, "length": 3.9982590675354004, "mode": "train", "epoch": 9}
{"loss": 0.22275400161743164, "acc": 0.91175377368927, "length": 4.0, "mode": "test", "epoch": 9}
{"loss": 0.2027478665113449, "acc": 0.9179350137710571, "length": 3.9985995292663574, "mode": "train", "epoch": 10}
{"loss": 0.2037004828453064, "acc": 0.9161900281906128, "length": 4.0, "mode": "test", "epoch": 10}
{"loss": 0.18935643136501312, "acc": 0.9266176223754883, "length": 3.9988694190979004, "mode": "train", "epoch": 11}
{"loss": 0.18564468622207642, "acc": 0.9331260323524475, "length": 4.0, "mode": "test", "epoch": 11}
{"loss": 0.1664305180311203, "acc": 0.9380002617835999, "length": 3.999001979827881, "mode": "train", "epoch": 12}
{"loss": 0.16892294585704803, "acc": 0.9403607845306396, "length": 4.0, "mode": "test", "epoch": 12}
{"loss": 0.15746593475341797, "acc": 0.9414582252502441, "length": 3.999382495880127, "mode": "train", "epoch": 13}
{"loss": 0.1745227724313736, "acc": 0.9366086721420288, "length": 4.0, "mode": "test", "epoch": 13}
{"loss": 0.13894566893577576, "acc": 0.9500386714935303, "length": 3.999497413635254, "mode": "train", "epoch": 14}
{"loss": 0.1335020512342453, "acc": 0.9505180716514587, "length": 4.0, "mode": "test", "epoch": 14}
{"loss": 0.1199502944946289, "acc": 0.9573056101799011, "length": 3.999495267868042, "mode": "train", "epoch": 15}
{"loss": 0.1437767595052719, "acc": 0.948051393032074, "length": 4.0, "mode": "test", "epoch": 15}
{"loss": 0.1107703447341919, "acc": 0.9611200094223022, "length": 3.999713659286499, "mode": "train", "epoch": 16}
{"loss": 0.1190376952290535, "acc": 0.9604892134666443, "length": 4.0, "mode": "test", "epoch": 16}
{"loss": 0.10498755425214767, "acc": 0.9631597995758057, "length": 3.9997260570526123, "mode": "train", "epoch": 17}
{"loss": 0.11388028413057327, "acc": 0.9571517109870911, "length": 4.0, "mode": "test", "epoch": 17}
{"loss": 0.10001339018344879, "acc": 0.9659627079963684, "length": 3.999565839767456, "mode": "train", "epoch": 18}
{"loss": 0.11050049960613251, "acc": 0.9622513055801392, "length": 4.0, "mode": "test", "epoch": 18}
{"loss": 0.09384996443986893, "acc": 0.9680771827697754, "length": 3.999678134918213, "mode": "train", "epoch": 19}
{"loss": 0.09177642315626144, "acc": 0.9696102738380432, "length": 4.0, "mode": "test", "epoch": 19}
{"loss": 0.08477196097373962, "acc": 0.9723600149154663, "length": 3.9997735023498535, "mode": "train", "epoch": 20}
{"loss": 0.09021654725074768, "acc": 0.9743368029594421, "length": 4.0, "mode": "test", "epoch": 20}
{"loss": 0.07329172641038895, "acc": 0.9767541289329529, "length": 3.99980092048645, "mode": "train", "epoch": 21}
{"loss": 0.08132471889257431, "acc": 0.9741086363792419, "length": 4.0, "mode": "test", "epoch": 21}
{"loss": 0.07129865139722824, "acc": 0.9777385592460632, "length": 3.9998364448547363, "mode": "train", "epoch": 22}
{"loss": 0.07445194572210312, "acc": 0.9759742021560669, "length": 4.0, "mode": "test", "epoch": 22}
{"loss": 0.06819470971822739, "acc": 0.9780083894729614, "length": 3.9998323917388916, "mode": "train", "epoch": 23}
{"loss": 0.07594981044530869, "acc": 0.9756841063499451, "length": 4.0, "mode": "test", "epoch": 23}
{"loss": 0.0770169198513031, "acc": 0.9763922095298767, "length": 3.9998929500579834, "mode": "train", "epoch": 24}
{"loss": 0.08600789308547974, "acc": 0.973237931728363, "length": 4.0, "mode": "test", "epoch": 24}
{"loss": 0.06274738907814026, "acc": 0.9805724024772644, "length": 3.999927520751953, "mode": "train", "epoch": 25}
{"loss": 0.06536252051591873, "acc": 0.9806383848190308, "length": 4.0, "mode": "test", "epoch": 25}
{"loss": 0.05131510645151138, "acc": 0.9856013655662537, "length": 3.9999330043792725, "mode": "train", "epoch": 26}
{"loss": 0.06261684000492096, "acc": 0.9818407893180847, "length": 4.0, "mode": "test", "epoch": 26}
{"loss": 0.048972100019454956, "acc": 0.9857940673828125, "length": 3.999910354614258, "mode": "train", "epoch": 27}
{"loss": 0.06430328637361526, "acc": 0.9816336035728455, "length": 4.0, "mode": "test", "epoch": 27}
{"loss": 0.05435880646109581, "acc": 0.9822881817817688, "length": 3.999940872192383, "mode": "train", "epoch": 28}
{"loss": 0.06765901297330856, "acc": 0.9818821549415588, "length": 4.0, "mode": "test", "epoch": 28}
{"loss": 0.06263386458158493, "acc": 0.980388879776001, "length": 3.9998579025268555, "mode": "train", "epoch": 29}
{"loss": 0.06670600175857544, "acc": 0.9786899089813232, "length": 4.0, "mode": "test", "epoch": 29}
{"loss": 0.05282178893685341, "acc": 0.9840322136878967, "length": 3.9999618530273438, "mode": "train", "epoch": 30}
{"loss": 0.05977427959442139, "acc": 0.9778192639350891, "length": 4.0, "mode": "test", "epoch": 30}
{"loss": 0.05220293626189232, "acc": 0.984696090221405, "length": 3.9999477863311768, "mode": "train", "epoch": 31}
{"loss": 0.06716199219226837, "acc": 0.9790630340576172, "length": 4.0, "mode": "test", "epoch": 31}
{"loss": 0.050995729863643646, "acc": 0.9849859476089478, "length": 3.999941825866699, "mode": "train", "epoch": 32}
{"loss": 0.05548780784010887, "acc": 0.9839760065078735, "length": 4.0, "mode": "test", "epoch": 32}
{"loss": 0.04360666498541832, "acc": 0.9879128336906433, "length": 3.999955892562866, "mode": "train", "epoch": 33}
{"loss": 0.051170140504837036, "acc": 0.9853647947311401, "length": 4.0, "mode": "test", "epoch": 33}
{"loss": 0.04248124361038208, "acc": 0.9874131083488464, "length": 3.9999289512634277, "mode": "train", "epoch": 34}
{"loss": 0.06863641738891602, "acc": 0.9834991693496704, "length": 4.0, "mode": "test", "epoch": 34}
{"loss": 0.04608793556690216, "acc": 0.986674427986145, "length": 3.999953269958496, "mode": "train", "epoch": 35}
{"loss": 0.03777268901467323, "acc": 0.9886402487754822, "length": 4.0, "mode": "test", "epoch": 35}
{"loss": 0.03538107872009277, "acc": 0.9898508787155151, "length": 3.9999773502349854, "mode": "train", "epoch": 36}
{"loss": 0.05045982077717781, "acc": 0.9841209650039673, "length": 4.0, "mode": "test", "epoch": 36}
{"loss": 0.03379802033305168, "acc": 0.9901761412620544, "length": 3.9999821186065674, "mode": "train", "epoch": 37}
{"loss": 0.04578859731554985, "acc": 0.9880596995353699, "length": 4.0, "mode": "test", "epoch": 37}
{"loss": 0.033547915518283844, "acc": 0.9914155006408691, "length": 3.9994726181030273, "mode": "train", "epoch": 38}
{"loss": 0.04136549308896065, "acc": 0.9904850125312805, "length": 4.0, "mode": "test", "epoch": 38}
{"loss": 0.029294131323695183, "acc": 0.9918848872184753, "length": 3.999985456466675, "mode": "train", "epoch": 39}
{"loss": 0.033764101564884186, "acc": 0.9926618337631226, "length": 4.0, "mode": "test", "epoch": 39}
{"loss": 0.028611602261662483, "acc": 0.9929154515266418, "length": 3.9999780654907227, "mode": "train", "epoch": 40}
{"loss": 0.03866852447390556, "acc": 0.9911071062088013, "length": 4.0, "mode": "test", "epoch": 40}
{"loss": 0.03057851456105709, "acc": 0.9907782673835754, "length": 3.999988079071045, "mode": "train", "epoch": 41}
{"loss": 0.04338743910193443, "acc": 0.9898424744606018, "length": 4.0, "mode": "test", "epoch": 41}
{"loss": 0.025505321100354195, "acc": 0.9936696887016296, "length": 3.999986410140991, "mode": "train", "epoch": 42}
{"loss": 0.04889921098947525, "acc": 0.9877280592918396, "length": 4.0, "mode": "test", "epoch": 42}
{"loss": 0.024463649839162827, "acc": 0.9934760928153992, "length": 3.9999890327453613, "mode": "train", "epoch": 43}
{"loss": 0.03877145051956177, "acc": 0.9921229481697083, "length": 4.0, "mode": "test", "epoch": 43}
{"loss": 0.030055735260248184, "acc": 0.9919667840003967, "length": 3.999953269958496, "mode": "train", "epoch": 44}
{"loss": 0.04848872870206833, "acc": 0.9864633679389954, "length": 4.0, "mode": "test", "epoch": 44}
{"loss": 0.028001904487609863, "acc": 0.9926044344902039, "length": 3.9999892711639404, "mode": "train", "epoch": 45}
{"loss": 0.05238872021436691, "acc": 0.9855100512504578, "length": 4.0, "mode": "test", "epoch": 45}
{"loss": 0.02614671178162098, "acc": 0.9930334687232971, "length": 3.9999890327453613, "mode": "train", "epoch": 46}
{"loss": 0.03987594321370125, "acc": 0.9902778267860413, "length": 4.0, "mode": "test", "epoch": 46}
{"loss": 0.02572242170572281, "acc": 0.9938569664955139, "length": 3.9999942779541016, "mode": "train", "epoch": 47}
{"loss": 0.02491072751581669, "acc": 0.9941542148590088, "length": 4.0, "mode": "test", "epoch": 47}
{"loss": 0.03775615990161896, "acc": 0.9898232817649841, "length": 3.999981641769409, "mode": "train", "epoch": 48}
{"loss": 0.07153629511594772, "acc": 0.9807420372962952, "length": 4.0, "mode": "test", "epoch": 48}
{"loss": 0.041019733995199203, "acc": 0.9880387783050537, "length": 3.9999876022338867, "mode": "train", "epoch": 49}
{"loss": 0.06784828007221222, "acc": 0.9830016493797302, "length": 4.0, "mode": "test", "epoch": 49}
{"loss": 0.029444091022014618, "acc": 0.991311252117157, "length": 3.9999938011169434, "mode": "train", "epoch": 50}
{"loss": 0.03823111578822136, "acc": 0.9906923174858093, "length": 4.0, "mode": "test", "epoch": 50}
{"loss": 0.026346372440457344, "acc": 0.992127537727356, "length": 3.999993085861206, "mode": "train", "epoch": 51}
{"loss": 0.04335235804319382, "acc": 0.9882047176361084, "length": 4.0, "mode": "test", "epoch": 51}
{"loss": 0.02539314702153206, "acc": 0.9926784634590149, "length": 3.9999444484710693, "mode": "train", "epoch": 52}
{"loss": 0.046888288110494614, "acc": 0.9853854775428772, "length": 4.0, "mode": "test", "epoch": 52}
{"loss": 0.028382055461406708, "acc": 0.9922448992729187, "length": 3.999990224838257, "mode": "train", "epoch": 53}
{"loss": 0.029707953333854675, "acc": 0.9896557927131653, "length": 4.0, "mode": "test", "epoch": 53}
{"loss": 0.021442042663693428, "acc": 0.9941193461418152, "length": 3.999983787536621, "mode": "train", "epoch": 54}
{"loss": 0.02790256217122078, "acc": 0.993656575679779, "length": 4.0, "mode": "test", "epoch": 54}
{"loss": 0.02483692765235901, "acc": 0.9931857585906982, "length": 3.9999914169311523, "mode": "train", "epoch": 55}
{"loss": 0.04029622673988342, "acc": 0.9908995628356934, "length": 4.0, "mode": "test", "epoch": 55}
{"loss": 0.026882294565439224, "acc": 0.9923142194747925, "length": 3.9999921321868896, "mode": "train", "epoch": 56}
{"loss": 0.018948575481772423, "acc": 0.994672417640686, "length": 4.0, "mode": "test", "epoch": 56}
{"loss": 0.014554396271705627, "acc": 0.9958487153053284, "length": 3.9999842643737793, "mode": "train", "epoch": 57}
{"loss": 0.01963164284825325, "acc": 0.9951906800270081, "length": 4.0, "mode": "test", "epoch": 57}
{"loss": 0.015553779900074005, "acc": 0.9963920712471008, "length": 3.999931812286377, "mode": "train", "epoch": 58}
{"loss": 0.02137920819222927, "acc": 0.9959992170333862, "length": 4.0, "mode": "test", "epoch": 58}
{"loss": 0.01190108247101307, "acc": 0.9971704483032227, "length": 3.999995708465576, "mode": "train", "epoch": 59}
{"loss": 0.023858506232500076, "acc": 0.9951906800270081, "length": 4.0, "mode": "test", "epoch": 59}
{"loss": 0.01687546633183956, "acc": 0.9962434768676758, "length": 3.9999923706054688, "mode": "train", "epoch": 60}
{"loss": 0.015421967953443527, "acc": 0.9960821866989136, "length": 4.0, "mode": "test", "epoch": 60}
{"loss": 0.015411317348480225, "acc": 0.9958009123802185, "length": 3.999995708465576, "mode": "train", "epoch": 61}
{"loss": 0.017666349187493324, "acc": 0.9959161877632141, "length": 4.0, "mode": "test", "epoch": 61}
{"loss": 0.010017622262239456, "acc": 0.9974541664123535, "length": 3.999997854232788, "mode": "train", "epoch": 62}
{"loss": 0.014728151261806488, "acc": 0.9967662692070007, "length": 4.0, "mode": "test", "epoch": 62}
{"loss": 0.010159014724195004, "acc": 0.9976133108139038, "length": 3.999997854232788, "mode": "train", "epoch": 63}
{"loss": 0.03636331856250763, "acc": 0.9935739040374756, "length": 4.0, "mode": "test", "epoch": 63}
{"loss": 0.03248457983136177, "acc": 0.9923213124275208, "length": 3.99999737739563, "mode": "train", "epoch": 64}
{"loss": 0.05025367811322212, "acc": 0.9871891140937805, "length": 4.0, "mode": "test", "epoch": 64}
{"loss": 0.04169609397649765, "acc": 0.9877486824989319, "length": 3.9999916553497314, "mode": "train", "epoch": 65}
{"loss": 0.04561596363782883, "acc": 0.9875828623771667, "length": 4.0, "mode": "test", "epoch": 65}
{"loss": 0.03902771696448326, "acc": 0.9894019961357117, "length": 3.9999921321868896, "mode": "train", "epoch": 66}
{"loss": 0.04230770841240883, "acc": 0.9892619848251343, "length": 4.0, "mode": "test", "epoch": 66}
{"loss": 0.02256520837545395, "acc": 0.9930062294006348, "length": 3.9999966621398926, "mode": "train", "epoch": 67}
{"loss": 0.018043462187051773, "acc": 0.9958333969116211, "length": 4.0, "mode": "test", "epoch": 67}
{"loss": 0.01623230241239071, "acc": 0.9949362874031067, "length": 3.99999737739563, "mode": "train", "epoch": 68}
{"loss": 0.01618475839495659, "acc": 0.9955848455429077, "length": 4.0, "mode": "test", "epoch": 68}
{"loss": 0.015476558357477188, "acc": 0.9966034293174744, "length": 3.999997854232788, "mode": "train", "epoch": 69}
{"loss": 0.027048930525779724, "acc": 0.9942995309829712, "length": 4.0, "mode": "test", "epoch": 69}
{"loss": 0.012447325512766838, "acc": 0.9964718222618103, "length": 3.999997615814209, "mode": "train", "epoch": 70}
{"loss": 0.016285302117466927, "acc": 0.9961443543434143, "length": 4.0, "mode": "test", "epoch": 70}
{"loss": 0.012533720582723618, "acc": 0.9971152544021606, "length": 3.9999988079071045, "mode": "train", "epoch": 71}
{"loss": 0.023138971999287605, "acc": 0.9944028854370117, "length": 4.0, "mode": "test", "epoch": 71}
{"loss": 0.018917381763458252, "acc": 0.995420515537262, "length": 3.9999992847442627, "mode": "train", "epoch": 72}
{"loss": 0.022631345316767693, "acc": 0.9950042366981506, "length": 4.0, "mode": "test", "epoch": 72}
{"loss": 0.012080646120011806, "acc": 0.9966379404067993, "length": 3.9999988079071045, "mode": "train", "epoch": 73}
{"loss": 0.02576841600239277, "acc": 0.993428647518158, "length": 4.0, "mode": "test", "epoch": 73}
{"loss": 0.014910686761140823, "acc": 0.996202290058136, "length": 3.9999992847442627, "mode": "train", "epoch": 74}
{"loss": 0.009791321121156216, "acc": 0.9983417987823486, "length": 4.0, "mode": "test", "epoch": 74}
{"loss": 0.008275069296360016, "acc": 0.997758686542511, "length": 3.999999523162842, "mode": "train", "epoch": 75}
{"loss": 0.010963916778564453, "acc": 0.997802734375, "length": 4.0, "mode": "test", "epoch": 75}
{"loss": 0.008113578893244267, "acc": 0.9983258843421936, "length": 3.9999992847442627, "mode": "train", "epoch": 76}
{"loss": 0.014415481127798557, "acc": 0.9971185922622681, "length": 4.0, "mode": "test", "epoch": 76}
{"loss": 0.006054394878447056, "acc": 0.9985818266868591, "length": 3.999999523162842, "mode": "train", "epoch": 77}
{"loss": 0.012789822183549404, "acc": 0.9973260164260864, "length": 4.0, "mode": "test", "epoch": 77}
{"loss": 0.011342455632984638, "acc": 0.9972259998321533, "length": 3.999999523162842, "mode": "train", "epoch": 78}
{"loss": 0.030984966084361076, "acc": 0.9935324788093567, "length": 4.0, "mode": "test", "epoch": 78}
{"loss": 0.0172642283141613, "acc": 0.9952406883239746, "length": 4.0, "mode": "train", "epoch": 79}
{"loss": 0.028911851346492767, "acc": 0.9941129088401794, "length": 4.0, "mode": "test", "epoch": 79}
{"loss": 0.016529792919754982, "acc": 0.9956346750259399, "length": 3.999993324279785, "mode": "train", "epoch": 80}
{"loss": 0.045638784766197205, "acc": 0.9881840944290161, "length": 4.0, "mode": "test", "epoch": 80}
{"loss": 0.0244530588388443, "acc": 0.99319988489151, "length": 3.999998092651367, "mode": "train", "epoch": 81}
{"loss": 0.03709474205970764, "acc": 0.9910449385643005, "length": 4.0, "mode": "test", "epoch": 81}
{"loss": 0.022780872881412506, "acc": 0.993698000907898, "length": 3.9999992847442627, "mode": "train", "epoch": 82}
{"loss": 0.02148527465760708, "acc": 0.9951077699661255, "length": 4.0, "mode": "test", "epoch": 82}
{"loss": 0.022683529183268547, "acc": 0.9943828582763672, "length": 3.9999992847442627, "mode": "train", "epoch": 83}
{"loss": 0.033636655658483505, "acc": 0.9921848773956299, "length": 4.0, "mode": "test", "epoch": 83}
{"loss": 0.013802062720060349, "acc": 0.9962922930717468, "length": 3.999999761581421, "mode": "train", "epoch": 84}
{"loss": 0.015892134979367256, "acc": 0.9970149397850037, "length": 4.0, "mode": "test", "epoch": 84}
{"loss": 0.014353546313941479, "acc": 0.996748685836792, "length": 3.999999761581421, "mode": "train", "epoch": 85}
{"loss": 0.031037086620926857, "acc": 0.9936150908470154, "length": 4.0, "mode": "test", "epoch": 85}
{"loss": 0.023943042382597923, "acc": 0.9937119483947754, "length": 3.999999761581421, "mode": "train", "epoch": 86}
{"loss": 0.018785621970891953, "acc": 0.9949833750724792, "length": 4.0, "mode": "test", "epoch": 86}
{"loss": 0.012089003808796406, "acc": 0.9965895414352417, "length": 3.9999992847442627, "mode": "train", "epoch": 87}
{"loss": 0.018735872581601143, "acc": 0.9956260919570923, "length": 4.0, "mode": "test", "epoch": 87}
{"loss": 0.007898064330220222, "acc": 0.9980078339576721, "length": 3.999999523162842, "mode": "train", "epoch": 88}
{"loss": 0.012921991758048534, "acc": 0.9976162910461426, "length": 4.0, "mode": "test", "epoch": 88}
{"loss": 0.006887922529131174, "acc": 0.9982221126556396, "length": 3.999999761581421, "mode": "train", "epoch": 89}
{"loss": 0.014753752388060093, "acc": 0.9970563650131226, "length": 4.0, "mode": "test", "epoch": 89}
{"loss": 0.00740777375176549, "acc": 0.9983468055725098, "length": 3.999999761581421, "mode": "train", "epoch": 90}
{"loss": 0.01609087362885475, "acc": 0.9968490600585938, "length": 4.0, "mode": "test", "epoch": 90}
{"loss": 0.012302037328481674, "acc": 0.9975303411483765, "length": 3.9999988079071045, "mode": "train", "epoch": 91}
{"loss": 0.03045574575662613, "acc": 0.9936981201171875, "length": 4.0, "mode": "test", "epoch": 91}
{"loss": 0.02097250521183014, "acc": 0.9943482875823975, "length": 3.999999761581421, "mode": "train", "epoch": 92}
{"loss": 0.02480255626142025, "acc": 0.993760347366333, "length": 4.0, "mode": "test", "epoch": 92}
{"loss": 0.016029799357056618, "acc": 0.995959997177124, "length": 3.999999523162842, "mode": "train", "epoch": 93}
{"loss": 0.0190470889210701, "acc": 0.9955016374588013, "length": 4.0, "mode": "test", "epoch": 93}
{"loss": 0.01393218245357275, "acc": 0.9962368011474609, "length": 4.0, "mode": "train", "epoch": 94}
{"loss": 0.020351329818367958, "acc": 0.9954809546470642, "length": 4.0, "mode": "test", "epoch": 94}
{"loss": 0.015209861099720001, "acc": 0.9964627027511597, "length": 3.9999232292175293, "mode": "train", "epoch": 95}
{"loss": 0.03302557393908501, "acc": 0.9923714399337769, "length": 4.0, "mode": "test", "epoch": 95}
{"loss": 0.01337530929595232, "acc": 0.9960638880729675, "length": 3.999999523162842, "mode": "train", "epoch": 96}
{"loss": 0.016685085371136665, "acc": 0.9959370493888855, "length": 4.0, "mode": "test", "epoch": 96}
{"loss": 0.007809770293533802, "acc": 0.9979525208473206, "length": 3.9999988079071045, "mode": "train", "epoch": 97}
{"loss": 0.011516086757183075, "acc": 0.9974709153175354, "length": 4.0, "mode": "test", "epoch": 97}
{"loss": 0.008267492055892944, "acc": 0.9979247450828552, "length": 3.999999761581421, "mode": "train", "epoch": 98}
{"loss": 0.013084877282381058, "acc": 0.9973053336143494, "length": 4.0, "mode": "test", "epoch": 98}
{"loss": 0.02903788909316063, "acc": 0.9922177791595459, "length": 4.0, "mode": "train", "epoch": 99}
{"loss": 0.02350047416985035, "acc": 0.9943200945854187, "length": 4.0, "mode": "test", "epoch": 99}
{"loss": 0.01847335323691368, "acc": 0.9943897724151611, "length": 3.999999761581421, "mode": "train", "epoch": 100}
{"loss": 0.01319328136742115, "acc": 0.9969114065170288, "length": 4.0, "mode": "test", "epoch": 100}
test accuracy: 0.7989194393157959
