# ["--attributes=3", "--values=4", "--game_size=20", "--vocab_size_factor=3", "--n_epochs=100", "--batch_size=128", "--learning_rate=0.0005", "--hidden_size=128", "--temp_update=0.99", "--temperature=1"]
Creating train_ds and val_ds...

Creating test_ds...
{"loss": 0.6910603046417236, "acc": 0.5274515748023987, "length": 3.568943977355957, "mode": "train", "epoch": 1}
{"loss": 0.6725119948387146, "acc": 0.5938292145729065, "length": 2.7828240394592285, "mode": "test", "epoch": 1}
{"loss": 0.659931480884552, "acc": 0.6114050149917603, "length": 3.561516761779785, "mode": "train", "epoch": 2}
{"loss": 0.6091445088386536, "acc": 0.6780553460121155, "length": 4.0, "mode": "test", "epoch": 2}
{"loss": 0.5700011253356934, "acc": 0.6991336941719055, "length": 3.9461350440979004, "mode": "train", "epoch": 3}
{"loss": 0.541256308555603, "acc": 0.7333196401596069, "length": 4.0, "mode": "test", "epoch": 3}
{"loss": 0.48597636818885803, "acc": 0.7736183404922485, "length": 3.9796299934387207, "mode": "train", "epoch": 4}
{"loss": 0.44821205735206604, "acc": 0.8069983124732971, "length": 4.0, "mode": "test", "epoch": 4}
{"loss": 0.4201584756374359, "acc": 0.8136201500892639, "length": 3.9917237758636475, "mode": "train", "epoch": 5}
{"loss": 0.41199707984924316, "acc": 0.8181460499763489, "length": 4.0, "mode": "test", "epoch": 5}
{"loss": 0.38967806100845337, "acc": 0.8252906203269958, "length": 3.994371175765991, "mode": "train", "epoch": 6}
{"loss": 0.3851107060909271, "acc": 0.8261148929595947, "length": 4.0, "mode": "test", "epoch": 6}
{"loss": 0.36839035153388977, "acc": 0.8349185585975647, "length": 3.996436357498169, "mode": "train", "epoch": 7}
{"loss": 0.36579546332359314, "acc": 0.8380265235900879, "length": 4.0, "mode": "test", "epoch": 7}
{"loss": 0.3529737591743469, "acc": 0.8422915935516357, "length": 3.996347188949585, "mode": "train", "epoch": 8}
{"loss": 0.34823527932167053, "acc": 0.8445499539375305, "length": 4.0, "mode": "test", "epoch": 8}
{"loss": 0.3369372487068176, "acc": 0.8535478115081787, "length": 3.998767137527466, "mode": "train", "epoch": 9}
{"loss": 0.33631035685539246, "acc": 0.8515896201133728, "length": 4.0, "mode": "test", "epoch": 9}
{"loss": 0.32372918725013733, "acc": 0.8555727005004883, "length": 3.9981839656829834, "mode": "train", "epoch": 10}
{"loss": 0.32831820845603943, "acc": 0.8568538427352905, "length": 4.0, "mode": "test", "epoch": 10}
{"loss": 0.3177773952484131, "acc": 0.861768901348114, "length": 3.998896360397339, "mode": "train", "epoch": 11}
{"loss": 0.317779541015625, "acc": 0.8607143759727478, "length": 4.0, "mode": "test", "epoch": 11}
{"loss": 0.3078094720840454, "acc": 0.8652793169021606, "length": 3.998640298843384, "mode": "train", "epoch": 12}
{"loss": 0.310034841299057, "acc": 0.8634392023086548, "length": 4.0, "mode": "test", "epoch": 12}
{"loss": 0.2977449893951416, "acc": 0.8705317378044128, "length": 3.998769760131836, "mode": "train", "epoch": 13}
{"loss": 0.31039342284202576, "acc": 0.8610653281211853, "length": 4.0, "mode": "test", "epoch": 13}
{"loss": 0.2934007942676544, "acc": 0.8744227290153503, "length": 3.998159885406494, "mode": "train", "epoch": 14}
{"loss": 0.2925000488758087, "acc": 0.8729562759399414, "length": 4.0, "mode": "test", "epoch": 14}
{"loss": 0.28792300820350647, "acc": 0.87767094373703, "length": 3.999274730682373, "mode": "train", "epoch": 15}
{"loss": 0.2916322946548462, "acc": 0.8729975819587708, "length": 4.0, "mode": "test", "epoch": 15}
{"loss": 0.281877726316452, "acc": 0.8806942701339722, "length": 3.999086380004883, "mode": "train", "epoch": 16}
{"loss": 0.2832062542438507, "acc": 0.8752062320709229, "length": 4.0, "mode": "test", "epoch": 16}
{"loss": 0.27699607610702515, "acc": 0.8845402598381042, "length": 3.9992823600769043, "mode": "train", "epoch": 17}
{"loss": 0.2799781560897827, "acc": 0.8793146014213562, "length": 4.0, "mode": "test", "epoch": 17}
{"loss": 0.26880770921707153, "acc": 0.8879905939102173, "length": 3.999440908432007, "mode": "train", "epoch": 18}
{"loss": 0.2708578109741211, "acc": 0.8892443180084229, "length": 4.0, "mode": "test", "epoch": 18}
{"loss": 0.2641919255256653, "acc": 0.8920050263404846, "length": 3.9992318153381348, "mode": "train", "epoch": 19}
{"loss": 0.26869451999664307, "acc": 0.8868909478187561, "length": 4.0, "mode": "test", "epoch": 19}
{"loss": 0.25623518228530884, "acc": 0.8968603014945984, "length": 3.998957395553589, "mode": "train", "epoch": 20}
{"loss": 0.2592789828777313, "acc": 0.8966970443725586, "length": 4.0, "mode": "test", "epoch": 20}
{"loss": 0.24726790189743042, "acc": 0.9000285267829895, "length": 3.998995542526245, "mode": "train", "epoch": 21}
{"loss": 0.24580959975719452, "acc": 0.9059866070747375, "length": 4.0, "mode": "test", "epoch": 21}
{"loss": 0.23865491151809692, "acc": 0.9056055545806885, "length": 3.99910306930542, "mode": "train", "epoch": 22}
{"loss": 0.23461483418941498, "acc": 0.9070602655410767, "length": 4.0, "mode": "test", "epoch": 22}
{"loss": 0.2235739529132843, "acc": 0.9118961095809937, "length": 3.998793840408325, "mode": "train", "epoch": 23}
{"loss": 0.2251586765050888, "acc": 0.9098265171051025, "length": 4.0, "mode": "test", "epoch": 23}
{"loss": 0.2167571783065796, "acc": 0.9132169485092163, "length": 3.999166488647461, "mode": "train", "epoch": 24}
{"loss": 0.2222605049610138, "acc": 0.910012423992157, "length": 4.0, "mode": "test", "epoch": 24}
{"loss": 0.2048264890909195, "acc": 0.9204394221305847, "length": 3.999772548675537, "mode": "train", "epoch": 25}
{"loss": 0.2089056521654129, "acc": 0.9176093935966492, "length": 4.0, "mode": "test", "epoch": 25}
{"loss": 0.1947392374277115, "acc": 0.9264988899230957, "length": 3.9996280670166016, "mode": "train", "epoch": 26}
{"loss": 0.20645296573638916, "acc": 0.9218827486038208, "length": 4.0, "mode": "test", "epoch": 26}
{"loss": 0.19031354784965515, "acc": 0.9277323484420776, "length": 3.99981427192688, "mode": "train", "epoch": 27}
{"loss": 0.1922525018453598, "acc": 0.921758770942688, "length": 4.0, "mode": "test", "epoch": 27}
{"loss": 0.18273311853408813, "acc": 0.9338788390159607, "length": 3.9997482299804688, "mode": "train", "epoch": 28}
{"loss": 0.18745827674865723, "acc": 0.9286333322525024, "length": 4.0, "mode": "test", "epoch": 28}
{"loss": 0.17447346448898315, "acc": 0.9361566305160522, "length": 3.9997189044952393, "mode": "train", "epoch": 29}
{"loss": 0.1824558824300766, "acc": 0.9322047829627991, "length": 4.0, "mode": "test", "epoch": 29}
{"loss": 0.16901394724845886, "acc": 0.9402233958244324, "length": 3.9998559951782227, "mode": "train", "epoch": 30}
{"loss": 0.1783880591392517, "acc": 0.9356523156166077, "length": 4.0, "mode": "test", "epoch": 30}
{"loss": 0.16512365639209747, "acc": 0.9415138363838196, "length": 3.999711036682129, "mode": "train", "epoch": 31}
{"loss": 0.1765257567167282, "acc": 0.9357349872589111, "length": 4.0, "mode": "test", "epoch": 31}
{"loss": 0.16177845001220703, "acc": 0.9422845244407654, "length": 3.9998676776885986, "mode": "train", "epoch": 32}
{"loss": 0.17015133798122406, "acc": 0.9400084614753723, "length": 4.0, "mode": "test", "epoch": 32}
{"loss": 0.15704645216464996, "acc": 0.9446663856506348, "length": 3.9997825622558594, "mode": "train", "epoch": 33}
{"loss": 0.17084410786628723, "acc": 0.9385219216346741, "length": 4.0, "mode": "test", "epoch": 33}
{"loss": 0.15716488659381866, "acc": 0.9437550902366638, "length": 3.9998111724853516, "mode": "train", "epoch": 34}
{"loss": 0.17054544389247894, "acc": 0.9386871457099915, "length": 4.0, "mode": "test", "epoch": 34}
{"loss": 0.15445882081985474, "acc": 0.9455839395523071, "length": 3.999868154525757, "mode": "train", "epoch": 35}
{"loss": 0.16835454106330872, "acc": 0.9432079792022705, "length": 4.0, "mode": "test", "epoch": 35}
{"loss": 0.1510700285434723, "acc": 0.945192813873291, "length": 3.9999213218688965, "mode": "train", "epoch": 36}
{"loss": 0.16637377440929413, "acc": 0.9420931935310364, "length": 4.0, "mode": "test", "epoch": 36}
{"loss": 0.14737015962600708, "acc": 0.9479712843894958, "length": 3.9999539852142334, "mode": "train", "epoch": 37}
{"loss": 0.16796761751174927, "acc": 0.9420726299285889, "length": 4.0, "mode": "test", "epoch": 37}
{"loss": 0.14947526156902313, "acc": 0.9466850161552429, "length": 3.999976634979248, "mode": "train", "epoch": 38}
{"loss": 0.16334906220436096, "acc": 0.9385837912559509, "length": 4.0, "mode": "test", "epoch": 38}
{"loss": 0.14680705964565277, "acc": 0.9485713243484497, "length": 3.9999682903289795, "mode": "train", "epoch": 39}
{"loss": 0.15600159764289856, "acc": 0.9439305067062378, "length": 4.0, "mode": "test", "epoch": 39}
{"loss": 0.14510732889175415, "acc": 0.9498856067657471, "length": 3.9999353885650635, "mode": "train", "epoch": 40}
{"loss": 0.16131773591041565, "acc": 0.9438273906707764, "length": 4.0, "mode": "test", "epoch": 40}
{"loss": 0.1445566862821579, "acc": 0.9498174786567688, "length": 3.999955415725708, "mode": "train", "epoch": 41}
{"loss": 0.16243483126163483, "acc": 0.9427952766418457, "length": 4.0, "mode": "test", "epoch": 41}
{"loss": 0.14439217746257782, "acc": 0.9494109153747559, "length": 3.999847650527954, "mode": "train", "epoch": 42}
{"loss": 0.14830747246742249, "acc": 0.9468827843666077, "length": 4.0, "mode": "test", "epoch": 42}
{"loss": 0.14263015985488892, "acc": 0.9503359794616699, "length": 3.999974012374878, "mode": "train", "epoch": 43}
{"loss": 0.15278880298137665, "acc": 0.9438069462776184, "length": 4.0, "mode": "test", "epoch": 43}
{"loss": 0.13850297033786774, "acc": 0.951639711856842, "length": 3.9998061656951904, "mode": "train", "epoch": 44}
{"loss": 0.14927808940410614, "acc": 0.9470478892326355, "length": 4.0, "mode": "test", "epoch": 44}
{"loss": 0.13705042004585266, "acc": 0.9525300860404968, "length": 3.99991774559021, "mode": "train", "epoch": 45}
{"loss": 0.15005441009998322, "acc": 0.9486786723136902, "length": 4.0, "mode": "test", "epoch": 45}
{"loss": 0.13796879351139069, "acc": 0.9512187242507935, "length": 3.9999916553497314, "mode": "train", "epoch": 46}
{"loss": 0.1533394306898117, "acc": 0.9478943347930908, "length": 4.0, "mode": "test", "epoch": 46}
{"loss": 0.13300038874149323, "acc": 0.9535166025161743, "length": 3.999788522720337, "mode": "train", "epoch": 47}
{"loss": 0.1439371556043625, "acc": 0.9513626098632812, "length": 4.0, "mode": "test", "epoch": 47}
{"loss": 0.13219395279884338, "acc": 0.9544349908828735, "length": 3.9999804496765137, "mode": "train", "epoch": 48}
{"loss": 0.14433227479457855, "acc": 0.9488439559936523, "length": 4.0, "mode": "test", "epoch": 48}
{"loss": 0.13063910603523254, "acc": 0.9546836018562317, "length": 3.999988079071045, "mode": "train", "epoch": 49}
{"loss": 0.14130957424640656, "acc": 0.9509702920913696, "length": 4.0, "mode": "test", "epoch": 49}
{"loss": 0.1307375431060791, "acc": 0.9536808133125305, "length": 3.9999451637268066, "mode": "train", "epoch": 50}
{"loss": 0.14463792741298676, "acc": 0.9501651525497437, "length": 4.0, "mode": "test", "epoch": 50}
{"loss": 0.13433155417442322, "acc": 0.9533459544181824, "length": 3.999974250793457, "mode": "train", "epoch": 51}
{"loss": 0.1489528864622116, "acc": 0.9476052522659302, "length": 4.0, "mode": "test", "epoch": 51}
{"loss": 0.13547267019748688, "acc": 0.952934205532074, "length": 3.9999923706054688, "mode": "train", "epoch": 52}
{"loss": 0.149519145488739, "acc": 0.9477085471153259, "length": 4.0, "mode": "test", "epoch": 52}
{"loss": 0.1346067190170288, "acc": 0.95274817943573, "length": 3.9999945163726807, "mode": "train", "epoch": 53}
{"loss": 0.1489647775888443, "acc": 0.9494219422340393, "length": 4.0, "mode": "test", "epoch": 53}
{"loss": 0.13398975133895874, "acc": 0.952224850654602, "length": 3.999997138977051, "mode": "train", "epoch": 54}
{"loss": 0.1444360613822937, "acc": 0.9485756158828735, "length": 4.0, "mode": "test", "epoch": 54}
{"loss": 0.1319884955883026, "acc": 0.9537115693092346, "length": 3.9998855590820312, "mode": "train", "epoch": 55}
{"loss": 0.14462585747241974, "acc": 0.9505162835121155, "length": 4.0, "mode": "test", "epoch": 55}
{"loss": 0.13048338890075684, "acc": 0.9539332389831543, "length": 3.999993085861206, "mode": "train", "epoch": 56}
{"loss": 0.14768065512180328, "acc": 0.9472544193267822, "length": 4.0, "mode": "test", "epoch": 56}
{"loss": 0.1306411176919937, "acc": 0.9533579349517822, "length": 3.9999475479125977, "mode": "train", "epoch": 57}
{"loss": 0.13660140335559845, "acc": 0.9533650279045105, "length": 4.0, "mode": "test", "epoch": 57}
{"loss": 0.12844815850257874, "acc": 0.9544280767440796, "length": 3.9999725818634033, "mode": "train", "epoch": 58}
{"loss": 0.14080773293972015, "acc": 0.9499378800392151, "length": 4.0, "mode": "test", "epoch": 58}
{"loss": 0.12895679473876953, "acc": 0.9542982578277588, "length": 3.999995231628418, "mode": "train", "epoch": 59}
{"loss": 0.13720551133155823, "acc": 0.951486349105835, "length": 4.0, "mode": "test", "epoch": 59}
{"loss": 0.12722116708755493, "acc": 0.9552972912788391, "length": 3.9999959468841553, "mode": "train", "epoch": 60}
{"loss": 0.14254923164844513, "acc": 0.9493808150291443, "length": 4.0, "mode": "test", "epoch": 60}
{"loss": 0.12437105178833008, "acc": 0.9564756751060486, "length": 3.999999523162842, "mode": "train", "epoch": 61}
{"loss": 0.1346883624792099, "acc": 0.9525185823440552, "length": 4.0, "mode": "test", "epoch": 61}
{"loss": 0.12276314944028854, "acc": 0.9563562273979187, "length": 3.9999563694000244, "mode": "train", "epoch": 62}
{"loss": 0.13539735972881317, "acc": 0.9524772763252258, "length": 4.0, "mode": "test", "epoch": 62}
{"loss": 0.12252944707870483, "acc": 0.9567509889602661, "length": 3.9999985694885254, "mode": "train", "epoch": 63}
{"loss": 0.1360255926847458, "acc": 0.9504749178886414, "length": 4.0, "mode": "test", "epoch": 63}
{"loss": 0.12489865720272064, "acc": 0.9558765292167664, "length": 3.999936580657959, "mode": "train", "epoch": 64}
{"loss": 0.13941004872322083, "acc": 0.9517546892166138, "length": 4.0, "mode": "test", "epoch": 64}
{"loss": 0.12566114962100983, "acc": 0.9555938839912415, "length": 3.999999761581421, "mode": "train", "epoch": 65}
{"loss": 0.13532714545726776, "acc": 0.950330376625061, "length": 4.0, "mode": "test", "epoch": 65}
{"loss": 0.12399591505527496, "acc": 0.9566779136657715, "length": 3.9999380111694336, "mode": "train", "epoch": 66}
{"loss": 0.13926243782043457, "acc": 0.9525392651557922, "length": 4.0, "mode": "test", "epoch": 66}
{"loss": 0.12351379543542862, "acc": 0.9574744701385498, "length": 3.9999992847442627, "mode": "train", "epoch": 67}
{"loss": 0.13982751965522766, "acc": 0.9513419270515442, "length": 4.0, "mode": "test", "epoch": 67}
{"loss": 0.1367853432893753, "acc": 0.9501237273216248, "length": 3.999997138977051, "mode": "train", "epoch": 68}
{"loss": 0.15145811438560486, "acc": 0.9438272714614868, "length": 4.0, "mode": "test", "epoch": 68}
{"loss": 0.1348087042570114, "acc": 0.9517360925674438, "length": 4.0, "mode": "train", "epoch": 69}
{"loss": 0.1431628167629242, "acc": 0.9473987817764282, "length": 4.0, "mode": "test", "epoch": 69}
{"loss": 0.12495294213294983, "acc": 0.9555662870407104, "length": 3.999997854232788, "mode": "train", "epoch": 70}
{"loss": 0.13543152809143066, "acc": 0.9520024657249451, "length": 4.0, "mode": "test", "epoch": 70}
{"loss": 0.12332116067409515, "acc": 0.9561036825180054, "length": 3.999999761581421, "mode": "train", "epoch": 71}
{"loss": 0.13465087115764618, "acc": 0.9542527794837952, "length": 4.0, "mode": "test", "epoch": 71}
{"loss": 0.12405761331319809, "acc": 0.9563847780227661, "length": 3.999983787536621, "mode": "train", "epoch": 72}
{"loss": 0.12907953560352325, "acc": 0.9567092657089233, "length": 4.0, "mode": "test", "epoch": 72}
{"loss": 0.12031389772891998, "acc": 0.9583624005317688, "length": 3.999988317489624, "mode": "train", "epoch": 73}
{"loss": 0.12925933301448822, "acc": 0.9569570422172546, "length": 4.0, "mode": "test", "epoch": 73}
{"loss": 0.1189965307712555, "acc": 0.9588109254837036, "length": 3.999999523162842, "mode": "train", "epoch": 74}
{"loss": 0.13294078409671783, "acc": 0.9554911851882935, "length": 4.0, "mode": "test", "epoch": 74}
{"loss": 0.11996220797300339, "acc": 0.9582391977310181, "length": 3.9999992847442627, "mode": "train", "epoch": 75}
{"loss": 0.13178172707557678, "acc": 0.9569984674453735, "length": 4.0, "mode": "test", "epoch": 75}
{"loss": 0.11893424391746521, "acc": 0.958161473274231, "length": 3.999972343444824, "mode": "train", "epoch": 76}
{"loss": 0.12491174787282944, "acc": 0.9562963247299194, "length": 4.0, "mode": "test", "epoch": 76}
{"loss": 0.11881037056446075, "acc": 0.9588773846626282, "length": 3.999955654144287, "mode": "train", "epoch": 77}
{"loss": 0.13269226253032684, "acc": 0.9548307657241821, "length": 4.0, "mode": "test", "epoch": 77}
{"loss": 0.12475104629993439, "acc": 0.9562894701957703, "length": 3.999998092651367, "mode": "train", "epoch": 78}
{"loss": 0.13657574355602264, "acc": 0.9520643949508667, "length": 4.0, "mode": "test", "epoch": 78}
{"loss": 0.12044019997119904, "acc": 0.9571232199668884, "length": 4.0, "mode": "train", "epoch": 79}
{"loss": 0.1346561759710312, "acc": 0.9539843201637268, "length": 4.0, "mode": "test", "epoch": 79}
{"loss": 0.11850292235612869, "acc": 0.958314836025238, "length": 3.999999761581421, "mode": "train", "epoch": 80}
{"loss": 0.1278819888830185, "acc": 0.955966055393219, "length": 4.0, "mode": "test", "epoch": 80}
{"loss": 0.11961537599563599, "acc": 0.9575890898704529, "length": 3.99995756149292, "mode": "train", "epoch": 81}
{"loss": 0.1253732591867447, "acc": 0.957369863986969, "length": 4.0, "mode": "test", "epoch": 81}
{"loss": 0.11692330986261368, "acc": 0.9588660001754761, "length": 4.0, "mode": "train", "epoch": 82}
{"loss": 0.12438555061817169, "acc": 0.9580305814743042, "length": 4.0, "mode": "test", "epoch": 82}
{"loss": 0.1173233762383461, "acc": 0.9592859745025635, "length": 3.999997138977051, "mode": "train", "epoch": 83}
{"loss": 0.1308453530073166, "acc": 0.9569984078407288, "length": 4.0, "mode": "test", "epoch": 83}
{"loss": 0.11531112343072891, "acc": 0.9604568481445312, "length": 3.9999876022338867, "mode": "train", "epoch": 84}
{"loss": 0.1293065994977951, "acc": 0.9556770920753479, "length": 4.0, "mode": "test", "epoch": 84}
{"loss": 0.11522267758846283, "acc": 0.9595548510551453, "length": 3.999997854232788, "mode": "train", "epoch": 85}
{"loss": 0.1230119988322258, "acc": 0.9559248685836792, "length": 4.0, "mode": "test", "epoch": 85}
{"loss": 0.11588931828737259, "acc": 0.9596996307373047, "length": 4.0, "mode": "train", "epoch": 86}
{"loss": 0.12309195846319199, "acc": 0.957783043384552, "length": 4.0, "mode": "test", "epoch": 86}
{"loss": 0.11426416039466858, "acc": 0.9589762091636658, "length": 4.0, "mode": "train", "epoch": 87}
{"loss": 0.12025000900030136, "acc": 0.959682047367096, "length": 4.0, "mode": "test", "epoch": 87}
{"loss": 0.11418083310127258, "acc": 0.9604021310806274, "length": 3.999998092651367, "mode": "train", "epoch": 88}
{"loss": 0.12670627236366272, "acc": 0.9572667479515076, "length": 4.0, "mode": "test", "epoch": 88}
{"loss": 0.11480318009853363, "acc": 0.9595962166786194, "length": 3.9999985694885254, "mode": "train", "epoch": 89}
{"loss": 0.12396600097417831, "acc": 0.9565441012382507, "length": 4.0, "mode": "test", "epoch": 89}
{"loss": 0.1196381002664566, "acc": 0.9592034220695496, "length": 3.9999985694885254, "mode": "train", "epoch": 90}
{"loss": 0.12762407958507538, "acc": 0.9558629393577576, "length": 4.0, "mode": "test", "epoch": 90}
{"loss": 0.11445856094360352, "acc": 0.9595893025398254, "length": 4.0, "mode": "train", "epoch": 91}
{"loss": 0.12121261656284332, "acc": 0.9572461843490601, "length": 4.0, "mode": "test", "epoch": 91}
{"loss": 0.11432960629463196, "acc": 0.9603056311607361, "length": 3.999999761581421, "mode": "train", "epoch": 92}
{"loss": 0.12244009226560593, "acc": 0.9579481482505798, "length": 4.0, "mode": "test", "epoch": 92}
{"loss": 0.11361391842365265, "acc": 0.9597066640853882, "length": 4.0, "mode": "train", "epoch": 93}
{"loss": 0.12340272963047028, "acc": 0.9567503929138184, "length": 4.0, "mode": "test", "epoch": 93}
{"loss": 0.1196446567773819, "acc": 0.95768803358078, "length": 3.999999523162842, "mode": "train", "epoch": 94}
{"loss": 0.1385667473077774, "acc": 0.9505160450935364, "length": 4.0, "mode": "test", "epoch": 94}
{"loss": 0.11738386005163193, "acc": 0.9578050374984741, "length": 4.0, "mode": "train", "epoch": 95}
{"loss": 0.13693319261074066, "acc": 0.9529727697372437, "length": 4.0, "mode": "test", "epoch": 95}
{"loss": 0.11684025824069977, "acc": 0.9594171047210693, "length": 3.9999988079071045, "mode": "train", "epoch": 96}
{"loss": 0.12857656180858612, "acc": 0.9563996195793152, "length": 4.0, "mode": "test", "epoch": 96}
{"loss": 0.12073754519224167, "acc": 0.9564686417579651, "length": 3.999999523162842, "mode": "train", "epoch": 97}
{"loss": 0.14512331783771515, "acc": 0.9494425058364868, "length": 4.0, "mode": "test", "epoch": 97}
{"loss": 0.11777950823307037, "acc": 0.9583767056465149, "length": 3.9999964237213135, "mode": "train", "epoch": 98}
{"loss": 0.13376343250274658, "acc": 0.9555327296257019, "length": 4.0, "mode": "test", "epoch": 98}
{"loss": 0.11434859782457352, "acc": 0.9605675339698792, "length": 4.0, "mode": "train", "epoch": 99}
{"loss": 0.1316840499639511, "acc": 0.9553263187408447, "length": 4.0, "mode": "test", "epoch": 99}
{"loss": 0.11438574641942978, "acc": 0.9597203135490417, "length": 4.0, "mode": "train", "epoch": 100}
{"loss": 0.12633727490901947, "acc": 0.9560074210166931, "length": 4.0, "mode": "test", "epoch": 100}
test accuracy: 0.7089009284973145
