# ["--attributes=3", "--values=4", "--game_size=20", "--vocab_size_factor=3", "--n_epochs=100", "--batch_size=128", "--learning_rate=0.0005", "--hidden_size=128", "--temp_update=0.99", "--temperature=1.5"]
Creating train_ds and val_ds...

Creating test_ds...
{"loss": 0.6913750171661377, "acc": 0.5212245583534241, "length": 3.610727548599243, "mode": "train", "epoch": 1}
{"loss": 0.6693758368492126, "acc": 0.5933128595352173, "length": 3.703610420227051, "mode": "test", "epoch": 1}
{"loss": 0.6709466576576233, "acc": 0.5950772762298584, "length": 3.630277156829834, "mode": "train", "epoch": 2}
{"loss": 0.62363201379776, "acc": 0.6822207570075989, "length": 4.0, "mode": "test", "epoch": 2}
{"loss": 0.5847629904747009, "acc": 0.6913139820098877, "length": 3.9035122394561768, "mode": "train", "epoch": 3}
{"loss": 0.5477949976921082, "acc": 0.7285474538803101, "length": 4.0, "mode": "test", "epoch": 3}
{"loss": 0.49146726727485657, "acc": 0.7605291604995728, "length": 3.962769031524658, "mode": "train", "epoch": 4}
{"loss": 0.4960542619228363, "acc": 0.7915197014808655, "length": 4.0, "mode": "test", "epoch": 4}
{"loss": 0.4398063123226166, "acc": 0.8112884759902954, "length": 3.9810001850128174, "mode": "train", "epoch": 5}
{"loss": 0.47085291147232056, "acc": 0.807262659072876, "length": 4.0, "mode": "test", "epoch": 5}
{"loss": 0.4053591191768646, "acc": 0.8239873051643372, "length": 3.9849419593811035, "mode": "train", "epoch": 6}
{"loss": 0.44045597314834595, "acc": 0.814378559589386, "length": 4.0, "mode": "test", "epoch": 6}
{"loss": 0.3499290645122528, "acc": 0.8572991490364075, "length": 3.9883015155792236, "mode": "train", "epoch": 7}
{"loss": 0.402300089597702, "acc": 0.8135181665420532, "length": 4.0, "mode": "test", "epoch": 7}
{"loss": 0.3100101053714752, "acc": 0.8754280209541321, "length": 3.991995096206665, "mode": "train", "epoch": 8}
{"loss": 0.35645684599876404, "acc": 0.8458227515220642, "length": 4.0, "mode": "test", "epoch": 8}
{"loss": 0.28437158465385437, "acc": 0.8905817270278931, "length": 3.9936909675598145, "mode": "train", "epoch": 9}
{"loss": 0.3400614857673645, "acc": 0.8583962321281433, "length": 4.0, "mode": "test", "epoch": 9}
{"loss": 0.27310478687286377, "acc": 0.8969306349754333, "length": 3.9960665702819824, "mode": "train", "epoch": 10}
{"loss": 0.34494176506996155, "acc": 0.8592150211334229, "length": 4.0, "mode": "test", "epoch": 10}
{"loss": 0.26389968395233154, "acc": 0.9020755290985107, "length": 3.9962165355682373, "mode": "train", "epoch": 11}
{"loss": 0.3341129720211029, "acc": 0.864273726940155, "length": 4.0, "mode": "test", "epoch": 11}
{"loss": 0.2566264271736145, "acc": 0.9058540463447571, "length": 3.9971072673797607, "mode": "train", "epoch": 12}
{"loss": 0.3290899693965912, "acc": 0.8677582144737244, "length": 4.0, "mode": "test", "epoch": 12}
{"loss": 0.24994751811027527, "acc": 0.9079200029373169, "length": 3.9975337982177734, "mode": "train", "epoch": 13}
{"loss": 0.32122382521629333, "acc": 0.8736565113067627, "length": 4.0, "mode": "test", "epoch": 13}
{"loss": 0.2416735589504242, "acc": 0.912184476852417, "length": 3.9977989196777344, "mode": "train", "epoch": 14}
{"loss": 0.31140491366386414, "acc": 0.8804365992546082, "length": 4.0, "mode": "test", "epoch": 14}
{"loss": 0.23421169817447662, "acc": 0.9168580174446106, "length": 3.9982361793518066, "mode": "train", "epoch": 15}
{"loss": 0.29788070917129517, "acc": 0.8820738196372986, "length": 4.0, "mode": "test", "epoch": 15}
{"loss": 0.22726862132549286, "acc": 0.9201138615608215, "length": 3.998570680618286, "mode": "train", "epoch": 16}
{"loss": 0.27836766839027405, "acc": 0.8969773650169373, "length": 4.0, "mode": "test", "epoch": 16}
{"loss": 0.22337903082370758, "acc": 0.9210658669471741, "length": 3.998762845993042, "mode": "train", "epoch": 17}
{"loss": 0.2705255150794983, "acc": 0.8986145853996277, "length": 4.0, "mode": "test", "epoch": 17}
{"loss": 0.21526643633842468, "acc": 0.9245223999023438, "length": 3.998873710632324, "mode": "train", "epoch": 18}
{"loss": 0.2573438584804535, "acc": 0.9073256850242615, "length": 4.0, "mode": "test", "epoch": 18}
{"loss": 0.20866452157497406, "acc": 0.9267239570617676, "length": 3.999073028564453, "mode": "train", "epoch": 19}
{"loss": 0.2535907030105591, "acc": 0.9083123803138733, "length": 4.0, "mode": "test", "epoch": 19}
{"loss": 0.20344141125679016, "acc": 0.9285861253738403, "length": 3.9991884231567383, "mode": "train", "epoch": 20}
{"loss": 0.2427622526884079, "acc": 0.9135180711746216, "length": 4.0, "mode": "test", "epoch": 20}
{"loss": 0.20109663903713226, "acc": 0.9304051995277405, "length": 3.9994537830352783, "mode": "train", "epoch": 21}
{"loss": 0.23338544368743896, "acc": 0.9208229780197144, "length": 4.0, "mode": "test", "epoch": 21}
{"loss": 0.1956656575202942, "acc": 0.9307333827018738, "length": 3.9993014335632324, "mode": "train", "epoch": 22}
{"loss": 0.23042753338813782, "acc": 0.9185138940811157, "length": 4.0, "mode": "test", "epoch": 22}
{"loss": 0.19114281237125397, "acc": 0.9335472583770752, "length": 3.9995176792144775, "mode": "train", "epoch": 23}
{"loss": 0.2230408489704132, "acc": 0.924811065196991, "length": 4.0, "mode": "test", "epoch": 23}
{"loss": 0.1890326589345932, "acc": 0.933994472026825, "length": 3.9995315074920654, "mode": "train", "epoch": 24}
{"loss": 0.2220689058303833, "acc": 0.9259026050567627, "length": 4.0, "mode": "test", "epoch": 24}
{"loss": 0.1827722191810608, "acc": 0.9367232918739319, "length": 3.9996495246887207, "mode": "train", "epoch": 25}
{"loss": 0.21410177648067474, "acc": 0.927959680557251, "length": 4.0, "mode": "test", "epoch": 25}
{"loss": 0.17853465676307678, "acc": 0.938931405544281, "length": 3.9993865489959717, "mode": "train", "epoch": 26}
{"loss": 0.20699460804462433, "acc": 0.9294500946998596, "length": 4.0, "mode": "test", "epoch": 26}
{"loss": 0.17529886960983276, "acc": 0.9395976066589355, "length": 3.9997074604034424, "mode": "train", "epoch": 27}
{"loss": 0.2035578042268753, "acc": 0.9301638007164001, "length": 4.0, "mode": "test", "epoch": 27}
{"loss": 0.1706322282552719, "acc": 0.9418045282363892, "length": 3.9998042583465576, "mode": "train", "epoch": 28}
{"loss": 0.20099619030952454, "acc": 0.9298490285873413, "length": 4.0, "mode": "test", "epoch": 28}
{"loss": 0.16652768850326538, "acc": 0.9444595575332642, "length": 3.9997851848602295, "mode": "train", "epoch": 29}
{"loss": 0.19566991925239563, "acc": 0.9342148900032043, "length": 4.0, "mode": "test", "epoch": 29}
{"loss": 0.16132110357284546, "acc": 0.9460639357566833, "length": 3.999809503555298, "mode": "train", "epoch": 30}
{"loss": 0.18650268018245697, "acc": 0.936586856842041, "length": 4.0, "mode": "test", "epoch": 30}
{"loss": 0.15949325263500214, "acc": 0.9471665024757385, "length": 3.9998204708099365, "mode": "train", "epoch": 31}
{"loss": 0.19084960222244263, "acc": 0.9372795224189758, "length": 4.0, "mode": "test", "epoch": 31}
{"loss": 0.15701059997081757, "acc": 0.9463646411895752, "length": 3.999720811843872, "mode": "train", "epoch": 32}
{"loss": 0.1795494556427002, "acc": 0.9424644112586975, "length": 4.0, "mode": "test", "epoch": 32}
{"loss": 0.15629087388515472, "acc": 0.9494231939315796, "length": 3.9998061656951904, "mode": "train", "epoch": 33}
{"loss": 0.17996062338352203, "acc": 0.942695140838623, "length": 4.0, "mode": "test", "epoch": 33}
{"loss": 0.1529669612646103, "acc": 0.9495434165000916, "length": 3.9998621940612793, "mode": "train", "epoch": 34}
{"loss": 0.17430174350738525, "acc": 0.9420445561408997, "length": 4.0, "mode": "test", "epoch": 34}
{"loss": 0.14712302386760712, "acc": 0.9521887898445129, "length": 3.99979567527771, "mode": "train", "epoch": 35}
{"loss": 0.16873984038829803, "acc": 0.943891704082489, "length": 4.0, "mode": "test", "epoch": 35}
{"loss": 0.14464694261550903, "acc": 0.953450620174408, "length": 3.9997775554656982, "mode": "train", "epoch": 36}
{"loss": 0.17045576870441437, "acc": 0.9450250864028931, "length": 4.0, "mode": "test", "epoch": 36}
{"loss": 0.14322277903556824, "acc": 0.9539087414741516, "length": 3.9998281002044678, "mode": "train", "epoch": 37}
{"loss": 0.17180971801280975, "acc": 0.9423384070396423, "length": 4.0, "mode": "test", "epoch": 37}
{"loss": 0.13975590467453003, "acc": 0.9544739723205566, "length": 3.999863624572754, "mode": "train", "epoch": 38}
{"loss": 0.16523860394954681, "acc": 0.950650691986084, "length": 4.0, "mode": "test", "epoch": 38}
{"loss": 0.1393602341413498, "acc": 0.9558204412460327, "length": 3.999821901321411, "mode": "train", "epoch": 39}
{"loss": 0.16886617243289948, "acc": 0.9458438158035278, "length": 4.0, "mode": "test", "epoch": 39}
{"loss": 0.13732704520225525, "acc": 0.956272304058075, "length": 3.999938488006592, "mode": "train", "epoch": 40}
{"loss": 0.16766731441020966, "acc": 0.9489504098892212, "length": 4.0, "mode": "test", "epoch": 40}
{"loss": 0.13304512202739716, "acc": 0.9585677981376648, "length": 3.999898672103882, "mode": "train", "epoch": 41}
{"loss": 0.16386817395687103, "acc": 0.9506087899208069, "length": 4.0, "mode": "test", "epoch": 41}
{"loss": 0.12758396565914154, "acc": 0.9610022902488708, "length": 3.999964714050293, "mode": "train", "epoch": 42}
{"loss": 0.16510336101055145, "acc": 0.9474812746047974, "length": 4.0, "mode": "test", "epoch": 42}
{"loss": 0.1274459958076477, "acc": 0.9594123363494873, "length": 3.999962329864502, "mode": "train", "epoch": 43}
{"loss": 0.15835706889629364, "acc": 0.954596996307373, "length": 4.0, "mode": "test", "epoch": 43}
{"loss": 0.12805427610874176, "acc": 0.9597769379615784, "length": 3.9999709129333496, "mode": "train", "epoch": 44}
{"loss": 0.1604413390159607, "acc": 0.9519942998886108, "length": 4.0, "mode": "test", "epoch": 44}
{"loss": 0.12346120178699493, "acc": 0.9620604515075684, "length": 3.9999711513519287, "mode": "train", "epoch": 45}
{"loss": 0.16192825138568878, "acc": 0.9524348974227905, "length": 4.0, "mode": "test", "epoch": 45}
{"loss": 0.12487389147281647, "acc": 0.9603724479675293, "length": 3.9999735355377197, "mode": "train", "epoch": 46}
{"loss": 0.15818165242671967, "acc": 0.9513643383979797, "length": 4.0, "mode": "test", "epoch": 46}
{"loss": 0.121248260140419, "acc": 0.9621800184249878, "length": 3.9999783039093018, "mode": "train", "epoch": 47}
{"loss": 0.15076641738414764, "acc": 0.9555205702781677, "length": 4.0, "mode": "test", "epoch": 47}
{"loss": 0.11724430322647095, "acc": 0.9640981554985046, "length": 3.9999611377716064, "mode": "train", "epoch": 48}
{"loss": 0.14876224100589752, "acc": 0.9546598196029663, "length": 4.0, "mode": "test", "epoch": 48}
{"loss": 0.11786870658397675, "acc": 0.9633780717849731, "length": 3.999983310699463, "mode": "train", "epoch": 49}
{"loss": 0.1458974927663803, "acc": 0.9542192220687866, "length": 4.0, "mode": "test", "epoch": 49}
{"loss": 0.11617505550384521, "acc": 0.963947057723999, "length": 3.999868869781494, "mode": "train", "epoch": 50}
{"loss": 0.14534661173820496, "acc": 0.9563183188438416, "length": 4.0, "mode": "test", "epoch": 50}
{"loss": 0.11540216952562332, "acc": 0.9638681411743164, "length": 3.999979019165039, "mode": "train", "epoch": 51}
{"loss": 0.15004146099090576, "acc": 0.9550798535346985, "length": 4.0, "mode": "test", "epoch": 51}
{"loss": 0.1120479553937912, "acc": 0.9653592705726624, "length": 3.9999706745147705, "mode": "train", "epoch": 52}
{"loss": 0.14959250390529633, "acc": 0.9553527235984802, "length": 4.0, "mode": "test", "epoch": 52}
{"loss": 0.10893619805574417, "acc": 0.9659543633460999, "length": 3.999955177307129, "mode": "train", "epoch": 53}
{"loss": 0.15026871860027313, "acc": 0.9555836319923401, "length": 4.0, "mode": "test", "epoch": 53}
{"loss": 0.10915078967809677, "acc": 0.9662574529647827, "length": 3.9999876022338867, "mode": "train", "epoch": 54}
{"loss": 0.14390794932842255, "acc": 0.955856442451477, "length": 4.0, "mode": "test", "epoch": 54}
{"loss": 0.10472872853279114, "acc": 0.9677911400794983, "length": 3.9999852180480957, "mode": "train", "epoch": 55}
{"loss": 0.14845702052116394, "acc": 0.9575145840644836, "length": 4.0, "mode": "test", "epoch": 55}
{"loss": 0.10440889000892639, "acc": 0.9680129885673523, "length": 3.9999330043792725, "mode": "train", "epoch": 56}
{"loss": 0.14218275249004364, "acc": 0.9573885202407837, "length": 4.0, "mode": "test", "epoch": 56}
{"loss": 0.10222361236810684, "acc": 0.9683867692947388, "length": 3.9999890327453613, "mode": "train", "epoch": 57}
{"loss": 0.14211219549179077, "acc": 0.9570738673210144, "length": 4.0, "mode": "test", "epoch": 57}
{"loss": 0.10118132084608078, "acc": 0.9692416191101074, "length": 3.999993324279785, "mode": "train", "epoch": 58}
{"loss": 0.14033687114715576, "acc": 0.9585431218147278, "length": 4.0, "mode": "test", "epoch": 58}
{"loss": 0.09980914741754532, "acc": 0.970012366771698, "length": 3.9999959468841553, "mode": "train", "epoch": 59}
{"loss": 0.13667960464954376, "acc": 0.9594039916992188, "length": 4.0, "mode": "test", "epoch": 59}
{"loss": 0.09772524982690811, "acc": 0.9705095291137695, "length": 3.999993324279785, "mode": "train", "epoch": 60}
{"loss": 0.13664060831069946, "acc": 0.956423282623291, "length": 4.0, "mode": "test", "epoch": 60}
{"loss": 0.10141945630311966, "acc": 0.9689266681671143, "length": 3.999998092651367, "mode": "train", "epoch": 61}
{"loss": 0.13004830479621887, "acc": 0.9587742686271667, "length": 4.0, "mode": "test", "epoch": 61}
{"loss": 0.09480483829975128, "acc": 0.9711470603942871, "length": 3.999995231628418, "mode": "train", "epoch": 62}
{"loss": 0.1340874284505844, "acc": 0.9598026871681213, "length": 4.0, "mode": "test", "epoch": 62}
{"loss": 0.09115704149007797, "acc": 0.9728558659553528, "length": 3.999990940093994, "mode": "train", "epoch": 63}
{"loss": 0.13486707210540771, "acc": 0.9606634378433228, "length": 4.0, "mode": "test", "epoch": 63}
{"loss": 0.09050227701663971, "acc": 0.9721769690513611, "length": 3.999997615814209, "mode": "train", "epoch": 64}
{"loss": 0.13626697659492493, "acc": 0.9631192088127136, "length": 4.0, "mode": "test", "epoch": 64}
{"loss": 0.0878652036190033, "acc": 0.9739071726799011, "length": 3.9999985694885254, "mode": "train", "epoch": 65}
{"loss": 0.13662362098693848, "acc": 0.960621178150177, "length": 4.0, "mode": "test", "epoch": 65}
{"loss": 0.08896303921937943, "acc": 0.9731101393699646, "length": 3.9999196529388428, "mode": "train", "epoch": 66}
{"loss": 0.12558913230895996, "acc": 0.9612929224967957, "length": 4.0, "mode": "test", "epoch": 66}
{"loss": 0.08844427019357681, "acc": 0.9735499024391174, "length": 3.9999983310699463, "mode": "train", "epoch": 67}
{"loss": 0.12835593521595, "acc": 0.9619646668434143, "length": 4.0, "mode": "test", "epoch": 67}
{"loss": 0.08656597882509232, "acc": 0.9742222428321838, "length": 3.999999523162842, "mode": "train", "epoch": 68}
{"loss": 0.12811912596225739, "acc": 0.9642736911773682, "length": 4.0, "mode": "test", "epoch": 68}
{"loss": 0.0812789797782898, "acc": 0.9765269756317139, "length": 3.9999985694885254, "mode": "train", "epoch": 69}
{"loss": 0.1289762258529663, "acc": 0.9622587561607361, "length": 4.0, "mode": "test", "epoch": 69}
{"loss": 0.08681527525186539, "acc": 0.9744114279747009, "length": 3.9999992847442627, "mode": "train", "epoch": 70}
{"loss": 0.1370234340429306, "acc": 0.9582914113998413, "length": 4.0, "mode": "test", "epoch": 70}
{"loss": 0.08896110206842422, "acc": 0.9724782109260559, "length": 3.9999988079071045, "mode": "train", "epoch": 71}
{"loss": 0.14644746482372284, "acc": 0.9603905081748962, "length": 4.0, "mode": "test", "epoch": 71}
{"loss": 0.08933426439762115, "acc": 0.9721980094909668, "length": 3.9999983310699463, "mode": "train", "epoch": 72}
{"loss": 0.13138321042060852, "acc": 0.9608941674232483, "length": 4.0, "mode": "test", "epoch": 72}
{"loss": 0.0834185928106308, "acc": 0.9746146202087402, "length": 3.9999985694885254, "mode": "train", "epoch": 73}
{"loss": 0.1330493986606598, "acc": 0.9585432410240173, "length": 4.0, "mode": "test", "epoch": 73}
{"loss": 0.08735893666744232, "acc": 0.9736409783363342, "length": 3.999999523162842, "mode": "train", "epoch": 74}
{"loss": 0.13005338609218597, "acc": 0.9645886421203613, "length": 4.0, "mode": "test", "epoch": 74}
{"loss": 0.08174450695514679, "acc": 0.9753500819206238, "length": 3.999999523162842, "mode": "train", "epoch": 75}
{"loss": 0.12135515362024307, "acc": 0.966036856174469, "length": 4.0, "mode": "test", "epoch": 75}
{"loss": 0.07750247418880463, "acc": 0.9772905707359314, "length": 4.0, "mode": "train", "epoch": 76}
{"loss": 0.11586757004261017, "acc": 0.9685767889022827, "length": 4.0, "mode": "test", "epoch": 76}
{"loss": 0.07828192412853241, "acc": 0.9765129685401917, "length": 3.999999523162842, "mode": "train", "epoch": 77}
{"loss": 0.11585809290409088, "acc": 0.9650084376335144, "length": 4.0, "mode": "test", "epoch": 77}
{"loss": 0.08045768737792969, "acc": 0.9761136770248413, "length": 3.999999523162842, "mode": "train", "epoch": 78}
{"loss": 0.12885494530200958, "acc": 0.964336633682251, "length": 4.0, "mode": "test", "epoch": 78}
{"loss": 0.07903881371021271, "acc": 0.9768071174621582, "length": 3.999999523162842, "mode": "train", "epoch": 79}
{"loss": 0.12042611837387085, "acc": 0.9677791595458984, "length": 4.0, "mode": "test", "epoch": 79}
{"loss": 0.0803549587726593, "acc": 0.9751471877098083, "length": 4.0, "mode": "train", "epoch": 80}
{"loss": 0.12620000541210175, "acc": 0.963895857334137, "length": 4.0, "mode": "test", "epoch": 80}
{"loss": 0.08071702718734741, "acc": 0.9757632613182068, "length": 3.9999947547912598, "mode": "train", "epoch": 81}
{"loss": 0.1165902242064476, "acc": 0.9650924205780029, "length": 4.0, "mode": "test", "epoch": 81}
{"loss": 0.07702823728322983, "acc": 0.9775213003158569, "length": 3.999993324279785, "mode": "train", "epoch": 82}
{"loss": 0.12245772033929825, "acc": 0.965365469455719, "length": 4.0, "mode": "test", "epoch": 82}
{"loss": 0.07230719923973083, "acc": 0.979546070098877, "length": 4.0, "mode": "train", "epoch": 83}
{"loss": 0.10429789125919342, "acc": 0.968660831451416, "length": 4.0, "mode": "test", "epoch": 83}
{"loss": 0.06665175408124924, "acc": 0.9812622666358948, "length": 4.0, "mode": "train", "epoch": 84}
{"loss": 0.1109718605875969, "acc": 0.9703820943832397, "length": 4.0, "mode": "test", "epoch": 84}
{"loss": 0.06847447901964188, "acc": 0.9799662232398987, "length": 3.999999761581421, "mode": "train", "epoch": 85}
{"loss": 0.1033715233206749, "acc": 0.9685137271881104, "length": 4.0, "mode": "test", "epoch": 85}
{"loss": 0.0709698423743248, "acc": 0.9782922267913818, "length": 3.999999761581421, "mode": "train", "epoch": 86}
{"loss": 0.11184807121753693, "acc": 0.966792643070221, "length": 4.0, "mode": "test", "epoch": 86}
{"loss": 0.0691501647233963, "acc": 0.9802324771881104, "length": 3.999999761581421, "mode": "train", "epoch": 87}
{"loss": 0.12331235408782959, "acc": 0.9644626975059509, "length": 4.0, "mode": "test", "epoch": 87}
{"loss": 0.07104603946208954, "acc": 0.9785584211349487, "length": 3.999999523162842, "mode": "train", "epoch": 88}
{"loss": 0.09952577203512192, "acc": 0.972544252872467, "length": 4.0, "mode": "test", "epoch": 88}
{"loss": 0.06797361373901367, "acc": 0.9790276885032654, "length": 4.0, "mode": "train", "epoch": 89}
{"loss": 0.11541693657636642, "acc": 0.9693534970283508, "length": 4.0, "mode": "test", "epoch": 89}
{"loss": 0.06964266300201416, "acc": 0.9797701239585876, "length": 4.0, "mode": "train", "epoch": 90}
{"loss": 0.11362514644861221, "acc": 0.970130205154419, "length": 4.0, "mode": "test", "epoch": 90}
{"loss": 0.06480003893375397, "acc": 0.9814092516899109, "length": 4.0, "mode": "train", "epoch": 91}
{"loss": 0.1152244359254837, "acc": 0.9661630392074585, "length": 4.0, "mode": "test", "epoch": 91}
{"loss": 0.06826730072498322, "acc": 0.9800503849983215, "length": 4.0, "mode": "train", "epoch": 92}
{"loss": 0.09660568833351135, "acc": 0.9736776947975159, "length": 4.0, "mode": "test", "epoch": 92}
{"loss": 0.05941912531852722, "acc": 0.9833216667175293, "length": 4.0, "mode": "train", "epoch": 93}
{"loss": 0.09717326611280441, "acc": 0.9728169441223145, "length": 4.0, "mode": "test", "epoch": 93}
{"loss": 0.06877803057432175, "acc": 0.9796721339225769, "length": 4.0, "mode": "train", "epoch": 94}
{"loss": 0.12067108601331711, "acc": 0.9643786549568176, "length": 4.0, "mode": "test", "epoch": 94}
{"loss": 0.07162048667669296, "acc": 0.9784954190254211, "length": 3.999999761581421, "mode": "train", "epoch": 95}
{"loss": 0.12861351668834686, "acc": 0.9673173427581787, "length": 4.0, "mode": "test", "epoch": 95}
{"loss": 0.07133758068084717, "acc": 0.9786844253540039, "length": 3.999999523162842, "mode": "train", "epoch": 96}
{"loss": 0.1072806864976883, "acc": 0.9699203968048096, "length": 4.0, "mode": "test", "epoch": 96}
{"loss": 0.06500928103923798, "acc": 0.9809750914573669, "length": 3.999999523162842, "mode": "train", "epoch": 97}
{"loss": 0.10310129076242447, "acc": 0.9693534970283508, "length": 4.0, "mode": "test", "epoch": 97}
{"loss": 0.06031251326203346, "acc": 0.9821308255195618, "length": 4.0, "mode": "train", "epoch": 98}
{"loss": 0.10468311607837677, "acc": 0.9731738567352295, "length": 4.0, "mode": "test", "epoch": 98}
{"loss": 0.05811644345521927, "acc": 0.9837279915809631, "length": 4.0, "mode": "train", "epoch": 99}
{"loss": 0.1025705337524414, "acc": 0.9706548452377319, "length": 4.0, "mode": "test", "epoch": 99}
{"loss": 0.05718602240085602, "acc": 0.9836439490318298, "length": 4.0, "mode": "train", "epoch": 100}
{"loss": 0.09246156364679337, "acc": 0.9760286211967468, "length": 4.0, "mode": "test", "epoch": 100}
test accuracy: 0.746350884437561
