# ["--attributes=3", "--values=4", "--game_size=20", "--vocab_size_factor=3", "--n_epochs=100", "--batch_size=128", "--learning_rate=0.0005", "--hidden_size=256", "--temp_update=0.97", "--temperature=1"]
Creating train_ds and val_ds...

Creating test_ds...
{"loss": 0.6876462697982788, "acc": 0.5400060415267944, "length": 3.0897655487060547, "mode": "train", "epoch": 1}
{"loss": 0.6402386426925659, "acc": 0.6794887185096741, "length": 2.566194772720337, "mode": "test", "epoch": 1}
{"loss": 0.5664031505584717, "acc": 0.7268996238708496, "length": 3.1412487030029297, "mode": "train", "epoch": 2}
{"loss": 0.4880942404270172, "acc": 0.7793322205543518, "length": 3.7160699367523193, "mode": "test", "epoch": 2}
{"loss": 0.4271637797355652, "acc": 0.8142275810241699, "length": 3.7923953533172607, "mode": "train", "epoch": 3}
{"loss": 0.40001073479652405, "acc": 0.83353590965271, "length": 3.7343881130218506, "mode": "test", "epoch": 3}
{"loss": 0.36026498675346375, "acc": 0.8491404056549072, "length": 3.845933437347412, "mode": "train", "epoch": 4}
{"loss": 0.3617134392261505, "acc": 0.8495171666145325, "length": 3.9258949756622314, "mode": "test", "epoch": 4}
{"loss": 0.32516634464263916, "acc": 0.8630439043045044, "length": 3.8874144554138184, "mode": "train", "epoch": 5}
{"loss": 0.3337952196598053, "acc": 0.862487256526947, "length": 3.9333889484405518, "mode": "test", "epoch": 5}
{"loss": 0.2957993447780609, "acc": 0.8746948838233948, "length": 3.9640963077545166, "mode": "train", "epoch": 6}
{"loss": 0.2974517345428467, "acc": 0.8714403510093689, "length": 4.0, "mode": "test", "epoch": 6}
{"loss": 0.27873730659484863, "acc": 0.8810812830924988, "length": 3.9926111698150635, "mode": "train", "epoch": 7}
{"loss": 0.2860463559627533, "acc": 0.8802664279937744, "length": 4.0, "mode": "test", "epoch": 7}
{"loss": 0.2715390622615814, "acc": 0.8849458694458008, "length": 3.995059013366699, "mode": "train", "epoch": 8}
{"loss": 0.2686762511730194, "acc": 0.8891340494155884, "length": 4.0, "mode": "test", "epoch": 8}
{"loss": 0.2597978711128235, "acc": 0.8931829333305359, "length": 3.997302293777466, "mode": "train", "epoch": 9}
{"loss": 0.2719171941280365, "acc": 0.88715660572052, "length": 4.0, "mode": "test", "epoch": 9}
{"loss": 0.25180813670158386, "acc": 0.8934221267700195, "length": 3.999300003051758, "mode": "train", "epoch": 10}
{"loss": 0.25134265422821045, "acc": 0.8954828977584839, "length": 4.0, "mode": "test", "epoch": 10}
{"loss": 0.23792311549186707, "acc": 0.9023090600967407, "length": 3.9995861053466797, "mode": "train", "epoch": 11}
{"loss": 0.24265380203723907, "acc": 0.9035803079605103, "length": 4.0, "mode": "test", "epoch": 11}
{"loss": 0.23501239717006683, "acc": 0.904125988483429, "length": 3.999708652496338, "mode": "train", "epoch": 12}
{"loss": 0.23662512004375458, "acc": 0.9052248597145081, "length": 4.0, "mode": "test", "epoch": 12}
{"loss": 0.22594639658927917, "acc": 0.9075542092323303, "length": 3.9994561672210693, "mode": "train", "epoch": 13}
{"loss": 0.23551145195960999, "acc": 0.9112406373023987, "length": 4.0, "mode": "test", "epoch": 13}
{"loss": 0.21721145510673523, "acc": 0.9124119281768799, "length": 3.999699831008911, "mode": "train", "epoch": 14}
{"loss": 0.21498823165893555, "acc": 0.915632963180542, "length": 4.0, "mode": "test", "epoch": 14}
{"loss": 0.21261082589626312, "acc": 0.9157516956329346, "length": 3.9998979568481445, "mode": "train", "epoch": 15}
{"loss": 0.21736419200897217, "acc": 0.9149876236915588, "length": 4.0, "mode": "test", "epoch": 15}
{"loss": 0.20752154290676117, "acc": 0.9187221527099609, "length": 3.999805450439453, "mode": "train", "epoch": 16}
{"loss": 0.21534128487110138, "acc": 0.9125311970710754, "length": 4.0, "mode": "test", "epoch": 16}
{"loss": 0.21243713796138763, "acc": 0.9157768487930298, "length": 3.999803066253662, "mode": "train", "epoch": 17}
{"loss": 0.22280152142047882, "acc": 0.912322998046875, "length": 4.0, "mode": "test", "epoch": 17}
{"loss": 0.19768324494361877, "acc": 0.9205604791641235, "length": 3.9999747276306152, "mode": "train", "epoch": 18}
{"loss": 0.20956800878047943, "acc": 0.9190465211868286, "length": 4.0, "mode": "test", "epoch": 18}
{"loss": 0.19915151596069336, "acc": 0.9206070303916931, "length": 3.9999141693115234, "mode": "train", "epoch": 19}
{"loss": 0.2183786928653717, "acc": 0.9192338585853577, "length": 4.0, "mode": "test", "epoch": 19}
{"loss": 0.20339123904705048, "acc": 0.9197386503219604, "length": 3.999924659729004, "mode": "train", "epoch": 20}
{"loss": 0.22807419300079346, "acc": 0.9112613797187805, "length": 4.0, "mode": "test", "epoch": 20}
{"loss": 0.19307547807693481, "acc": 0.9222017526626587, "length": 3.9996376037597656, "mode": "train", "epoch": 21}
{"loss": 0.20554952323436737, "acc": 0.9216071963310242, "length": 4.0, "mode": "test", "epoch": 21}
{"loss": 0.18698740005493164, "acc": 0.9246455430984497, "length": 3.999997615814209, "mode": "train", "epoch": 22}
{"loss": 0.19917692244052887, "acc": 0.9258118271827698, "length": 4.0, "mode": "test", "epoch": 22}
{"loss": 0.19907794892787933, "acc": 0.9213740229606628, "length": 3.9999821186065674, "mode": "train", "epoch": 23}
{"loss": 0.21013617515563965, "acc": 0.9196088314056396, "length": 4.0, "mode": "test", "epoch": 23}
{"loss": 0.18919388949871063, "acc": 0.9245135188102722, "length": 3.9999923706054688, "mode": "train", "epoch": 24}
{"loss": 0.20038428902626038, "acc": 0.9246252179145813, "length": 4.0, "mode": "test", "epoch": 24}
{"loss": 0.18889360129833221, "acc": 0.924680233001709, "length": 3.9999940395355225, "mode": "train", "epoch": 25}
{"loss": 0.19838128983974457, "acc": 0.9226269125938416, "length": 4.0, "mode": "test", "epoch": 25}
{"loss": 0.1897561401128769, "acc": 0.9247775673866272, "length": 3.999995470046997, "mode": "train", "epoch": 26}
{"loss": 0.19657006859779358, "acc": 0.9228144884109497, "length": 4.0, "mode": "test", "epoch": 26}
{"loss": 0.1847088783979416, "acc": 0.9259620904922485, "length": 3.999905824661255, "mode": "train", "epoch": 27}
{"loss": 0.20014409720897675, "acc": 0.925104022026062, "length": 4.0, "mode": "test", "epoch": 27}
{"loss": 0.18118678033351898, "acc": 0.9284782409667969, "length": 3.9997305870056152, "mode": "train", "epoch": 28}
{"loss": 0.19562165439128876, "acc": 0.9250208735466003, "length": 4.0, "mode": "test", "epoch": 28}
{"loss": 0.19028940796852112, "acc": 0.927493691444397, "length": 3.999999761581421, "mode": "train", "epoch": 29}
{"loss": 0.23971307277679443, "acc": 0.905037522315979, "length": 4.0, "mode": "test", "epoch": 29}
{"loss": 0.20664465427398682, "acc": 0.9203723669052124, "length": 3.9999489784240723, "mode": "train", "epoch": 30}
{"loss": 0.1967899352312088, "acc": 0.927372932434082, "length": 4.0, "mode": "test", "epoch": 30}
{"loss": 0.17512236535549164, "acc": 0.9298344254493713, "length": 3.9999897480010986, "mode": "train", "epoch": 31}
{"loss": 0.19689221680164337, "acc": 0.9251247644424438, "length": 4.0, "mode": "test", "epoch": 31}
{"loss": 0.1785522699356079, "acc": 0.9288429617881775, "length": 3.9999237060546875, "mode": "train", "epoch": 32}
{"loss": 0.2084384709596634, "acc": 0.9190676808357239, "length": 4.0, "mode": "test", "epoch": 32}
{"loss": 0.18013443052768707, "acc": 0.9284843802452087, "length": 3.999922752380371, "mode": "train", "epoch": 33}
{"loss": 0.2004631757736206, "acc": 0.9275602698326111, "length": 4.0, "mode": "test", "epoch": 33}
{"loss": 0.17001056671142578, "acc": 0.9338493943214417, "length": 3.9999947547912598, "mode": "train", "epoch": 34}
{"loss": 0.18321867287158966, "acc": 0.9308701157569885, "length": 4.0, "mode": "test", "epoch": 34}
{"loss": 0.16946649551391602, "acc": 0.932581901550293, "length": 3.9999003410339355, "mode": "train", "epoch": 35}
{"loss": 0.18668019771575928, "acc": 0.9283930063247681, "length": 4.0, "mode": "test", "epoch": 35}
{"loss": 0.16508327424526215, "acc": 0.9338116645812988, "length": 3.999791383743286, "mode": "train", "epoch": 36}
{"loss": 0.18962985277175903, "acc": 0.928830087184906, "length": 4.0, "mode": "test", "epoch": 36}
{"loss": 0.1736072450876236, "acc": 0.9319806098937988, "length": 3.9999887943267822, "mode": "train", "epoch": 37}
{"loss": 0.2011580765247345, "acc": 0.9278101921081543, "length": 4.0, "mode": "test", "epoch": 37}
{"loss": 0.18253903090953827, "acc": 0.9310011267662048, "length": 3.999976396560669, "mode": "train", "epoch": 38}
{"loss": 0.18926763534545898, "acc": 0.9298292994499207, "length": 4.0, "mode": "test", "epoch": 38}
{"loss": 0.1762760728597641, "acc": 0.9326270818710327, "length": 3.9999985694885254, "mode": "train", "epoch": 39}
{"loss": 0.19267013669013977, "acc": 0.9291630387306213, "length": 4.0, "mode": "test", "epoch": 39}
{"loss": 0.16710323095321655, "acc": 0.934683084487915, "length": 3.99999737739563, "mode": "train", "epoch": 40}
{"loss": 0.18442779779434204, "acc": 0.9301623702049255, "length": 4.0, "mode": "test", "epoch": 40}
{"loss": 0.16546443104743958, "acc": 0.9343824982643127, "length": 3.9999630451202393, "mode": "train", "epoch": 41}
{"loss": 0.1847316026687622, "acc": 0.9301831126213074, "length": 4.0, "mode": "test", "epoch": 41}
{"loss": 0.1635579615831375, "acc": 0.9367809295654297, "length": 3.99999737739563, "mode": "train", "epoch": 42}
{"loss": 0.1825893521308899, "acc": 0.9337427616119385, "length": 4.0, "mode": "test", "epoch": 42}
{"loss": 0.16332359611988068, "acc": 0.9357389807701111, "length": 3.9999966621398926, "mode": "train", "epoch": 43}
{"loss": 0.1905898004770279, "acc": 0.9264988303184509, "length": 4.0, "mode": "test", "epoch": 43}
{"loss": 0.1608857810497284, "acc": 0.9353638291358948, "length": 3.999998092651367, "mode": "train", "epoch": 44}
{"loss": 0.1862575113773346, "acc": 0.932806134223938, "length": 4.0, "mode": "test", "epoch": 44}
{"loss": 0.16497695446014404, "acc": 0.9350786805152893, "length": 3.9999783039093018, "mode": "train", "epoch": 45}
{"loss": 0.18345440924167633, "acc": 0.9317026138305664, "length": 4.0, "mode": "test", "epoch": 45}
{"loss": 0.1596439629793167, "acc": 0.939323365688324, "length": 3.9999988079071045, "mode": "train", "epoch": 46}
{"loss": 0.1830461472272873, "acc": 0.9330558776855469, "length": 4.0, "mode": "test", "epoch": 46}
{"loss": 0.15805202722549438, "acc": 0.9375526309013367, "length": 3.9998056888580322, "mode": "train", "epoch": 47}
{"loss": 0.18141591548919678, "acc": 0.9285597801208496, "length": 4.0, "mode": "test", "epoch": 47}
{"loss": 0.17025263607501984, "acc": 0.9338287711143494, "length": 3.9999969005584717, "mode": "train", "epoch": 48}
{"loss": 0.20970486104488373, "acc": 0.9235427975654602, "length": 4.0, "mode": "test", "epoch": 48}
{"loss": 0.16437876224517822, "acc": 0.9355573654174805, "length": 3.9999752044677734, "mode": "train", "epoch": 49}
{"loss": 0.17397233843803406, "acc": 0.9342421889305115, "length": 4.0, "mode": "test", "epoch": 49}
{"loss": 0.15530481934547424, "acc": 0.9406919479370117, "length": 3.999999761581421, "mode": "train", "epoch": 50}
{"loss": 0.1708749383687973, "acc": 0.9339510202407837, "length": 4.0, "mode": "test", "epoch": 50}
{"loss": 0.15601831674575806, "acc": 0.9389482736587524, "length": 3.9999985694885254, "mode": "train", "epoch": 51}
{"loss": 0.17501650750637054, "acc": 0.9360531568527222, "length": 4.0, "mode": "test", "epoch": 51}
{"loss": 0.15883727371692657, "acc": 0.9393996000289917, "length": 3.9999942779541016, "mode": "train", "epoch": 52}
{"loss": 0.17111116647720337, "acc": 0.9332640171051025, "length": 4.0, "mode": "test", "epoch": 52}
{"loss": 0.1544351577758789, "acc": 0.9389621019363403, "length": 3.999999761581421, "mode": "train", "epoch": 53}
{"loss": 0.16555367410182953, "acc": 0.934762716293335, "length": 4.0, "mode": "test", "epoch": 53}
{"loss": 0.1513449102640152, "acc": 0.94058758020401, "length": 3.9999983310699463, "mode": "train", "epoch": 54}
{"loss": 0.16368556022644043, "acc": 0.9381766319274902, "length": 4.0, "mode": "test", "epoch": 54}
{"loss": 0.15364216268062592, "acc": 0.941879391670227, "length": 3.9999961853027344, "mode": "train", "epoch": 55}
{"loss": 0.16838093101978302, "acc": 0.9355745315551758, "length": 4.0, "mode": "test", "epoch": 55}
{"loss": 0.1583937108516693, "acc": 0.9388086795806885, "length": 3.9996907711029053, "mode": "train", "epoch": 56}
{"loss": 0.1898643672466278, "acc": 0.9306826591491699, "length": 4.0, "mode": "test", "epoch": 56}
{"loss": 0.16486743092536926, "acc": 0.9363148808479309, "length": 3.9999823570251465, "mode": "train", "epoch": 57}
{"loss": 0.18506745994091034, "acc": 0.9343879818916321, "length": 4.0, "mode": "test", "epoch": 57}
{"loss": 0.1567908674478531, "acc": 0.9392608404159546, "length": 3.999998092651367, "mode": "train", "epoch": 58}
{"loss": 0.17359738051891327, "acc": 0.937739372253418, "length": 4.0, "mode": "test", "epoch": 58}
{"loss": 0.15082064270973206, "acc": 0.9429282546043396, "length": 3.9999895095825195, "mode": "train", "epoch": 59}
{"loss": 0.17412613332271576, "acc": 0.9393838047981262, "length": 4.0, "mode": "test", "epoch": 59}
{"loss": 0.1548076868057251, "acc": 0.9417049288749695, "length": 3.9999887943267822, "mode": "train", "epoch": 60}
{"loss": 0.16329213976860046, "acc": 0.9383845925331116, "length": 4.0, "mode": "test", "epoch": 60}
{"loss": 0.1540600061416626, "acc": 0.9406571388244629, "length": 3.999999761581421, "mode": "train", "epoch": 61}
{"loss": 0.1659986674785614, "acc": 0.9374480843544006, "length": 4.0, "mode": "test", "epoch": 61}
{"loss": 0.15725767612457275, "acc": 0.9406710267066956, "length": 4.0, "mode": "train", "epoch": 62}
{"loss": 0.17148824036121368, "acc": 0.9364280104637146, "length": 4.0, "mode": "test", "epoch": 62}
{"loss": 0.1586919128894806, "acc": 0.9391844272613525, "length": 4.0, "mode": "train", "epoch": 63}
{"loss": 0.1700334995985031, "acc": 0.9402581453323364, "length": 4.0, "mode": "test", "epoch": 63}
{"loss": 0.14681941270828247, "acc": 0.9416087865829468, "length": 3.999999761581421, "mode": "train", "epoch": 64}
{"loss": 0.16680088639259338, "acc": 0.9389467239379883, "length": 4.0, "mode": "test", "epoch": 64}
{"loss": 0.14653238654136658, "acc": 0.943116307258606, "length": 3.999999523162842, "mode": "train", "epoch": 65}
{"loss": 0.16917619109153748, "acc": 0.9405288696289062, "length": 4.0, "mode": "test", "epoch": 65}
{"loss": 0.14736901223659515, "acc": 0.9433030486106873, "length": 3.999988079071045, "mode": "train", "epoch": 66}
{"loss": 0.16232582926750183, "acc": 0.9414448738098145, "length": 4.0, "mode": "test", "epoch": 66}
{"loss": 0.14807257056236267, "acc": 0.9431438446044922, "length": 3.999999523162842, "mode": "train", "epoch": 67}
{"loss": 0.16920895874500275, "acc": 0.93657386302948, "length": 4.0, "mode": "test", "epoch": 67}
{"loss": 0.1597127616405487, "acc": 0.9383993744850159, "length": 3.9999992847442627, "mode": "train", "epoch": 68}
{"loss": 0.1635473370552063, "acc": 0.9414445757865906, "length": 4.0, "mode": "test", "epoch": 68}
{"loss": 0.14989668130874634, "acc": 0.942051887512207, "length": 3.9999711513519287, "mode": "train", "epoch": 69}
{"loss": 0.16560012102127075, "acc": 0.9386343359947205, "length": 4.0, "mode": "test", "epoch": 69}
{"loss": 0.14596910774707794, "acc": 0.9434216618537903, "length": 3.9999988079071045, "mode": "train", "epoch": 70}
{"loss": 0.16169558465480804, "acc": 0.942089855670929, "length": 4.0, "mode": "test", "epoch": 70}
{"loss": 0.1455349624156952, "acc": 0.944401204586029, "length": 4.0, "mode": "train", "epoch": 71}
{"loss": 0.1655803769826889, "acc": 0.9403830170631409, "length": 4.0, "mode": "test", "epoch": 71}
{"loss": 0.14571557939052582, "acc": 0.9436718821525574, "length": 4.0, "mode": "train", "epoch": 72}
{"loss": 0.15715722739696503, "acc": 0.9424437880516052, "length": 4.0, "mode": "test", "epoch": 72}
{"loss": 0.14478695392608643, "acc": 0.94419264793396, "length": 3.9999985694885254, "mode": "train", "epoch": 73}
{"loss": 0.15966105461120605, "acc": 0.9417152404785156, "length": 4.0, "mode": "test", "epoch": 73}
{"loss": 0.14545714855194092, "acc": 0.9436925649642944, "length": 4.0, "mode": "train", "epoch": 74}
{"loss": 0.16193222999572754, "acc": 0.9405494332313538, "length": 4.0, "mode": "test", "epoch": 74}
{"loss": 0.1451261192560196, "acc": 0.9435676336288452, "length": 3.999999761581421, "mode": "train", "epoch": 75}
{"loss": 0.1630745828151703, "acc": 0.9421107172966003, "length": 4.0, "mode": "test", "epoch": 75}
{"loss": 0.14539530873298645, "acc": 0.9434430599212646, "length": 3.9998507499694824, "mode": "train", "epoch": 76}
{"loss": 0.1628948599100113, "acc": 0.9408202171325684, "length": 4.0, "mode": "test", "epoch": 76}
{"loss": 0.145429328083992, "acc": 0.9433037638664246, "length": 4.0, "mode": "train", "epoch": 77}
{"loss": 0.15616990625858307, "acc": 0.9415695667266846, "length": 4.0, "mode": "test", "epoch": 77}
{"loss": 0.14850889146327972, "acc": 0.9430050253868103, "length": 3.9999985694885254, "mode": "train", "epoch": 78}
{"loss": 0.1636442244052887, "acc": 0.9417569041252136, "length": 4.0, "mode": "test", "epoch": 78}
{"loss": 0.15820986032485962, "acc": 0.9413309097290039, "length": 3.999999761581421, "mode": "train", "epoch": 79}
{"loss": 0.1830388903617859, "acc": 0.9319316148757935, "length": 4.0, "mode": "test", "epoch": 79}
{"loss": 0.1542283594608307, "acc": 0.9416573643684387, "length": 4.0, "mode": "train", "epoch": 80}
{"loss": 0.16245310008525848, "acc": 0.9405079483985901, "length": 4.0, "mode": "test", "epoch": 80}
{"loss": 0.1602185219526291, "acc": 0.9373714327812195, "length": 3.9999992847442627, "mode": "train", "epoch": 81}
{"loss": 0.18190528452396393, "acc": 0.9310990571975708, "length": 4.0, "mode": "test", "epoch": 81}
{"loss": 0.15214572846889496, "acc": 0.9407126903533936, "length": 3.999999523162842, "mode": "train", "epoch": 82}
{"loss": 0.15977834165096283, "acc": 0.9402374625205994, "length": 4.0, "mode": "test", "epoch": 82}
{"loss": 0.14487677812576294, "acc": 0.9441163539886475, "length": 4.0, "mode": "train", "epoch": 83}
{"loss": 0.16748742759227753, "acc": 0.9420691728591919, "length": 4.0, "mode": "test", "epoch": 83}
{"loss": 0.14253905415534973, "acc": 0.9443871974945068, "length": 3.9999969005584717, "mode": "train", "epoch": 84}
{"loss": 0.16877631843090057, "acc": 0.9428185224533081, "length": 4.0, "mode": "test", "epoch": 84}
{"loss": 0.14752061665058136, "acc": 0.9431020021438599, "length": 3.999997854232788, "mode": "train", "epoch": 85}
{"loss": 0.15766362845897675, "acc": 0.9425894618034363, "length": 4.0, "mode": "test", "epoch": 85}
{"loss": 0.1483546942472458, "acc": 0.9430051445960999, "length": 3.999999761581421, "mode": "train", "epoch": 86}
{"loss": 0.15983450412750244, "acc": 0.942922830581665, "length": 4.0, "mode": "test", "epoch": 86}
{"loss": 0.14352546632289886, "acc": 0.9439287781715393, "length": 4.0, "mode": "train", "epoch": 87}
{"loss": 0.1562812477350235, "acc": 0.9426727890968323, "length": 4.0, "mode": "test", "epoch": 87}
{"loss": 0.14403720200061798, "acc": 0.9436094760894775, "length": 4.0, "mode": "train", "epoch": 88}
{"loss": 0.15805202722549438, "acc": 0.9415485262870789, "length": 4.0, "mode": "test", "epoch": 88}
{"loss": 0.13959811627864838, "acc": 0.9440469145774841, "length": 3.999997854232788, "mode": "train", "epoch": 89}
{"loss": 0.158167764544487, "acc": 0.9405288696289062, "length": 4.0, "mode": "test", "epoch": 89}
{"loss": 0.13804957270622253, "acc": 0.9436994791030884, "length": 3.9999985694885254, "mode": "train", "epoch": 90}
{"loss": 0.15804803371429443, "acc": 0.9386136531829834, "length": 4.0, "mode": "test", "epoch": 90}
{"loss": 0.14867763221263885, "acc": 0.9416564702987671, "length": 3.9999842643737793, "mode": "train", "epoch": 91}
{"loss": 0.18993861973285675, "acc": 0.9318693280220032, "length": 4.0, "mode": "test", "epoch": 91}
{"loss": 0.16010673344135284, "acc": 0.9408376216888428, "length": 3.999999523162842, "mode": "train", "epoch": 92}
{"loss": 0.16110937297344208, "acc": 0.9382390379905701, "length": 4.0, "mode": "test", "epoch": 92}
{"loss": 0.15035848319530487, "acc": 0.9417039155960083, "length": 3.999969720840454, "mode": "train", "epoch": 93}
{"loss": 0.1653352677822113, "acc": 0.9392796158790588, "length": 4.0, "mode": "test", "epoch": 93}
{"loss": 0.15182366967201233, "acc": 0.9391428232192993, "length": 3.9999988079071045, "mode": "train", "epoch": 94}
{"loss": 0.1731884777545929, "acc": 0.9362197518348694, "length": 4.0, "mode": "test", "epoch": 94}
{"loss": 0.1559160053730011, "acc": 0.939635157585144, "length": 3.9999897480010986, "mode": "train", "epoch": 95}
{"loss": 0.16989894211292267, "acc": 0.9368233680725098, "length": 4.0, "mode": "test", "epoch": 95}
{"loss": 0.14565534889698029, "acc": 0.9431995749473572, "length": 3.999999523162842, "mode": "train", "epoch": 96}
{"loss": 0.16232147812843323, "acc": 0.9407159090042114, "length": 4.0, "mode": "test", "epoch": 96}
{"loss": 0.14010745286941528, "acc": 0.9443526268005371, "length": 3.999999523162842, "mode": "train", "epoch": 97}
{"loss": 0.16846327483654022, "acc": 0.9381143450737, "length": 4.0, "mode": "test", "epoch": 97}
{"loss": 0.14493589103221893, "acc": 0.9433590769767761, "length": 3.9999983310699463, "mode": "train", "epoch": 98}
{"loss": 0.17331425845623016, "acc": 0.937177300453186, "length": 4.0, "mode": "test", "epoch": 98}
{"loss": 0.13953883945941925, "acc": 0.9445969462394714, "length": 3.9998579025268555, "mode": "train", "epoch": 99}
{"loss": 0.1588086038827896, "acc": 0.9434638619422913, "length": 4.0, "mode": "test", "epoch": 99}
{"loss": 0.1364472210407257, "acc": 0.9472137689590454, "length": 3.9999840259552, "mode": "train", "epoch": 100}
{"loss": 0.15423701703548431, "acc": 0.9437761306762695, "length": 4.0, "mode": "test", "epoch": 100}
test accuracy: 0.7270833849906921
