# ["--attributes=3", "--values=4", "--game_size=20", "--vocab_size_factor=3", "--n_epochs=100", "--batch_size=128", "--learning_rate=0.0005", "--hidden_size=256", "--temp_update=0.97", "--temperature=2"]
Creating train_ds and val_ds...

Creating test_ds...
{"loss": 0.6929656267166138, "acc": 0.5273213982582092, "length": 3.2493858337402344, "mode": "train", "epoch": 1}
{"loss": 0.6694115996360779, "acc": 0.5984458923339844, "length": 2.1020407676696777, "mode": "test", "epoch": 1}
{"loss": 0.6169573068618774, "acc": 0.6764459013938904, "length": 2.780343770980835, "mode": "train", "epoch": 2}
{"loss": 0.5745307207107544, "acc": 0.7187487483024597, "length": 2.831632614135742, "mode": "test", "epoch": 2}
{"loss": 0.5224254727363586, "acc": 0.7598893046379089, "length": 3.207207679748535, "mode": "train", "epoch": 3}
{"loss": 0.4872902035713196, "acc": 0.7825940251350403, "length": 3.6598639488220215, "mode": "test", "epoch": 3}
{"loss": 0.430522620677948, "acc": 0.8111218810081482, "length": 3.6111714839935303, "mode": "train", "epoch": 4}
{"loss": 0.44992494583129883, "acc": 0.8065266013145447, "length": 3.786564588546753, "mode": "test", "epoch": 4}
{"loss": 0.383931040763855, "acc": 0.833713710308075, "length": 3.656001091003418, "mode": "train", "epoch": 5}
{"loss": 0.42855462431907654, "acc": 0.8186444640159607, "length": 3.734693765640259, "mode": "test", "epoch": 5}
{"loss": 0.35042551159858704, "acc": 0.8471424579620361, "length": 3.76058292388916, "mode": "train", "epoch": 6}
{"loss": 0.39040303230285645, "acc": 0.8339033126831055, "length": 3.965986490249634, "mode": "test", "epoch": 6}
{"loss": 0.30824795365333557, "acc": 0.8683149814605713, "length": 3.9261698722839355, "mode": "train", "epoch": 7}
{"loss": 0.3370840549468994, "acc": 0.8542941212654114, "length": 4.0, "mode": "test", "epoch": 7}
{"loss": 0.2729645371437073, "acc": 0.8876740336418152, "length": 3.975388288497925, "mode": "train", "epoch": 8}
{"loss": 0.314006507396698, "acc": 0.8700042366981506, "length": 4.0, "mode": "test", "epoch": 8}
{"loss": 0.2466384619474411, "acc": 0.9017960429191589, "length": 3.9866058826446533, "mode": "train", "epoch": 9}
{"loss": 0.29183754324913025, "acc": 0.8807822465896606, "length": 4.0, "mode": "test", "epoch": 9}
{"loss": 0.23074258863925934, "acc": 0.9095283150672913, "length": 3.9915876388549805, "mode": "train", "epoch": 10}
{"loss": 0.2570062577724457, "acc": 0.8984691500663757, "length": 4.0, "mode": "test", "epoch": 10}
{"loss": 0.2073446810245514, "acc": 0.9224401712417603, "length": 3.994347333908081, "mode": "train", "epoch": 11}
{"loss": 0.23487432301044464, "acc": 0.9080784320831299, "length": 4.0, "mode": "test", "epoch": 11}
{"loss": 0.1907614916563034, "acc": 0.9288061261177063, "length": 3.9958205223083496, "mode": "train", "epoch": 12}
{"loss": 0.24049341678619385, "acc": 0.9075040221214294, "length": 4.0, "mode": "test", "epoch": 12}
{"loss": 0.18104694783687592, "acc": 0.9329637289047241, "length": 3.9968249797821045, "mode": "train", "epoch": 13}
{"loss": 0.20496685802936554, "acc": 0.9271895289421082, "length": 4.0, "mode": "test", "epoch": 13}
{"loss": 0.17051202058792114, "acc": 0.9367876648902893, "length": 3.997316360473633, "mode": "train", "epoch": 14}
{"loss": 0.1935161054134369, "acc": 0.9304847121238708, "length": 4.0, "mode": "test", "epoch": 14}
{"loss": 0.1648697555065155, "acc": 0.9395726323127747, "length": 3.998112916946411, "mode": "train", "epoch": 15}
{"loss": 0.1871681660413742, "acc": 0.936543345451355, "length": 4.0, "mode": "test", "epoch": 15}
{"loss": 0.16148291528224945, "acc": 0.940596878528595, "length": 3.998380184173584, "mode": "train", "epoch": 16}
{"loss": 0.1851557344198227, "acc": 0.9355016946792603, "length": 4.0, "mode": "test", "epoch": 16}
{"loss": 0.15709780156612396, "acc": 0.9428377151489258, "length": 3.9989962577819824, "mode": "train", "epoch": 17}
{"loss": 0.18963395059108734, "acc": 0.9326105713844299, "length": 4.0, "mode": "test", "epoch": 17}
{"loss": 0.1521516889333725, "acc": 0.9453897476196289, "length": 3.9992356300354004, "mode": "train", "epoch": 18}
{"loss": 0.17720365524291992, "acc": 0.9384989738464355, "length": 4.0, "mode": "test", "epoch": 18}
{"loss": 0.14744766056537628, "acc": 0.9471389651298523, "length": 3.999363660812378, "mode": "train", "epoch": 19}
{"loss": 0.16882941126823425, "acc": 0.9389879703521729, "length": 4.0, "mode": "test", "epoch": 19}
{"loss": 0.13976769149303436, "acc": 0.9488797187805176, "length": 3.9995064735412598, "mode": "train", "epoch": 20}
{"loss": 0.1755400151014328, "acc": 0.9389030933380127, "length": 4.0, "mode": "test", "epoch": 20}
{"loss": 0.13648618757724762, "acc": 0.9504147171974182, "length": 3.9996180534362793, "mode": "train", "epoch": 21}
{"loss": 0.16200897097587585, "acc": 0.9419642686843872, "length": 4.0, "mode": "test", "epoch": 21}
{"loss": 0.13097672164440155, "acc": 0.953985869884491, "length": 3.999431610107422, "mode": "train", "epoch": 22}
{"loss": 0.15680545568466187, "acc": 0.9444514513015747, "length": 4.0, "mode": "test", "epoch": 22}
{"loss": 0.12956826388835907, "acc": 0.9535208344459534, "length": 3.9997880458831787, "mode": "train", "epoch": 23}
{"loss": 0.15758830308914185, "acc": 0.9492560029029846, "length": 4.0, "mode": "test", "epoch": 23}
{"loss": 0.13055208325386047, "acc": 0.9550427198410034, "length": 3.9996087551116943, "mode": "train", "epoch": 24}
{"loss": 0.15360668301582336, "acc": 0.949617326259613, "length": 4.0, "mode": "test", "epoch": 24}
{"loss": 0.12121882289648056, "acc": 0.959236741065979, "length": 3.9998717308044434, "mode": "train", "epoch": 25}
{"loss": 0.1444801688194275, "acc": 0.954060435295105, "length": 4.0, "mode": "test", "epoch": 25}
{"loss": 0.12184737622737885, "acc": 0.9594042897224426, "length": 3.9998340606689453, "mode": "train", "epoch": 26}
{"loss": 0.14081518352031708, "acc": 0.9561650156974792, "length": 4.0, "mode": "test", "epoch": 26}
{"loss": 0.12181279063224792, "acc": 0.959952712059021, "length": 3.999814033508301, "mode": "train", "epoch": 27}
{"loss": 0.1437733769416809, "acc": 0.9588223695755005, "length": 4.0, "mode": "test", "epoch": 27}
{"loss": 0.11452997475862503, "acc": 0.9618341326713562, "length": 3.9998695850372314, "mode": "train", "epoch": 28}
{"loss": 0.1524810791015625, "acc": 0.9572065472602844, "length": 4.0, "mode": "test", "epoch": 28}
{"loss": 0.11653091758489609, "acc": 0.9613813161849976, "length": 3.99991774559021, "mode": "train", "epoch": 29}
{"loss": 0.14271663129329681, "acc": 0.9556971788406372, "length": 4.0, "mode": "test", "epoch": 29}
{"loss": 0.11503449827432632, "acc": 0.9629075527191162, "length": 3.9999380111694336, "mode": "train", "epoch": 30}
{"loss": 0.1266147941350937, "acc": 0.963010311126709, "length": 4.0, "mode": "test", "epoch": 30}
{"loss": 0.10707677155733109, "acc": 0.9650197625160217, "length": 3.9997830390930176, "mode": "train", "epoch": 31}
{"loss": 0.12315239012241364, "acc": 0.9643281698226929, "length": 4.0, "mode": "test", "epoch": 31}
{"loss": 0.09957567602396011, "acc": 0.9687027931213379, "length": 3.9999146461486816, "mode": "train", "epoch": 32}
{"loss": 0.13155053555965424, "acc": 0.9615433812141418, "length": 4.0, "mode": "test", "epoch": 32}
{"loss": 0.1029432937502861, "acc": 0.9663486480712891, "length": 3.9995598793029785, "mode": "train", "epoch": 33}
{"loss": 0.12090948969125748, "acc": 0.9664965867996216, "length": 4.0, "mode": "test", "epoch": 33}
{"loss": 0.10523752868175507, "acc": 0.9653157591819763, "length": 3.999988079071045, "mode": "train", "epoch": 34}
{"loss": 0.12687955796718597, "acc": 0.9663051962852478, "length": 4.0, "mode": "test", "epoch": 34}
{"loss": 0.09774646908044815, "acc": 0.9687631726264954, "length": 3.999985933303833, "mode": "train", "epoch": 35}
{"loss": 0.12110646069049835, "acc": 0.9667727947235107, "length": 4.0, "mode": "test", "epoch": 35}
{"loss": 0.0948699489235878, "acc": 0.9704663753509521, "length": 3.9999921321868896, "mode": "train", "epoch": 36}
{"loss": 0.12207050621509552, "acc": 0.9664116501808167, "length": 4.0, "mode": "test", "epoch": 36}
{"loss": 0.0928124338388443, "acc": 0.9705299139022827, "length": 3.9999847412109375, "mode": "train", "epoch": 37}
{"loss": 0.11944287270307541, "acc": 0.9681121706962585, "length": 4.0, "mode": "test", "epoch": 37}
{"loss": 0.09538755565881729, "acc": 0.9696786403656006, "length": 3.999809980392456, "mode": "train", "epoch": 38}
{"loss": 0.11496441811323166, "acc": 0.966666579246521, "length": 4.0, "mode": "test", "epoch": 38}
{"loss": 0.08869000524282455, "acc": 0.9726019501686096, "length": 3.9999959468841553, "mode": "train", "epoch": 39}
{"loss": 0.12907648086547852, "acc": 0.9656036496162415, "length": 4.0, "mode": "test", "epoch": 39}
{"loss": 0.12103743851184845, "acc": 0.9599733948707581, "length": 3.999990224838257, "mode": "train", "epoch": 40}
{"loss": 0.15861955285072327, "acc": 0.953125, "length": 4.0, "mode": "test", "epoch": 40}
{"loss": 0.12529256939888, "acc": 0.9590305089950562, "length": 3.9999892711639404, "mode": "train", "epoch": 41}
{"loss": 0.12872757017612457, "acc": 0.9606929421424866, "length": 4.0, "mode": "test", "epoch": 41}
{"loss": 0.11055084317922592, "acc": 0.9635708332061768, "length": 3.9999897480010986, "mode": "train", "epoch": 42}
{"loss": 0.13142113387584686, "acc": 0.9655613303184509, "length": 4.0, "mode": "test", "epoch": 42}
{"loss": 0.10549037158489227, "acc": 0.9649683833122253, "length": 3.9999918937683105, "mode": "train", "epoch": 43}
{"loss": 0.15489448606967926, "acc": 0.9486607313156128, "length": 4.0, "mode": "test", "epoch": 43}
{"loss": 0.10959118604660034, "acc": 0.9631311893463135, "length": 3.9999938011169434, "mode": "train", "epoch": 44}
{"loss": 0.13037586212158203, "acc": 0.9645197987556458, "length": 4.0, "mode": "test", "epoch": 44}
{"loss": 0.11541206389665604, "acc": 0.9611942768096924, "length": 3.9999938011169434, "mode": "train", "epoch": 45}
{"loss": 0.13008597493171692, "acc": 0.9599065184593201, "length": 4.0, "mode": "test", "epoch": 45}
{"loss": 0.09266100078821182, "acc": 0.9690108895301819, "length": 3.999955177307129, "mode": "train", "epoch": 46}
{"loss": 0.1046752855181694, "acc": 0.9694300889968872, "length": 4.0, "mode": "test", "epoch": 46}
{"loss": 0.08123776316642761, "acc": 0.9727581739425659, "length": 3.9999966621398926, "mode": "train", "epoch": 47}
{"loss": 0.1039058193564415, "acc": 0.9688987731933594, "length": 4.0, "mode": "test", "epoch": 47}
{"loss": 0.07677499949932098, "acc": 0.9746020436286926, "length": 3.999988079071045, "mode": "train", "epoch": 48}
{"loss": 0.10015513002872467, "acc": 0.9713011384010315, "length": 4.0, "mode": "test", "epoch": 48}
{"loss": 0.08085080236196518, "acc": 0.9732261300086975, "length": 3.999997615814209, "mode": "train", "epoch": 49}
{"loss": 0.10955429077148438, "acc": 0.9670068621635437, "length": 4.0, "mode": "test", "epoch": 49}
{"loss": 0.09219913184642792, "acc": 0.9693530201911926, "length": 3.999999761581421, "mode": "train", "epoch": 50}
{"loss": 0.15691135823726654, "acc": 0.9564839005470276, "length": 4.0, "mode": "test", "epoch": 50}
{"loss": 0.10820567607879639, "acc": 0.966320276260376, "length": 3.9999635219573975, "mode": "train", "epoch": 51}
{"loss": 0.09952045977115631, "acc": 0.9684735536575317, "length": 4.0, "mode": "test", "epoch": 51}
{"loss": 0.0778762549161911, "acc": 0.9755885004997253, "length": 3.9999959468841553, "mode": "train", "epoch": 52}
{"loss": 0.09588292241096497, "acc": 0.9735758304595947, "length": 4.0, "mode": "test", "epoch": 52}
{"loss": 0.07323551177978516, "acc": 0.97638338804245, "length": 3.999999523162842, "mode": "train", "epoch": 53}
{"loss": 0.09424252063035965, "acc": 0.9740434288978577, "length": 4.0, "mode": "test", "epoch": 53}
{"loss": 0.06595207750797272, "acc": 0.9789299964904785, "length": 3.9999985694885254, "mode": "train", "epoch": 54}
{"loss": 0.08664754033088684, "acc": 0.9767642617225647, "length": 4.0, "mode": "test", "epoch": 54}
{"loss": 0.06364905089139938, "acc": 0.9800508618354797, "length": 3.999994993209839, "mode": "train", "epoch": 55}
{"loss": 0.08356031030416489, "acc": 0.9773384928703308, "length": 4.0, "mode": "test", "epoch": 55}
{"loss": 0.06029243394732475, "acc": 0.981012225151062, "length": 3.999796152114868, "mode": "train", "epoch": 56}
{"loss": 0.08694874495267868, "acc": 0.9768494963645935, "length": 4.0, "mode": "test", "epoch": 56}
{"loss": 0.08076503127813339, "acc": 0.9744325280189514, "length": 3.999999761581421, "mode": "train", "epoch": 57}
{"loss": 0.10424653440713882, "acc": 0.9695152044296265, "length": 4.0, "mode": "test", "epoch": 57}
{"loss": 0.07982814311981201, "acc": 0.9748792052268982, "length": 3.999997138977051, "mode": "train", "epoch": 58}
{"loss": 0.1293274164199829, "acc": 0.9582483172416687, "length": 4.0, "mode": "test", "epoch": 58}
{"loss": 0.08401837944984436, "acc": 0.972396194934845, "length": 3.9999966621398926, "mode": "train", "epoch": 59}
{"loss": 0.10278051346540451, "acc": 0.9669429063796997, "length": 4.0, "mode": "test", "epoch": 59}
{"loss": 0.06305459141731262, "acc": 0.9808934330940247, "length": 3.9998955726623535, "mode": "train", "epoch": 60}
{"loss": 0.0893101617693901, "acc": 0.977168619632721, "length": 4.0, "mode": "test", "epoch": 60}
{"loss": 0.059772927314043045, "acc": 0.9825766682624817, "length": 3.999999761581421, "mode": "train", "epoch": 61}
{"loss": 0.09161467850208282, "acc": 0.9758715033531189, "length": 4.0, "mode": "test", "epoch": 61}
{"loss": 0.055544912815093994, "acc": 0.9836975336074829, "length": 4.0, "mode": "train", "epoch": 62}
{"loss": 0.08547597378492355, "acc": 0.979740560054779, "length": 4.0, "mode": "test", "epoch": 62}
{"loss": 0.054846834391355515, "acc": 0.9834257960319519, "length": 3.99971604347229, "mode": "train", "epoch": 63}
{"loss": 0.0806766226887703, "acc": 0.9778273105621338, "length": 4.0, "mode": "test", "epoch": 63}
{"loss": 0.09092391282320023, "acc": 0.9698284268379211, "length": 4.0, "mode": "train", "epoch": 64}
{"loss": 0.13298816978931427, "acc": 0.9598852396011353, "length": 4.0, "mode": "test", "epoch": 64}
{"loss": 0.09578471630811691, "acc": 0.9670544266700745, "length": 3.9999992847442627, "mode": "train", "epoch": 65}
{"loss": 0.1269141286611557, "acc": 0.9671556353569031, "length": 4.0, "mode": "test", "epoch": 65}
{"loss": 0.07878430187702179, "acc": 0.9738046526908875, "length": 3.9997904300689697, "mode": "train", "epoch": 66}
{"loss": 0.11396771669387817, "acc": 0.9711522459983826, "length": 4.0, "mode": "test", "epoch": 66}
{"loss": 0.06815888732671738, "acc": 0.97966068983078, "length": 3.9999966621398926, "mode": "train", "epoch": 67}
{"loss": 0.11129353195428848, "acc": 0.9744046926498413, "length": 4.0, "mode": "test", "epoch": 67}
{"loss": 0.06315042078495026, "acc": 0.9810650944709778, "length": 3.999547004699707, "mode": "train", "epoch": 68}
{"loss": 0.08305303007364273, "acc": 0.9786350727081299, "length": 4.0, "mode": "test", "epoch": 68}
{"loss": 0.06170482188463211, "acc": 0.980093240737915, "length": 3.9999966621398926, "mode": "train", "epoch": 69}
{"loss": 0.10174854099750519, "acc": 0.9750425219535828, "length": 4.0, "mode": "test", "epoch": 69}
{"loss": 0.05916617810726166, "acc": 0.9816257357597351, "length": 3.9999947547912598, "mode": "train", "epoch": 70}
{"loss": 0.09275982528924942, "acc": 0.9785076379776001, "length": 4.0, "mode": "test", "epoch": 70}
{"loss": 0.05575732886791229, "acc": 0.9832574129104614, "length": 3.9999966621398926, "mode": "train", "epoch": 71}
{"loss": 0.08491374552249908, "acc": 0.9775084257125854, "length": 4.0, "mode": "test", "epoch": 71}
{"loss": 0.05740531533956528, "acc": 0.9817389249801636, "length": 3.999987840652466, "mode": "train", "epoch": 72}
{"loss": 0.07339510321617126, "acc": 0.9802932143211365, "length": 4.0, "mode": "test", "epoch": 72}
{"loss": 0.05517340824007988, "acc": 0.9831068515777588, "length": 3.999894618988037, "mode": "train", "epoch": 73}
{"loss": 0.07461536675691605, "acc": 0.9812712669372559, "length": 4.0, "mode": "test", "epoch": 73}
{"loss": 0.05820133164525032, "acc": 0.9820868968963623, "length": 3.999997138977051, "mode": "train", "epoch": 74}
{"loss": 0.0863635390996933, "acc": 0.9786139130592346, "length": 4.0, "mode": "test", "epoch": 74}
{"loss": 0.056851744651794434, "acc": 0.9822714924812317, "length": 3.9999992847442627, "mode": "train", "epoch": 75}
{"loss": 0.07624182850122452, "acc": 0.97952800989151, "length": 4.0, "mode": "test", "epoch": 75}
{"loss": 0.05278554931282997, "acc": 0.9830518364906311, "length": 3.9999988079071045, "mode": "train", "epoch": 76}
{"loss": 0.07690440863370895, "acc": 0.9801871180534363, "length": 4.0, "mode": "test", "epoch": 76}
{"loss": 0.05417007952928543, "acc": 0.9825057983398438, "length": 3.9999992847442627, "mode": "train", "epoch": 77}
{"loss": 0.08570077270269394, "acc": 0.9797619581222534, "length": 4.0, "mode": "test", "epoch": 77}
{"loss": 0.05290087312459946, "acc": 0.9835411310195923, "length": 3.999995231628418, "mode": "train", "epoch": 78}
{"loss": 0.08424729108810425, "acc": 0.9781461954116821, "length": 4.0, "mode": "test", "epoch": 78}
{"loss": 0.053833674639463425, "acc": 0.983605146408081, "length": 3.999997615814209, "mode": "train", "epoch": 79}
{"loss": 0.074214868247509, "acc": 0.9818454384803772, "length": 4.0, "mode": "test", "epoch": 79}
{"loss": 0.051045097410678864, "acc": 0.9838677644729614, "length": 3.999999761581421, "mode": "train", "epoch": 80}
{"loss": 0.06958086788654327, "acc": 0.9795494079589844, "length": 4.0, "mode": "test", "epoch": 80}
{"loss": 0.050487346947193146, "acc": 0.9846410155296326, "length": 3.9999988079071045, "mode": "train", "epoch": 81}
{"loss": 0.07517461478710175, "acc": 0.9806760549545288, "length": 4.0, "mode": "test", "epoch": 81}
{"loss": 0.04667898267507553, "acc": 0.9853929877281189, "length": 4.0, "mode": "train", "epoch": 82}
{"loss": 0.0723826214671135, "acc": 0.9823979139328003, "length": 4.0, "mode": "test", "epoch": 82}
{"loss": 0.04490699991583824, "acc": 0.9865350723266602, "length": 3.999998092651367, "mode": "train", "epoch": 83}
{"loss": 0.07332177460193634, "acc": 0.97952800989151, "length": 4.0, "mode": "test", "epoch": 83}
{"loss": 0.042353544384241104, "acc": 0.9867974519729614, "length": 3.999997854232788, "mode": "train", "epoch": 84}
{"loss": 0.07108034193515778, "acc": 0.9831846356391907, "length": 4.0, "mode": "test", "epoch": 84}
{"loss": 0.03939418867230415, "acc": 0.9880815744400024, "length": 3.9999992847442627, "mode": "train", "epoch": 85}
{"loss": 0.07069405168294907, "acc": 0.980824887752533, "length": 4.0, "mode": "test", "epoch": 85}
{"loss": 0.046751778572797775, "acc": 0.9862372279167175, "length": 3.999999761581421, "mode": "train", "epoch": 86}
{"loss": 0.09094089269638062, "acc": 0.9788053631782532, "length": 4.0, "mode": "test", "epoch": 86}
{"loss": 0.05307094380259514, "acc": 0.9830447435379028, "length": 3.999998092651367, "mode": "train", "epoch": 87}
{"loss": 0.10037845373153687, "acc": 0.9756590127944946, "length": 4.0, "mode": "test", "epoch": 87}
{"loss": 0.07666532695293427, "acc": 0.9764542579650879, "length": 3.999999523162842, "mode": "train", "epoch": 88}
{"loss": 0.13195638358592987, "acc": 0.9677083492279053, "length": 4.0, "mode": "test", "epoch": 88}
{"loss": 0.07314035296440125, "acc": 0.9748627543449402, "length": 3.9999687671661377, "mode": "train", "epoch": 89}
{"loss": 0.10896831005811691, "acc": 0.972470223903656, "length": 4.0, "mode": "test", "epoch": 89}
{"loss": 0.06053474545478821, "acc": 0.9805546402931213, "length": 4.0, "mode": "train", "epoch": 90}
{"loss": 0.10895127058029175, "acc": 0.9747236371040344, "length": 4.0, "mode": "test", "epoch": 90}
{"loss": 0.05617918819189072, "acc": 0.9816471338272095, "length": 3.999999523162842, "mode": "train", "epoch": 91}
{"loss": 0.10022163391113281, "acc": 0.9746600389480591, "length": 4.0, "mode": "test", "epoch": 91}
{"loss": 0.054036252200603485, "acc": 0.9812855124473572, "length": 3.999998092651367, "mode": "train", "epoch": 92}
{"loss": 0.07722817361354828, "acc": 0.9806759357452393, "length": 4.0, "mode": "test", "epoch": 92}
{"loss": 0.05795475095510483, "acc": 0.9808527827262878, "length": 3.999999523162842, "mode": "train", "epoch": 93}
{"loss": 0.09441428631544113, "acc": 0.9774447083473206, "length": 4.0, "mode": "test", "epoch": 93}
{"loss": 0.04857223108410835, "acc": 0.9833354353904724, "length": 3.9999942779541016, "mode": "train", "epoch": 94}
{"loss": 0.07882019132375717, "acc": 0.9798683524131775, "length": 4.0, "mode": "test", "epoch": 94}
{"loss": 0.047239579260349274, "acc": 0.9855347275733948, "length": 3.999999523162842, "mode": "train", "epoch": 95}
{"loss": 0.07885215431451797, "acc": 0.9821428656578064, "length": 4.0, "mode": "test", "epoch": 95}
{"loss": 0.0460936613380909, "acc": 0.9854140281677246, "length": 3.999998092651367, "mode": "train", "epoch": 96}
{"loss": 0.07369185984134674, "acc": 0.981526255607605, "length": 4.0, "mode": "test", "epoch": 96}
{"loss": 0.04243841394782066, "acc": 0.9860098361968994, "length": 3.9999938011169434, "mode": "train", "epoch": 97}
{"loss": 0.07482925802469254, "acc": 0.9806760549545288, "length": 4.0, "mode": "test", "epoch": 97}
{"loss": 0.04487306997179985, "acc": 0.9853648543357849, "length": 4.0, "mode": "train", "epoch": 98}
{"loss": 0.11639212816953659, "acc": 0.9746810793876648, "length": 4.0, "mode": "test", "epoch": 98}
{"loss": 0.04934273287653923, "acc": 0.9850099682807922, "length": 3.999999523162842, "mode": "train", "epoch": 99}
{"loss": 0.08100690692663193, "acc": 0.9810374975204468, "length": 4.0, "mode": "test", "epoch": 99}
{"loss": 0.037098269909620285, "acc": 0.9877839088439941, "length": 4.0, "mode": "train", "epoch": 100}
{"loss": 0.061211924999952316, "acc": 0.9821641445159912, "length": 4.0, "mode": "test", "epoch": 100}
test accuracy: 0.7644424438476562
