# ["--attributes=3", "--values=4", "--game_size=20", "--vocab_size_factor=3", "--n_epochs=100", "--batch_size=128", "--learning_rate=0.001", "--hidden_size=128", "--temp_update=0.97", "--temperature=1"]
Creating train_ds and val_ds...

Creating test_ds...
{"loss": 0.6895809769630432, "acc": 0.5370555520057678, "length": 3.1452085971832275, "mode": "train", "epoch": 1}
{"loss": 0.645394504070282, "acc": 0.738122820854187, "length": 3.1065778732299805, "mode": "test", "epoch": 1}
{"loss": 0.5620918273925781, "acc": 0.7548756003379822, "length": 3.699726104736328, "mode": "train", "epoch": 2}
{"loss": 0.473682701587677, "acc": 0.7981682419776917, "length": 4.0, "mode": "test", "epoch": 2}
{"loss": 0.42640864849090576, "acc": 0.8258614540100098, "length": 3.9839041233062744, "mode": "train", "epoch": 3}
{"loss": 0.41240406036376953, "acc": 0.8352623581886292, "length": 4.0, "mode": "test", "epoch": 3}
{"loss": 0.3696478605270386, "acc": 0.8515787720680237, "length": 3.9937362670898438, "mode": "train", "epoch": 4}
{"loss": 0.39170053601264954, "acc": 0.8409867286682129, "length": 4.0, "mode": "test", "epoch": 4}
{"loss": 0.3423925042152405, "acc": 0.8596014976501465, "length": 3.993211507797241, "mode": "train", "epoch": 5}
{"loss": 0.36227524280548096, "acc": 0.851311445236206, "length": 4.0, "mode": "test", "epoch": 5}
{"loss": 0.32186058163642883, "acc": 0.8688093423843384, "length": 3.9960248470306396, "mode": "train", "epoch": 6}
{"loss": 0.34164658188819885, "acc": 0.8573897480964661, "length": 4.0, "mode": "test", "epoch": 6}
{"loss": 0.2965940833091736, "acc": 0.8781477808952332, "length": 3.9957399368286133, "mode": "train", "epoch": 7}
{"loss": 0.29751771688461304, "acc": 0.8782473206520081, "length": 4.0, "mode": "test", "epoch": 7}
{"loss": 0.2796590030193329, "acc": 0.8891791105270386, "length": 3.9975197315216064, "mode": "train", "epoch": 8}
{"loss": 0.27695903182029724, "acc": 0.8899665474891663, "length": 4.0, "mode": "test", "epoch": 8}
{"loss": 0.2561586797237396, "acc": 0.9009053707122803, "length": 3.9984514713287354, "mode": "train", "epoch": 9}
{"loss": 0.2601763904094696, "acc": 0.8972940444946289, "length": 4.0, "mode": "test", "epoch": 9}
{"loss": 0.2414596974849701, "acc": 0.9076403379440308, "length": 3.9983067512512207, "mode": "train", "epoch": 10}
{"loss": 0.23488278687000275, "acc": 0.9120315909385681, "length": 4.0, "mode": "test", "epoch": 10}
{"loss": 0.23157508671283722, "acc": 0.9137760996818542, "length": 3.9985287189483643, "mode": "train", "epoch": 11}
{"loss": 0.23523402214050293, "acc": 0.9166527986526489, "length": 4.0, "mode": "test", "epoch": 11}
{"loss": 0.2149791121482849, "acc": 0.9196350574493408, "length": 3.998790979385376, "mode": "train", "epoch": 12}
{"loss": 0.21242742240428925, "acc": 0.9251249432563782, "length": 4.0, "mode": "test", "epoch": 12}
{"loss": 0.20572896301746368, "acc": 0.9242185950279236, "length": 3.9990477561950684, "mode": "train", "epoch": 13}
{"loss": 0.1981666535139084, "acc": 0.9274563789367676, "length": 4.0, "mode": "test", "epoch": 13}
{"loss": 0.1954055279493332, "acc": 0.927514910697937, "length": 3.9993367195129395, "mode": "train", "epoch": 14}
{"loss": 0.19563321769237518, "acc": 0.930474579334259, "length": 4.0, "mode": "test", "epoch": 14}
{"loss": 0.1886632740497589, "acc": 0.9328539967536926, "length": 3.998899459838867, "mode": "train", "epoch": 15}
{"loss": 0.19026030600070953, "acc": 0.9351373910903931, "length": 4.0, "mode": "test", "epoch": 15}
{"loss": 0.18079090118408203, "acc": 0.9351793527603149, "length": 3.99990177154541, "mode": "train", "epoch": 16}
{"loss": 0.17849163711071014, "acc": 0.9376561045646667, "length": 4.0, "mode": "test", "epoch": 16}
{"loss": 0.1779547929763794, "acc": 0.9349029064178467, "length": 3.9998650550842285, "mode": "train", "epoch": 17}
{"loss": 0.17245349287986755, "acc": 0.940674364566803, "length": 4.0, "mode": "test", "epoch": 17}
{"loss": 0.17381110787391663, "acc": 0.9391130208969116, "length": 3.9998836517333984, "mode": "train", "epoch": 18}
{"loss": 0.17695026099681854, "acc": 0.9379059672355652, "length": 4.0, "mode": "test", "epoch": 18}
{"loss": 0.16407985985279083, "acc": 0.9425151348114014, "length": 3.999825954437256, "mode": "train", "epoch": 19}
{"loss": 0.16524963080883026, "acc": 0.9438592195510864, "length": 4.0, "mode": "test", "epoch": 19}
{"loss": 0.16190339624881744, "acc": 0.9444904923439026, "length": 3.999962568283081, "mode": "train", "epoch": 20}
{"loss": 0.16693411767482758, "acc": 0.9440674185752869, "length": 4.0, "mode": "test", "epoch": 20}
{"loss": 0.1587517410516739, "acc": 0.9442894458770752, "length": 3.999603748321533, "mode": "train", "epoch": 21}
{"loss": 0.1578456163406372, "acc": 0.9486053586006165, "length": 4.0, "mode": "test", "epoch": 21}
{"loss": 0.15884633362293243, "acc": 0.9461575746536255, "length": 3.9999687671661377, "mode": "train", "epoch": 22}
{"loss": 0.16176916658878326, "acc": 0.9454829692840576, "length": 4.0, "mode": "test", "epoch": 22}
{"loss": 0.1555735319852829, "acc": 0.9472695589065552, "length": 3.99997878074646, "mode": "train", "epoch": 23}
{"loss": 0.1607019156217575, "acc": 0.9439426064491272, "length": 4.0, "mode": "test", "epoch": 23}
{"loss": 0.15655067563056946, "acc": 0.9466865658760071, "length": 3.9999935626983643, "mode": "train", "epoch": 24}
{"loss": 0.15907983481884003, "acc": 0.947522759437561, "length": 4.0, "mode": "test", "epoch": 24}
{"loss": 0.14814022183418274, "acc": 0.9509929418563843, "length": 3.9999821186065674, "mode": "train", "epoch": 25}
{"loss": 0.1515771746635437, "acc": 0.9509366750717163, "length": 4.0, "mode": "test", "epoch": 25}
{"loss": 0.15268729627132416, "acc": 0.9492716789245605, "length": 3.999654531478882, "mode": "train", "epoch": 26}
{"loss": 0.15495745837688446, "acc": 0.9492506384849548, "length": 4.0, "mode": "test", "epoch": 26}
{"loss": 0.1449834406375885, "acc": 0.9513747096061707, "length": 3.9999890327453613, "mode": "train", "epoch": 27}
{"loss": 0.14759503304958344, "acc": 0.9530807733535767, "length": 4.0, "mode": "test", "epoch": 27}
{"loss": 0.13254722952842712, "acc": 0.9562516808509827, "length": 3.9999992847442627, "mode": "train", "epoch": 28}
{"loss": 0.14519169926643372, "acc": 0.9526228904724121, "length": 4.0, "mode": "test", "epoch": 28}
{"loss": 0.13611245155334473, "acc": 0.9554526209831238, "length": 3.999993324279785, "mode": "train", "epoch": 29}
{"loss": 0.14354577660560608, "acc": 0.9526227712631226, "length": 4.0, "mode": "test", "epoch": 29}
{"loss": 0.1559857279062271, "acc": 0.9476867318153381, "length": 3.999997615814209, "mode": "train", "epoch": 30}
{"loss": 0.16433842480182648, "acc": 0.9455037117004395, "length": 4.0, "mode": "test", "epoch": 30}
{"loss": 0.1372092068195343, "acc": 0.9536570310592651, "length": 3.999443292617798, "mode": "train", "epoch": 31}
{"loss": 0.1478961855173111, "acc": 0.9501250982284546, "length": 4.0, "mode": "test", "epoch": 31}
{"loss": 0.13412800431251526, "acc": 0.9564322829246521, "length": 3.999999523162842, "mode": "train", "epoch": 32}
{"loss": 0.15147334337234497, "acc": 0.9507700800895691, "length": 4.0, "mode": "test", "epoch": 32}
{"loss": 0.14264081418514252, "acc": 0.9520073533058167, "length": 3.9999966621398926, "mode": "train", "epoch": 33}
{"loss": 0.15515868365764618, "acc": 0.9480016827583313, "length": 4.0, "mode": "test", "epoch": 33}
{"loss": 0.1330718696117401, "acc": 0.9558448195457458, "length": 3.9999170303344727, "mode": "train", "epoch": 34}
{"loss": 0.14324206113815308, "acc": 0.9551414251327515, "length": 4.0, "mode": "test", "epoch": 34}
{"loss": 0.1341666728258133, "acc": 0.9581340551376343, "length": 3.999995708465576, "mode": "train", "epoch": 35}
{"loss": 0.16421853005886078, "acc": 0.9442131519317627, "length": 4.0, "mode": "test", "epoch": 35}
{"loss": 0.16205917298793793, "acc": 0.9446789026260376, "length": 3.9999804496765137, "mode": "train", "epoch": 36}
{"loss": 0.15963801741600037, "acc": 0.9472938776016235, "length": 4.0, "mode": "test", "epoch": 36}
{"loss": 0.15712103247642517, "acc": 0.9476032257080078, "length": 3.9999918937683105, "mode": "train", "epoch": 37}
{"loss": 0.15808545053005219, "acc": 0.9455661773681641, "length": 4.0, "mode": "test", "epoch": 37}
{"loss": 0.13725785911083221, "acc": 0.9543529748916626, "length": 3.99989652633667, "mode": "train", "epoch": 38}
{"loss": 0.15126316249370575, "acc": 0.9524355530738831, "length": 4.0, "mode": "test", "epoch": 38}
{"loss": 0.13873319327831268, "acc": 0.9556735754013062, "length": 3.9999337196350098, "mode": "train", "epoch": 39}
{"loss": 0.15064416825771332, "acc": 0.9508742690086365, "length": 4.0, "mode": "test", "epoch": 39}
{"loss": 0.13531871140003204, "acc": 0.9566960334777832, "length": 3.999990224838257, "mode": "train", "epoch": 40}
{"loss": 0.15295545756816864, "acc": 0.9485844373703003, "length": 4.0, "mode": "test", "epoch": 40}
{"loss": 0.14056386053562164, "acc": 0.951618492603302, "length": 3.9999988079071045, "mode": "train", "epoch": 41}
{"loss": 0.14637456834316254, "acc": 0.9523521065711975, "length": 4.0, "mode": "test", "epoch": 41}
{"loss": 0.12642021477222443, "acc": 0.9594037532806396, "length": 3.999539375305176, "mode": "train", "epoch": 42}
{"loss": 0.14030495285987854, "acc": 0.9559533596038818, "length": 4.0, "mode": "test", "epoch": 42}
{"loss": 0.14201945066452026, "acc": 0.953848123550415, "length": 3.999988079071045, "mode": "train", "epoch": 43}
{"loss": 0.137211874127388, "acc": 0.9569731950759888, "length": 4.0, "mode": "test", "epoch": 43}
{"loss": 0.1261959820985794, "acc": 0.9602516889572144, "length": 3.9999728202819824, "mode": "train", "epoch": 44}
{"loss": 0.1314050257205963, "acc": 0.9585344195365906, "length": 4.0, "mode": "test", "epoch": 44}
{"loss": 0.11645103245973587, "acc": 0.9624130725860596, "length": 3.9999964237213135, "mode": "train", "epoch": 45}
{"loss": 0.12842832505702972, "acc": 0.9595130085945129, "length": 4.0, "mode": "test", "epoch": 45}
{"loss": 0.11624272167682648, "acc": 0.9617289304733276, "length": 3.9997501373291016, "mode": "train", "epoch": 46}
{"loss": 0.15063683688640594, "acc": 0.9544752836227417, "length": 4.0, "mode": "test", "epoch": 46}
{"loss": 0.12385804206132889, "acc": 0.9604331851005554, "length": 3.9999945163726807, "mode": "train", "epoch": 47}
{"loss": 0.13526684045791626, "acc": 0.9570358395576477, "length": 4.0, "mode": "test", "epoch": 47}
{"loss": 0.11417338252067566, "acc": 0.9635201692581177, "length": 3.999823570251465, "mode": "train", "epoch": 48}
{"loss": 0.1309817135334015, "acc": 0.9582847952842712, "length": 4.0, "mode": "test", "epoch": 48}
{"loss": 0.1101396381855011, "acc": 0.9634053707122803, "length": 3.9997975826263428, "mode": "train", "epoch": 49}
{"loss": 0.12358050793409348, "acc": 0.9604079723358154, "length": 4.0, "mode": "test", "epoch": 49}
{"loss": 0.10956898331642151, "acc": 0.9644761085510254, "length": 3.99999737739563, "mode": "train", "epoch": 50}
{"loss": 0.12802302837371826, "acc": 0.9589300751686096, "length": 4.0, "mode": "test", "epoch": 50}
{"loss": 0.11008543521165848, "acc": 0.9638299942016602, "length": 3.9999959468841553, "mode": "train", "epoch": 51}
{"loss": 0.12147263437509537, "acc": 0.959929347038269, "length": 4.0, "mode": "test", "epoch": 51}
{"loss": 0.10742413252592087, "acc": 0.9650943875312805, "length": 3.9999966621398926, "mode": "train", "epoch": 52}
{"loss": 0.12330617755651474, "acc": 0.9627600908279419, "length": 4.0, "mode": "test", "epoch": 52}
{"loss": 0.11368357390165329, "acc": 0.9639411568641663, "length": 3.9999961853027344, "mode": "train", "epoch": 53}
{"loss": 0.1252889633178711, "acc": 0.961552619934082, "length": 4.0, "mode": "test", "epoch": 53}
{"loss": 0.12473399937152863, "acc": 0.9584119915962219, "length": 3.99999737739563, "mode": "train", "epoch": 54}
{"loss": 0.15339486300945282, "acc": 0.9479807615280151, "length": 4.0, "mode": "test", "epoch": 54}
{"loss": 0.11962507665157318, "acc": 0.961662232875824, "length": 3.9999821186065674, "mode": "train", "epoch": 55}
{"loss": 0.1406853049993515, "acc": 0.9534347057342529, "length": 4.0, "mode": "test", "epoch": 55}
{"loss": 0.10522665828466415, "acc": 0.9653791189193726, "length": 3.9999983310699463, "mode": "train", "epoch": 56}
{"loss": 0.12686139345169067, "acc": 0.9597210884094238, "length": 4.0, "mode": "test", "epoch": 56}
{"loss": 0.10128778964281082, "acc": 0.9681891202926636, "length": 3.999915599822998, "mode": "train", "epoch": 57}
{"loss": 0.11548743396997452, "acc": 0.9658617973327637, "length": 4.0, "mode": "test", "epoch": 57}
{"loss": 0.10219074040651321, "acc": 0.9676783084869385, "length": 3.9999935626983643, "mode": "train", "epoch": 58}
{"loss": 0.11047394573688507, "acc": 0.9660907983779907, "length": 4.0, "mode": "test", "epoch": 58}
{"loss": 0.10627706348896027, "acc": 0.9663655757904053, "length": 3.9999992847442627, "mode": "train", "epoch": 59}
{"loss": 0.14534991979599, "acc": 0.9544131755828857, "length": 4.0, "mode": "test", "epoch": 59}
{"loss": 0.13038958609104156, "acc": 0.9570068120956421, "length": 3.9999606609344482, "mode": "train", "epoch": 60}
{"loss": 0.1524503231048584, "acc": 0.9490008354187012, "length": 4.0, "mode": "test", "epoch": 60}
{"loss": 0.1172826960682869, "acc": 0.9590996503829956, "length": 3.999997854232788, "mode": "train", "epoch": 61}
{"loss": 0.13091950118541718, "acc": 0.9615945816040039, "length": 4.0, "mode": "test", "epoch": 61}
{"loss": 0.10823526978492737, "acc": 0.9646496772766113, "length": 3.9999983310699463, "mode": "train", "epoch": 62}
{"loss": 0.13045792281627655, "acc": 0.9578893780708313, "length": 4.0, "mode": "test", "epoch": 62}
{"loss": 0.1035533919930458, "acc": 0.9667680859565735, "length": 3.9999921321868896, "mode": "train", "epoch": 63}
{"loss": 0.1216784119606018, "acc": 0.96086585521698, "length": 4.0, "mode": "test", "epoch": 63}
{"loss": 0.10309448838233948, "acc": 0.9667335152626038, "length": 3.999997854232788, "mode": "train", "epoch": 64}
{"loss": 0.13414297997951508, "acc": 0.9589924812316895, "length": 4.0, "mode": "test", "epoch": 64}
{"loss": 0.11873367428779602, "acc": 0.9603220820426941, "length": 3.9999935626983643, "mode": "train", "epoch": 65}
{"loss": 0.14130716025829315, "acc": 0.9559534788131714, "length": 4.0, "mode": "test", "epoch": 65}
{"loss": 0.12157197296619415, "acc": 0.9606347680091858, "length": 3.9999969005584717, "mode": "train", "epoch": 66}
{"loss": 0.1453373283147812, "acc": 0.9538300633430481, "length": 4.0, "mode": "test", "epoch": 66}
{"loss": 0.11338581144809723, "acc": 0.9629265666007996, "length": 3.999986410140991, "mode": "train", "epoch": 67}
{"loss": 0.1268770694732666, "acc": 0.9577227830886841, "length": 4.0, "mode": "test", "epoch": 67}
{"loss": 0.12758894264698029, "acc": 0.9592029452323914, "length": 3.99997878074646, "mode": "train", "epoch": 68}
{"loss": 0.16190974414348602, "acc": 0.9463154077529907, "length": 4.0, "mode": "test", "epoch": 68}
{"loss": 0.12697432935237885, "acc": 0.9576329588890076, "length": 3.9999780654907227, "mode": "train", "epoch": 69}
{"loss": 0.1408052146434784, "acc": 0.9502288699150085, "length": 4.0, "mode": "test", "epoch": 69}
{"loss": 0.10555369406938553, "acc": 0.9670395255088806, "length": 3.999999523162842, "mode": "train", "epoch": 70}
{"loss": 0.11955338716506958, "acc": 0.9634679555892944, "length": 4.0, "mode": "test", "epoch": 70}
{"loss": 0.10155119746923447, "acc": 0.9684634208679199, "length": 3.999999761581421, "mode": "train", "epoch": 71}
{"loss": 0.11680113524198532, "acc": 0.9653829336166382, "length": 4.0, "mode": "test", "epoch": 71}
{"loss": 0.0954945757985115, "acc": 0.9706028699874878, "length": 3.9999983310699463, "mode": "train", "epoch": 72}
{"loss": 0.11763838678598404, "acc": 0.9647377133369446, "length": 4.0, "mode": "test", "epoch": 72}
{"loss": 0.09449688345193863, "acc": 0.9709566235542297, "length": 3.9999887943267822, "mode": "train", "epoch": 73}
{"loss": 0.11756519228219986, "acc": 0.9652580618858337, "length": 4.0, "mode": "test", "epoch": 73}
{"loss": 0.09587576985359192, "acc": 0.9703806638717651, "length": 3.9999983310699463, "mode": "train", "epoch": 74}
{"loss": 0.12486725300550461, "acc": 0.9650706052780151, "length": 4.0, "mode": "test", "epoch": 74}
{"loss": 0.08934545516967773, "acc": 0.9727421998977661, "length": 3.9999983310699463, "mode": "train", "epoch": 75}
{"loss": 0.1210438534617424, "acc": 0.9652372002601624, "length": 4.0, "mode": "test", "epoch": 75}
{"loss": 0.09227555990219116, "acc": 0.9714916348457336, "length": 3.9999938011169434, "mode": "train", "epoch": 76}
{"loss": 0.12861740589141846, "acc": 0.9655286073684692, "length": 4.0, "mode": "test", "epoch": 76}
{"loss": 0.08915064483880997, "acc": 0.9715056419372559, "length": 3.9999940395355225, "mode": "train", "epoch": 77}
{"loss": 0.11691214144229889, "acc": 0.964716911315918, "length": 4.0, "mode": "test", "epoch": 77}
{"loss": 0.08512406796216965, "acc": 0.9721934795379639, "length": 3.999997615814209, "mode": "train", "epoch": 78}
{"loss": 0.1169246956706047, "acc": 0.966236412525177, "length": 4.0, "mode": "test", "epoch": 78}
{"loss": 0.09283624589443207, "acc": 0.9708167910575867, "length": 3.9997920989990234, "mode": "train", "epoch": 79}
{"loss": 0.13432219624519348, "acc": 0.961823582649231, "length": 4.0, "mode": "test", "epoch": 79}
{"loss": 0.09689928591251373, "acc": 0.9692901968955994, "length": 3.9999983310699463, "mode": "train", "epoch": 80}
{"loss": 0.13790065050125122, "acc": 0.9607203006744385, "length": 4.0, "mode": "test", "epoch": 80}
{"loss": 0.09417396038770676, "acc": 0.9695609211921692, "length": 3.9999983310699463, "mode": "train", "epoch": 81}
{"loss": 0.12784521281719208, "acc": 0.9577643871307373, "length": 4.0, "mode": "test", "epoch": 81}
{"loss": 0.09100547432899475, "acc": 0.9714027643203735, "length": 3.999840497970581, "mode": "train", "epoch": 82}
{"loss": 0.1279461532831192, "acc": 0.9658410549163818, "length": 4.0, "mode": "test", "epoch": 82}
{"loss": 0.08786672353744507, "acc": 0.9722769856452942, "length": 3.999999523162842, "mode": "train", "epoch": 83}
{"loss": 0.13044540584087372, "acc": 0.9638218283653259, "length": 4.0, "mode": "test", "epoch": 83}
{"loss": 0.07830984145402908, "acc": 0.9743191599845886, "length": 4.0, "mode": "train", "epoch": 84}
{"loss": 0.11831062287092209, "acc": 0.9665486812591553, "length": 4.0, "mode": "test", "epoch": 84}
{"loss": 0.08840982615947723, "acc": 0.9722493290901184, "length": 3.999999523162842, "mode": "train", "epoch": 85}
{"loss": 0.13130198419094086, "acc": 0.9654454588890076, "length": 4.0, "mode": "test", "epoch": 85}
{"loss": 0.08365319669246674, "acc": 0.9731591939926147, "length": 3.999999761581421, "mode": "train", "epoch": 86}
{"loss": 0.1352153718471527, "acc": 0.9580557942390442, "length": 4.0, "mode": "test", "epoch": 86}
{"loss": 0.0993618443608284, "acc": 0.9684076905250549, "length": 3.999998092651367, "mode": "train", "epoch": 87}
{"loss": 0.13025341928005219, "acc": 0.9622189998626709, "length": 4.0, "mode": "test", "epoch": 87}
{"loss": 0.09198804199695587, "acc": 0.9706376194953918, "length": 3.999997854232788, "mode": "train", "epoch": 88}
{"loss": 0.11765654385089874, "acc": 0.963509738445282, "length": 4.0, "mode": "test", "epoch": 88}
{"loss": 0.08593501150608063, "acc": 0.9735690355300903, "length": 3.9999988079071045, "mode": "train", "epoch": 89}
{"loss": 0.11181391775608063, "acc": 0.9647793173789978, "length": 4.0, "mode": "test", "epoch": 89}
{"loss": 0.08137495070695877, "acc": 0.9735966324806213, "length": 3.9999966621398926, "mode": "train", "epoch": 90}
{"loss": 0.11372780054807663, "acc": 0.9667776823043823, "length": 4.0, "mode": "test", "epoch": 90}
{"loss": 0.08624120056629181, "acc": 0.9715685844421387, "length": 3.999999761581421, "mode": "train", "epoch": 91}
{"loss": 0.1269116848707199, "acc": 0.9615527391433716, "length": 4.0, "mode": "test", "epoch": 91}
{"loss": 0.08539091795682907, "acc": 0.9714239239692688, "length": 3.9998950958251953, "mode": "train", "epoch": 92}
{"loss": 0.11734451353549957, "acc": 0.9666528701782227, "length": 4.0, "mode": "test", "epoch": 92}
{"loss": 0.07289013266563416, "acc": 0.9761669635772705, "length": 3.999999761581421, "mode": "train", "epoch": 93}
{"loss": 0.11372381448745728, "acc": 0.9664655327796936, "length": 4.0, "mode": "test", "epoch": 93}
{"loss": 0.07957969605922699, "acc": 0.9753118753433228, "length": 3.9999845027923584, "mode": "train", "epoch": 94}
{"loss": 0.12205953896045685, "acc": 0.9656329154968262, "length": 4.0, "mode": "test", "epoch": 94}
{"loss": 0.07957199215888977, "acc": 0.9750208854675293, "length": 3.999999523162842, "mode": "train", "epoch": 95}
{"loss": 0.13204890489578247, "acc": 0.960199773311615, "length": 4.0, "mode": "test", "epoch": 95}
{"loss": 0.0745944157242775, "acc": 0.9759517312049866, "length": 3.999999761581421, "mode": "train", "epoch": 96}
{"loss": 0.09658375382423401, "acc": 0.9724812507629395, "length": 4.0, "mode": "test", "epoch": 96}
{"loss": 0.06849062442779541, "acc": 0.9785142540931702, "length": 3.9999923706054688, "mode": "train", "epoch": 97}
{"loss": 0.10025707632303238, "acc": 0.9727935791015625, "length": 4.0, "mode": "test", "epoch": 97}
{"loss": 0.07157284021377563, "acc": 0.9771533608436584, "length": 3.999999523162842, "mode": "train", "epoch": 98}
{"loss": 0.12017029523849487, "acc": 0.9686926603317261, "length": 4.0, "mode": "test", "epoch": 98}
{"loss": 0.06938370317220688, "acc": 0.9775772094726562, "length": 3.999997854232788, "mode": "train", "epoch": 99}
{"loss": 0.1000133752822876, "acc": 0.9720233082771301, "length": 4.0, "mode": "test", "epoch": 99}
{"loss": 0.06647425889968872, "acc": 0.9795565605163574, "length": 3.999997854232788, "mode": "train", "epoch": 100}
{"loss": 0.10859496891498566, "acc": 0.9700666666030884, "length": 4.0, "mode": "test", "epoch": 100}
test accuracy: 0.5808959603309631
