# ["--attributes=3", "--values=4", "--game_size=20", "--vocab_size_factor=3", "--n_epochs=100", "--batch_size=128", "--learning_rate=0.001", "--hidden_size=256", "--temp_update=0.99", "--temperature=2"]
Creating train_ds and val_ds...

Creating test_ds...
{"loss": 0.7021333575248718, "acc": 0.507148802280426, "length": 1.8593989610671997, "mode": "train", "epoch": 1}
{"loss": 0.6927165985107422, "acc": 0.527231752872467, "length": 1.0, "mode": "test", "epoch": 1}
{"loss": 0.6724991202354431, "acc": 0.5791835784912109, "length": 1.6589093208312988, "mode": "train", "epoch": 2}
{"loss": 0.6040635108947754, "acc": 0.6852265000343323, "length": 2.690417766571045, "mode": "test", "epoch": 2}
{"loss": 0.5663633942604065, "acc": 0.7099194526672363, "length": 2.762857675552368, "mode": "train", "epoch": 3}
{"loss": 0.535327136516571, "acc": 0.7438207268714905, "length": 2.8378379344940186, "mode": "test", "epoch": 3}
{"loss": 0.5222991704940796, "acc": 0.7507107853889465, "length": 2.7210354804992676, "mode": "train", "epoch": 4}
{"loss": 0.5080305337905884, "acc": 0.7750589847564697, "length": 2.687960624694824, "mode": "test", "epoch": 4}
{"loss": 0.4661666452884674, "acc": 0.7881283164024353, "length": 3.010138988494873, "mode": "train", "epoch": 5}
{"loss": 0.42586469650268555, "acc": 0.8112136125564575, "length": 3.393120288848877, "mode": "test", "epoch": 5}
{"loss": 0.3766140043735504, "acc": 0.8379024863243103, "length": 3.5994412899017334, "mode": "train", "epoch": 6}
{"loss": 0.37743255496025085, "acc": 0.8349719643592834, "length": 3.7076168060302734, "mode": "test", "epoch": 6}
{"loss": 0.3199182450771332, "acc": 0.8648566007614136, "length": 3.876772880554199, "mode": "train", "epoch": 7}
{"loss": 0.35193952918052673, "acc": 0.8488738536834717, "length": 4.0, "mode": "test", "epoch": 7}
{"loss": 0.2792366147041321, "acc": 0.885395884513855, "length": 3.9775571823120117, "mode": "train", "epoch": 8}
{"loss": 0.3011786639690399, "acc": 0.8721539974212646, "length": 4.0, "mode": "test", "epoch": 8}
{"loss": 0.25128644704818726, "acc": 0.8996006846427917, "length": 3.984917640686035, "mode": "train", "epoch": 9}
{"loss": 0.278207004070282, "acc": 0.890561044216156, "length": 4.0, "mode": "test", "epoch": 9}
{"loss": 0.2282792329788208, "acc": 0.9084051847457886, "length": 3.9931297302246094, "mode": "train", "epoch": 10}
{"loss": 0.2590892016887665, "acc": 0.903030276298523, "length": 4.0, "mode": "test", "epoch": 10}
{"loss": 0.19970856606960297, "acc": 0.9233427047729492, "length": 3.994784355163574, "mode": "train", "epoch": 11}
{"loss": 0.24019061028957367, "acc": 0.9028871059417725, "length": 4.0, "mode": "test", "epoch": 11}
{"loss": 0.17132654786109924, "acc": 0.9361681342124939, "length": 3.9960978031158447, "mode": "train", "epoch": 12}
{"loss": 0.21768026053905487, "acc": 0.917280912399292, "length": 4.0, "mode": "test", "epoch": 12}
{"loss": 0.14860232174396515, "acc": 0.9458363652229309, "length": 3.996589183807373, "mode": "train", "epoch": 13}
{"loss": 0.21337376534938812, "acc": 0.9234849810600281, "length": 4.0, "mode": "test", "epoch": 13}
{"loss": 0.12551115453243256, "acc": 0.9565448760986328, "length": 3.9974286556243896, "mode": "train", "epoch": 14}
{"loss": 0.1755136102437973, "acc": 0.9348485469818115, "length": 4.0, "mode": "test", "epoch": 14}
{"loss": 0.10840392112731934, "acc": 0.9620252251625061, "length": 3.9979043006896973, "mode": "train", "epoch": 15}
{"loss": 0.17932453751564026, "acc": 0.9383906722068787, "length": 4.0, "mode": "test", "epoch": 15}
{"loss": 0.09606464952230453, "acc": 0.9681116342544556, "length": 3.99835205078125, "mode": "train", "epoch": 16}
{"loss": 0.14870667457580566, "acc": 0.9467649459838867, "length": 4.0, "mode": "test", "epoch": 16}
{"loss": 0.08562137931585312, "acc": 0.9699842929840088, "length": 3.998615026473999, "mode": "train", "epoch": 17}
{"loss": 0.14603470265865326, "acc": 0.9493651390075684, "length": 4.0, "mode": "test", "epoch": 17}
{"loss": 0.0701226219534874, "acc": 0.9761282801628113, "length": 3.998607873916626, "mode": "train", "epoch": 18}
{"loss": 0.12258192151784897, "acc": 0.9587428569793701, "length": 4.0, "mode": "test", "epoch": 18}
{"loss": 0.060936883091926575, "acc": 0.9802206158638, "length": 3.9989380836486816, "mode": "train", "epoch": 19}
{"loss": 0.12293291091918945, "acc": 0.9580057859420776, "length": 4.0, "mode": "test", "epoch": 19}
{"loss": 0.05598045513033867, "acc": 0.9819252490997314, "length": 3.9990615844726562, "mode": "train", "epoch": 20}
{"loss": 0.12873080372810364, "acc": 0.9602989554405212, "length": 4.0, "mode": "test", "epoch": 20}
{"loss": 0.0480140745639801, "acc": 0.984675943851471, "length": 3.9990181922912598, "mode": "train", "epoch": 21}
{"loss": 0.10978265851736069, "acc": 0.9685093760490417, "length": 4.0, "mode": "test", "epoch": 21}
{"loss": 0.04088901728391647, "acc": 0.9865137934684753, "length": 3.999133825302124, "mode": "train", "epoch": 22}
{"loss": 0.10576527565717697, "acc": 0.966400682926178, "length": 4.0, "mode": "test", "epoch": 22}
{"loss": 0.03430738300085068, "acc": 0.9895991086959839, "length": 3.9992611408233643, "mode": "train", "epoch": 23}
{"loss": 0.08306208997964859, "acc": 0.9707000255584717, "length": 4.0, "mode": "test", "epoch": 23}
{"loss": 0.03121078573167324, "acc": 0.9898852705955505, "length": 3.999413013458252, "mode": "train", "epoch": 24}
{"loss": 0.0640668123960495, "acc": 0.9761875867843628, "length": 4.0, "mode": "test", "epoch": 24}
{"loss": 0.02517184242606163, "acc": 0.9927098751068115, "length": 3.999504566192627, "mode": "train", "epoch": 25}
{"loss": 0.0584712028503418, "acc": 0.9796479344367981, "length": 4.0, "mode": "test", "epoch": 25}
{"loss": 0.02471756935119629, "acc": 0.9924887418746948, "length": 3.9995460510253906, "mode": "train", "epoch": 26}
{"loss": 0.07462407648563385, "acc": 0.9728704690933228, "length": 4.0, "mode": "test", "epoch": 26}
{"loss": 0.023496484383940697, "acc": 0.9931882619857788, "length": 3.9995968341827393, "mode": "train", "epoch": 27}
{"loss": 0.05054537206888199, "acc": 0.9846029281616211, "length": 4.0, "mode": "test", "epoch": 27}
{"loss": 0.021713929250836372, "acc": 0.99383145570755, "length": 3.9997222423553467, "mode": "train", "epoch": 28}
{"loss": 0.05958596616983414, "acc": 0.9795658588409424, "length": 4.0, "mode": "test", "epoch": 28}
{"loss": 0.024700980633497238, "acc": 0.9923450946807861, "length": 3.9996566772460938, "mode": "train", "epoch": 29}
{"loss": 0.054413970559835434, "acc": 0.981367826461792, "length": 4.0, "mode": "test", "epoch": 29}
{"loss": 0.020036665722727776, "acc": 0.9942231178283691, "length": 3.999755620956421, "mode": "train", "epoch": 30}
{"loss": 0.04850010201334953, "acc": 0.9827805757522583, "length": 4.0, "mode": "test", "epoch": 30}
{"loss": 0.017383849248290062, "acc": 0.9960766434669495, "length": 3.999776840209961, "mode": "train", "epoch": 31}
{"loss": 0.04752407595515251, "acc": 0.9857698678970337, "length": 4.0, "mode": "test", "epoch": 31}
{"loss": 0.013266465626657009, "acc": 0.9970691204071045, "length": 3.9998116493225098, "mode": "train", "epoch": 32}
{"loss": 0.030031437054276466, "acc": 0.9894551634788513, "length": 4.0, "mode": "test", "epoch": 32}
{"loss": 0.010373012162744999, "acc": 0.9981158375740051, "length": 3.9998319149017334, "mode": "train", "epoch": 33}
{"loss": 0.04892895743250847, "acc": 0.986261248588562, "length": 4.0, "mode": "test", "epoch": 33}
{"loss": 0.018738437443971634, "acc": 0.9949012994766235, "length": 3.9998748302459717, "mode": "train", "epoch": 34}
{"loss": 0.03404476121068001, "acc": 0.9907044768333435, "length": 4.0, "mode": "test", "epoch": 34}
{"loss": 0.011851182207465172, "acc": 0.9969101548194885, "length": 3.9998695850372314, "mode": "train", "epoch": 35}
{"loss": 0.0971018597483635, "acc": 0.9734642505645752, "length": 4.0, "mode": "test", "epoch": 35}
{"loss": 0.019467730075120926, "acc": 0.9946144223213196, "length": 3.999877452850342, "mode": "train", "epoch": 36}
{"loss": 0.048438336700201035, "acc": 0.9846027493476868, "length": 4.0, "mode": "test", "epoch": 36}
{"loss": 0.020123416557908058, "acc": 0.9946421980857849, "length": 3.9998815059661865, "mode": "train", "epoch": 37}
{"loss": 0.05749751999974251, "acc": 0.9872031211853027, "length": 4.0, "mode": "test", "epoch": 37}
{"loss": 0.013827134855091572, "acc": 0.9960622191429138, "length": 3.9998459815979004, "mode": "train", "epoch": 38}
{"loss": 0.05005379393696785, "acc": 0.9881654977798462, "length": 4.0, "mode": "test", "epoch": 38}
{"loss": 0.009006946347653866, "acc": 0.9984222650527954, "length": 3.9999070167541504, "mode": "train", "epoch": 39}
{"loss": 0.038498569279909134, "acc": 0.9880834817886353, "length": 4.0, "mode": "test", "epoch": 39}
{"loss": 0.008786418475210667, "acc": 0.9981899857521057, "length": 3.9999020099639893, "mode": "train", "epoch": 40}
{"loss": 0.017337925732135773, "acc": 0.995802640914917, "length": 4.0, "mode": "test", "epoch": 40}
{"loss": 0.011547750793397427, "acc": 0.9970281720161438, "length": 3.999903917312622, "mode": "train", "epoch": 41}
{"loss": 0.03261544927954674, "acc": 0.9904381036758423, "length": 4.0, "mode": "test", "epoch": 41}
{"loss": 0.007893944159150124, "acc": 0.9984926581382751, "length": 3.9999377727508545, "mode": "train", "epoch": 42}
{"loss": 0.02042541652917862, "acc": 0.9951678514480591, "length": 4.0, "mode": "test", "epoch": 42}
{"loss": 0.005676071159541607, "acc": 0.9989032745361328, "length": 3.999948501586914, "mode": "train", "epoch": 43}
{"loss": 0.017185334116220474, "acc": 0.996273398399353, "length": 4.0, "mode": "test", "epoch": 43}
{"loss": 0.006608779542148113, "acc": 0.9988551735877991, "length": 3.9999423027038574, "mode": "train", "epoch": 44}
{"loss": 0.02529062330722809, "acc": 0.9948198795318604, "length": 4.0, "mode": "test", "epoch": 44}
{"loss": 0.007079191040247679, "acc": 0.9985883235931396, "length": 3.9999358654022217, "mode": "train", "epoch": 45}
{"loss": 0.017475122585892677, "acc": 0.9966627359390259, "length": 4.0, "mode": "test", "epoch": 45}
{"loss": 0.006208654027432203, "acc": 0.9987663626670837, "length": 3.999884605407715, "mode": "train", "epoch": 46}
{"loss": 0.01628592610359192, "acc": 0.9963759779930115, "length": 4.0, "mode": "test", "epoch": 46}
{"loss": 0.004574325866997242, "acc": 0.9991843104362488, "length": 3.9999642372131348, "mode": "train", "epoch": 47}
{"loss": 0.017799243330955505, "acc": 0.9956797361373901, "length": 4.0, "mode": "test", "epoch": 47}
{"loss": 0.008411177434027195, "acc": 0.9981444478034973, "length": 3.999945878982544, "mode": "train", "epoch": 48}
{"loss": 0.02000672183930874, "acc": 0.9960891604423523, "length": 4.0, "mode": "test", "epoch": 48}
{"loss": 0.026513561606407166, "acc": 0.992188036441803, "length": 3.9999592304229736, "mode": "train", "epoch": 49}
{"loss": 0.05387566611170769, "acc": 0.9890048503875732, "length": 4.0, "mode": "test", "epoch": 49}
{"loss": 0.02024879679083824, "acc": 0.9941493272781372, "length": 3.9999682903289795, "mode": "train", "epoch": 50}
{"loss": 0.02890334092080593, "acc": 0.9944103360176086, "length": 4.0, "mode": "test", "epoch": 50}
{"loss": 0.01791485957801342, "acc": 0.9954312443733215, "length": 3.9999189376831055, "mode": "train", "epoch": 51}
{"loss": 0.02523399330675602, "acc": 0.9927723407745361, "length": 4.0, "mode": "test", "epoch": 51}
{"loss": 0.009953651577234268, "acc": 0.9972031116485596, "length": 3.999962568283081, "mode": "train", "epoch": 52}
{"loss": 0.015630124136805534, "acc": 0.9963757991790771, "length": 4.0, "mode": "test", "epoch": 52}
{"loss": 0.006164247170090675, "acc": 0.9986796975135803, "length": 3.9999752044677734, "mode": "train", "epoch": 53}
{"loss": 0.01513259019702673, "acc": 0.9970721006393433, "length": 4.0, "mode": "test", "epoch": 53}
{"loss": 0.00302971457131207, "acc": 0.9996227025985718, "length": 3.9999749660491943, "mode": "train", "epoch": 54}
{"loss": 0.014995217323303223, "acc": 0.9969286322593689, "length": 4.0, "mode": "test", "epoch": 54}
{"loss": 0.004081761930137873, "acc": 0.9991375803947449, "length": 3.9999756813049316, "mode": "train", "epoch": 55}
{"loss": 0.012528452090919018, "acc": 0.9972152709960938, "length": 4.0, "mode": "test", "epoch": 55}
{"loss": 0.002685735234990716, "acc": 0.9997528195381165, "length": 3.999981164932251, "mode": "train", "epoch": 56}
{"loss": 0.011768894270062447, "acc": 0.9977681636810303, "length": 4.0, "mode": "test", "epoch": 56}
{"loss": 0.00338093563914299, "acc": 0.9992478489875793, "length": 3.9999914169311523, "mode": "train", "epoch": 57}
{"loss": 0.027690786868333817, "acc": 0.994901716709137, "length": 4.0, "mode": "test", "epoch": 57}
{"loss": 0.018184300512075424, "acc": 0.9955170154571533, "length": 3.999986171722412, "mode": "train", "epoch": 58}
{"loss": 0.028322866186499596, "acc": 0.9880016446113586, "length": 4.0, "mode": "test", "epoch": 58}
{"loss": 0.01686369627714157, "acc": 0.9957284331321716, "length": 3.9999845027923584, "mode": "train", "epoch": 59}
{"loss": 0.017343496903777122, "acc": 0.9943897724151611, "length": 4.0, "mode": "test", "epoch": 59}
{"loss": 0.01553390920162201, "acc": 0.9957014322280884, "length": 3.9999852180480957, "mode": "train", "epoch": 60}
{"loss": 0.05208823084831238, "acc": 0.9875102639198303, "length": 4.0, "mode": "test", "epoch": 60}
{"loss": 0.027342872694134712, "acc": 0.9925997257232666, "length": 3.9999897480010986, "mode": "train", "epoch": 61}
{"loss": 0.01557146292179823, "acc": 0.9957616329193115, "length": 4.0, "mode": "test", "epoch": 61}
{"loss": 0.01114895660430193, "acc": 0.9975864291191101, "length": 3.999976396560669, "mode": "train", "epoch": 62}
{"loss": 0.010419784113764763, "acc": 0.9974610209465027, "length": 4.0, "mode": "test", "epoch": 62}
{"loss": 0.0060371593572199345, "acc": 0.9986261129379272, "length": 3.9999923706054688, "mode": "train", "epoch": 63}
{"loss": 0.008891346864402294, "acc": 0.9979116320610046, "length": 4.0, "mode": "test", "epoch": 63}
{"loss": 0.006176735740154982, "acc": 0.9990530610084534, "length": 3.999948740005493, "mode": "train", "epoch": 64}
{"loss": 0.015426866710186005, "acc": 0.9977477192878723, "length": 4.0, "mode": "test", "epoch": 64}
{"loss": 0.007929086685180664, "acc": 0.9976014494895935, "length": 3.9999964237213135, "mode": "train", "epoch": 65}
{"loss": 0.01914622075855732, "acc": 0.9966010451316833, "length": 4.0, "mode": "test", "epoch": 65}
{"loss": 0.006482624914497137, "acc": 0.9987969994544983, "length": 3.999993324279785, "mode": "train", "epoch": 66}
{"loss": 0.005884413607418537, "acc": 0.9988943934440613, "length": 4.0, "mode": "test", "epoch": 66}
{"loss": 0.006912531331181526, "acc": 0.9985511302947998, "length": 3.9999947547912598, "mode": "train", "epoch": 67}
{"loss": 0.03745923563838005, "acc": 0.9925470352172852, "length": 4.0, "mode": "test", "epoch": 67}
{"loss": 0.016559762880206108, "acc": 0.9955173134803772, "length": 3.999993085861206, "mode": "train", "epoch": 68}
{"loss": 0.018218133598566055, "acc": 0.9960072636604309, "length": 4.0, "mode": "test", "epoch": 68}
{"loss": 0.007818976417183876, "acc": 0.9980249404907227, "length": 3.999993324279785, "mode": "train", "epoch": 69}
{"loss": 0.012918934226036072, "acc": 0.9962531328201294, "length": 4.0, "mode": "test", "epoch": 69}
{"loss": 0.004773218650370836, "acc": 0.999302864074707, "length": 3.9999959468841553, "mode": "train", "epoch": 70}
{"loss": 0.016308626160025597, "acc": 0.9972766637802124, "length": 4.0, "mode": "test", "epoch": 70}
{"loss": 0.008439663797616959, "acc": 0.9977790713310242, "length": 3.999995231628418, "mode": "train", "epoch": 71}
{"loss": 0.01965377852320671, "acc": 0.9963964819908142, "length": 4.0, "mode": "test", "epoch": 71}
{"loss": 0.0059870085678994656, "acc": 0.9986810088157654, "length": 3.9999964237213135, "mode": "train", "epoch": 72}
{"loss": 0.008050179108977318, "acc": 0.9986076354980469, "length": 4.0, "mode": "test", "epoch": 72}
{"loss": 0.0020996800158172846, "acc": 0.9997469782829285, "length": 3.99999737739563, "mode": "train", "epoch": 73}
{"loss": 0.007130644749850035, "acc": 0.9989557266235352, "length": 4.0, "mode": "test", "epoch": 73}
{"loss": 0.0022667101584374905, "acc": 0.9994737505912781, "length": 3.9999983310699463, "mode": "train", "epoch": 74}
{"loss": 0.009942110627889633, "acc": 0.9987714886665344, "length": 4.0, "mode": "test", "epoch": 74}
{"loss": 0.007693700026720762, "acc": 0.9985445141792297, "length": 3.999997615814209, "mode": "train", "epoch": 75}
{"loss": 0.006209859624505043, "acc": 0.9988124966621399, "length": 4.0, "mode": "test", "epoch": 75}
{"loss": 0.0021993075497448444, "acc": 0.9997199177742004, "length": 3.9999983310699463, "mode": "train", "epoch": 76}
{"loss": 0.010467253625392914, "acc": 0.9982799887657166, "length": 4.0, "mode": "test", "epoch": 76}
{"loss": 0.004721838515251875, "acc": 0.9989954233169556, "length": 3.9999985694885254, "mode": "train", "epoch": 77}
{"loss": 0.015976406633853912, "acc": 0.997092604637146, "length": 4.0, "mode": "test", "epoch": 77}
{"loss": 0.007853630930185318, "acc": 0.9976904988288879, "length": 3.99999737739563, "mode": "train", "epoch": 78}
{"loss": 0.010863705538213253, "acc": 0.9983618855476379, "length": 4.0, "mode": "test", "epoch": 78}
{"loss": 0.01650257594883442, "acc": 0.996160089969635, "length": 3.999997615814209, "mode": "train", "epoch": 79}
{"loss": 0.03276066109538078, "acc": 0.9952292442321777, "length": 4.0, "mode": "test", "epoch": 79}
{"loss": 0.018726451322436333, "acc": 0.9947253465652466, "length": 3.999999523162842, "mode": "train", "epoch": 80}
{"loss": 0.014610009267926216, "acc": 0.9964577555656433, "length": 4.0, "mode": "test", "epoch": 80}
{"loss": 0.009669635444879532, "acc": 0.9977589249610901, "length": 3.9999990463256836, "mode": "train", "epoch": 81}
{"loss": 0.015290050767362118, "acc": 0.9974610209465027, "length": 4.0, "mode": "test", "epoch": 81}
{"loss": 0.01167762279510498, "acc": 0.9973418116569519, "length": 3.9999947547912598, "mode": "train", "epoch": 82}
{"loss": 0.03103668801486492, "acc": 0.9946150183677673, "length": 4.0, "mode": "test", "epoch": 82}
{"loss": 0.018646348267793655, "acc": 0.9960707426071167, "length": 3.9999914169311523, "mode": "train", "epoch": 83}
{"loss": 0.03946728631854057, "acc": 0.9917076230049133, "length": 4.0, "mode": "test", "epoch": 83}
{"loss": 0.03200099244713783, "acc": 0.9917733669281006, "length": 3.9999942779541016, "mode": "train", "epoch": 84}
{"loss": 0.11041998863220215, "acc": 0.9722974300384521, "length": 4.0, "mode": "test", "epoch": 84}
{"loss": 0.04718547314405441, "acc": 0.9878107309341431, "length": 3.999997854232788, "mode": "train", "epoch": 85}
{"loss": 0.04746096208691597, "acc": 0.9896191358566284, "length": 4.0, "mode": "test", "epoch": 85}
{"loss": 0.03178522735834122, "acc": 0.9928256869316101, "length": 3.9999961853027344, "mode": "train", "epoch": 86}
{"loss": 0.029514599591493607, "acc": 0.9935709834098816, "length": 4.0, "mode": "test", "epoch": 86}
{"loss": 0.021440088748931885, "acc": 0.9940897822380066, "length": 3.999997138977051, "mode": "train", "epoch": 87}
{"loss": 0.023481838405132294, "acc": 0.994533121585846, "length": 4.0, "mode": "test", "epoch": 87}
{"loss": 0.016229456290602684, "acc": 0.9958250522613525, "length": 3.9999961853027344, "mode": "train", "epoch": 88}
{"loss": 0.01773567497730255, "acc": 0.9954748749732971, "length": 4.0, "mode": "test", "epoch": 88}
{"loss": 0.006985723506659269, "acc": 0.9981687068939209, "length": 3.9999983310699463, "mode": "train", "epoch": 89}
{"loss": 0.013735025189816952, "acc": 0.9980753660202026, "length": 4.0, "mode": "test", "epoch": 89}
{"loss": 0.00575763825327158, "acc": 0.9986122846603394, "length": 3.999988555908203, "mode": "train", "epoch": 90}
{"loss": 0.008985474705696106, "acc": 0.9984643459320068, "length": 4.0, "mode": "test", "epoch": 90}
{"loss": 0.003431081771850586, "acc": 0.9992889761924744, "length": 3.999995231628418, "mode": "train", "epoch": 91}
{"loss": 0.01301285158842802, "acc": 0.9978295564651489, "length": 4.0, "mode": "test", "epoch": 91}
{"loss": 0.004543800372630358, "acc": 0.9988040924072266, "length": 3.999998092651367, "mode": "train", "epoch": 92}
{"loss": 0.012842747382819653, "acc": 0.9981571435928345, "length": 4.0, "mode": "test", "epoch": 92}
{"loss": 0.0032399992924183607, "acc": 0.999474287033081, "length": 3.9998555183410645, "mode": "train", "epoch": 93}
{"loss": 0.009526935406029224, "acc": 0.9983823895454407, "length": 4.0, "mode": "test", "epoch": 93}
{"loss": 0.0025211141910403967, "acc": 0.9995899200439453, "length": 3.9999990463256836, "mode": "train", "epoch": 94}
{"loss": 0.010604812763631344, "acc": 0.9983006119728088, "length": 4.0, "mode": "test", "epoch": 94}
{"loss": 0.0029263643082231283, "acc": 0.9994122982025146, "length": 3.9999990463256836, "mode": "train", "epoch": 95}
{"loss": 0.012524465098977089, "acc": 0.9980752468109131, "length": 4.0, "mode": "test", "epoch": 95}
{"loss": 0.0019200467504560947, "acc": 0.9998360872268677, "length": 4.0, "mode": "train", "epoch": 96}
{"loss": 0.011800440028309822, "acc": 0.9979525804519653, "length": 4.0, "mode": "test", "epoch": 96}
{"loss": 0.001633985317312181, "acc": 0.9997744560241699, "length": 3.999999523162842, "mode": "train", "epoch": 97}
{"loss": 0.011561841703951359, "acc": 0.9981983304023743, "length": 4.0, "mode": "test", "epoch": 97}
{"loss": 0.002909300150349736, "acc": 0.9993098974227905, "length": 4.0, "mode": "train", "epoch": 98}
{"loss": 0.01861109398305416, "acc": 0.9969492554664612, "length": 4.0, "mode": "test", "epoch": 98}
{"loss": 0.006213293876498938, "acc": 0.9989674687385559, "length": 3.9999890327453613, "mode": "train", "epoch": 99}
{"loss": 0.014667689800262451, "acc": 0.9976659417152405, "length": 4.0, "mode": "test", "epoch": 99}
{"loss": 0.011279980652034283, "acc": 0.9966384768486023, "length": 4.0, "mode": "train", "epoch": 100}
{"loss": 0.014246362261474133, "acc": 0.9970105290412903, "length": 4.0, "mode": "test", "epoch": 100}
test accuracy: 0.8339955806732178
