# ["--attributes=3", "--values=4", "--game_size=10", "--vocab_size_factor=3", "--n_epochs=100", "--batch_size=32", "--learning_rate=0.0005", "--hidden_size=256", "--temp_update=0.97", "--temperature=1.5"]
Creating train_ds and val_ds...

Creating test_ds...
{"loss": 0.6837617754936218, "acc": 0.5444848537445068, "length": 2.642770528793335, "mode": "train", "epoch": 1}
{"loss": 0.6164863109588623, "acc": 0.6719135642051697, "length": 2.5526316165924072, "mode": "test", "epoch": 1}
{"loss": 0.5436100363731384, "acc": 0.7314803600311279, "length": 2.991741895675659, "mode": "train", "epoch": 2}
{"loss": 0.5037036538124084, "acc": 0.7927811145782471, "length": 3.393092155456543, "mode": "test", "epoch": 2}
{"loss": 0.4389975666999817, "acc": 0.805134117603302, "length": 3.4819297790527344, "mode": "train", "epoch": 3}
{"loss": 0.40170472860336304, "acc": 0.8381680846214294, "length": 3.768092155456543, "mode": "test", "epoch": 3}
{"loss": 0.36088380217552185, "acc": 0.8477561473846436, "length": 3.7461764812469482, "mode": "train", "epoch": 4}
{"loss": 0.37526434659957886, "acc": 0.8582571148872375, "length": 3.9407894611358643, "mode": "test", "epoch": 4}
{"loss": 0.3213503062725067, "acc": 0.8717498183250427, "length": 3.8488454818725586, "mode": "train", "epoch": 5}
{"loss": 0.3503821790218353, "acc": 0.8661261200904846, "length": 3.92927622795105, "mode": "test", "epoch": 5}
{"loss": 0.300880491733551, "acc": 0.8797832727432251, "length": 3.8679587841033936, "mode": "train", "epoch": 6}
{"loss": 0.32955360412597656, "acc": 0.8704873323440552, "length": 3.9309210777282715, "mode": "test", "epoch": 6}
{"loss": 0.2753644287586212, "acc": 0.8968307375907898, "length": 3.9063315391540527, "mode": "train", "epoch": 7}
{"loss": 0.287666916847229, "acc": 0.8978027701377869, "length": 3.9934210777282715, "mode": "test", "epoch": 7}
{"loss": 0.25372761487960815, "acc": 0.9063649773597717, "length": 3.92183256149292, "mode": "train", "epoch": 8}
{"loss": 0.2675336003303528, "acc": 0.9040141105651855, "length": 3.963815689086914, "mode": "test", "epoch": 8}
{"loss": 0.2374701201915741, "acc": 0.9116379618644714, "length": 3.925213575363159, "mode": "train", "epoch": 9}
{"loss": 0.27156418561935425, "acc": 0.9005061984062195, "length": 3.981907844543457, "mode": "test", "epoch": 9}
{"loss": 0.22679834067821503, "acc": 0.9160498380661011, "length": 3.9236226081848145, "mode": "train", "epoch": 10}
{"loss": 0.24836161732673645, "acc": 0.9082468748092651, "length": 3.9375, "mode": "test", "epoch": 10}
{"loss": 0.20474527776241302, "acc": 0.923462986946106, "length": 3.9272875785827637, "mode": "train", "epoch": 11}
{"loss": 0.23432640731334686, "acc": 0.9188836812973022, "length": 3.973684310913086, "mode": "test", "epoch": 11}
{"loss": 0.20380990207195282, "acc": 0.9259564280509949, "length": 3.928210973739624, "mode": "train", "epoch": 12}
{"loss": 0.22533883154392242, "acc": 0.9191251993179321, "length": 3.963815689086914, "mode": "test", "epoch": 12}
{"loss": 0.19128623604774475, "acc": 0.9315669536590576, "length": 3.941844940185547, "mode": "train", "epoch": 13}
{"loss": 0.21981856226921082, "acc": 0.9199038147926331, "length": 3.9753289222717285, "mode": "test", "epoch": 13}
{"loss": 0.17969202995300293, "acc": 0.9338369369506836, "length": 3.921342134475708, "mode": "train", "epoch": 14}
{"loss": 0.18755380809307098, "acc": 0.9304532408714294, "length": 3.9473683834075928, "mode": "test", "epoch": 14}
{"loss": 0.1800885796546936, "acc": 0.9333876371383667, "length": 3.933104991912842, "mode": "train", "epoch": 15}
{"loss": 0.19254617393016815, "acc": 0.9310778379440308, "length": 3.9391448497772217, "mode": "test", "epoch": 15}
{"loss": 0.16332130134105682, "acc": 0.9421982169151306, "length": 3.932161331176758, "mode": "train", "epoch": 16}
{"loss": 0.17281825840473175, "acc": 0.9415064454078674, "length": 3.950657844543457, "mode": "test", "epoch": 16}
{"loss": 0.15166595578193665, "acc": 0.9480786919593811, "length": 3.9277071952819824, "mode": "train", "epoch": 17}
{"loss": 0.1690804660320282, "acc": 0.9396612048149109, "length": 3.963815689086914, "mode": "test", "epoch": 17}
{"loss": 0.14763730764389038, "acc": 0.9473325610160828, "length": 3.9290342330932617, "mode": "train", "epoch": 18}
{"loss": 0.1642010658979416, "acc": 0.9435907602310181, "length": 3.9259867668151855, "mode": "test", "epoch": 18}
{"loss": 0.14624875783920288, "acc": 0.9471479058265686, "length": 3.954516887664795, "mode": "train", "epoch": 19}
{"loss": 0.1732448786497116, "acc": 0.9341411590576172, "length": 3.950657844543457, "mode": "test", "epoch": 19}
{"loss": 0.13711456954479218, "acc": 0.94971764087677, "length": 3.935302257537842, "mode": "train", "epoch": 20}
{"loss": 0.15901625156402588, "acc": 0.9427014589309692, "length": 3.9358551502227783, "mode": "test", "epoch": 20}
{"loss": 0.12989352643489838, "acc": 0.9551628232002258, "length": 3.9352383613586426, "mode": "train", "epoch": 21}
{"loss": 0.14988236129283905, "acc": 0.9506605267524719, "length": 3.9473683834075928, "mode": "test", "epoch": 21}
{"loss": 0.1197488009929657, "acc": 0.9573859572410583, "length": 3.931812047958374, "mode": "train", "epoch": 22}
{"loss": 0.14180965721607208, "acc": 0.9524363279342651, "length": 3.9473683834075928, "mode": "test", "epoch": 22}
{"loss": 0.1178647130727768, "acc": 0.9594506025314331, "length": 3.931454658508301, "mode": "train", "epoch": 23}
{"loss": 0.11812011897563934, "acc": 0.9610223174095154, "length": 3.9572367668151855, "mode": "test", "epoch": 23}
{"loss": 0.11383014917373657, "acc": 0.9601418375968933, "length": 3.9395248889923096, "mode": "train", "epoch": 24}
{"loss": 0.1675935834646225, "acc": 0.9492599368095398, "length": 3.9490132331848145, "mode": "test", "epoch": 24}
{"loss": 0.11780037730932236, "acc": 0.9592007398605347, "length": 3.9109933376312256, "mode": "train", "epoch": 25}
{"loss": 0.12173409014940262, "acc": 0.9637156128883362, "length": 3.94572377204895, "mode": "test", "epoch": 25}
{"loss": 0.1015772670507431, "acc": 0.9657514095306396, "length": 3.9344921112060547, "mode": "train", "epoch": 26}
{"loss": 0.12387961894273758, "acc": 0.9614027142524719, "length": 3.919407844543457, "mode": "test", "epoch": 26}
{"loss": 0.09897349774837494, "acc": 0.9658929109573364, "length": 3.9324233531951904, "mode": "train", "epoch": 27}
{"loss": 0.12256963551044464, "acc": 0.9580593109130859, "length": 3.9276316165924072, "mode": "test", "epoch": 27}
{"loss": 0.08903848379850388, "acc": 0.9712917804718018, "length": 3.9340708255767822, "mode": "train", "epoch": 28}
{"loss": 0.10470377653837204, "acc": 0.9740594625473022, "length": 3.9621710777282715, "mode": "test", "epoch": 28}
{"loss": 0.08317665010690689, "acc": 0.9713768362998962, "length": 3.9475762844085693, "mode": "train", "epoch": 29}
{"loss": 0.10255947709083557, "acc": 0.9694103598594666, "length": 3.9901316165924072, "mode": "test", "epoch": 29}
{"loss": 0.08267922699451447, "acc": 0.9719663262367249, "length": 3.968258857727051, "mode": "train", "epoch": 30}
{"loss": 0.09273982048034668, "acc": 0.9718080759048462, "length": 3.9703948497772217, "mode": "test", "epoch": 30}
{"loss": 0.08239874988794327, "acc": 0.9733486175537109, "length": 3.942186117172241, "mode": "train", "epoch": 31}
{"loss": 0.1163492202758789, "acc": 0.9668148159980774, "length": 3.9588816165924072, "mode": "test", "epoch": 31}
{"loss": 0.08301045745611191, "acc": 0.9720945954322815, "length": 3.9434051513671875, "mode": "train", "epoch": 32}
{"loss": 0.10517445206642151, "acc": 0.9684826731681824, "length": 3.9342105388641357, "mode": "test", "epoch": 32}
{"loss": 0.09341731667518616, "acc": 0.9690773487091064, "length": 3.925262928009033, "mode": "train", "epoch": 33}
{"loss": 0.1538345366716385, "acc": 0.9521356821060181, "length": 3.92927622795105, "mode": "test", "epoch": 33}
{"loss": 0.09428025037050247, "acc": 0.9684708118438721, "length": 3.911755323410034, "mode": "train", "epoch": 34}
{"loss": 0.08519214391708374, "acc": 0.9699115753173828, "length": 3.9572367668151855, "mode": "test", "epoch": 34}
{"loss": 0.10652559250593185, "acc": 0.9652935266494751, "length": 3.9279327392578125, "mode": "train", "epoch": 35}
{"loss": 0.12800650298595428, "acc": 0.9584165811538696, "length": 3.9407894611358643, "mode": "test", "epoch": 35}
{"loss": 0.10717136412858963, "acc": 0.9635664224624634, "length": 3.9291939735412598, "mode": "train", "epoch": 36}
{"loss": 0.13015978038311005, "acc": 0.9580438733100891, "length": 3.9572367668151855, "mode": "test", "epoch": 36}
{"loss": 0.10566205531358719, "acc": 0.9633703231811523, "length": 3.930555582046509, "mode": "train", "epoch": 37}
{"loss": 0.11551125347614288, "acc": 0.9640341401100159, "length": 3.9539473056793213, "mode": "test", "epoch": 37}
{"loss": 0.08866702020168304, "acc": 0.9704707264900208, "length": 3.936086416244507, "mode": "train", "epoch": 38}
{"loss": 0.09881535172462463, "acc": 0.9715304970741272, "length": 3.9703948497772217, "mode": "test", "epoch": 38}
{"loss": 0.08916497230529785, "acc": 0.9696385860443115, "length": 3.9391584396362305, "mode": "train", "epoch": 39}
{"loss": 0.09836824238300323, "acc": 0.9694104194641113, "length": 3.96875, "mode": "test", "epoch": 39}
{"loss": 0.09057963639497757, "acc": 0.9693348407745361, "length": 3.945241689682007, "mode": "train", "epoch": 40}
{"loss": 0.07953676581382751, "acc": 0.9730468392372131, "length": 3.950657844543457, "mode": "test", "epoch": 40}
{"loss": 0.07513244450092316, "acc": 0.9748824834823608, "length": 3.9331471920013428, "mode": "train", "epoch": 41}
{"loss": 0.07074128091335297, "acc": 0.9777575135231018, "length": 3.9671051502227783, "mode": "test", "epoch": 41}
{"loss": 0.07630226761102676, "acc": 0.9740610718727112, "length": 3.9307444095611572, "mode": "train", "epoch": 42}
{"loss": 0.08570927381515503, "acc": 0.9733166694641113, "length": 3.9671051502227783, "mode": "test", "epoch": 42}
{"loss": 0.06330699473619461, "acc": 0.9789744019508362, "length": 3.942572832107544, "mode": "train", "epoch": 43}
{"loss": 0.07380339503288269, "acc": 0.9793123006820679, "length": 3.973684310913086, "mode": "test", "epoch": 43}
{"loss": 0.06451798230409622, "acc": 0.9788700938224792, "length": 3.962297201156616, "mode": "train", "epoch": 44}
{"loss": 0.09156305342912674, "acc": 0.9737433195114136, "length": 3.9786183834075928, "mode": "test", "epoch": 44}
{"loss": 0.0746145099401474, "acc": 0.975688099861145, "length": 3.9594719409942627, "mode": "train", "epoch": 45}
{"loss": 0.07361538708209991, "acc": 0.9759457111358643, "length": 3.9621710777282715, "mode": "test", "epoch": 45}
{"loss": 0.058450277894735336, "acc": 0.9817836284637451, "length": 3.9423985481262207, "mode": "train", "epoch": 46}
{"loss": 0.06868547946214676, "acc": 0.9828535318374634, "length": 3.96052622795105, "mode": "test", "epoch": 46}
{"loss": 0.054198089987039566, "acc": 0.9823840856552124, "length": 3.928433656692505, "mode": "train", "epoch": 47}
{"loss": 0.06295032054185867, "acc": 0.9831490516662598, "length": 3.9588816165924072, "mode": "test", "epoch": 47}
{"loss": 0.049716267734766006, "acc": 0.9838741421699524, "length": 3.9324703216552734, "mode": "train", "epoch": 48}
{"loss": 0.06822589039802551, "acc": 0.9804790019989014, "length": 3.942434310913086, "mode": "test", "epoch": 48}
{"loss": 0.0577583983540535, "acc": 0.9827178120613098, "length": 3.9250147342681885, "mode": "train", "epoch": 49}
{"loss": 0.0728532001376152, "acc": 0.9814966320991516, "length": 3.9572367668151855, "mode": "test", "epoch": 49}
{"loss": 0.05280977115035057, "acc": 0.984167754650116, "length": 3.935711145401001, "mode": "train", "epoch": 50}
{"loss": 0.06372737884521484, "acc": 0.9842516183853149, "length": 3.942434310913086, "mode": "test", "epoch": 50}
{"loss": 0.05076365917921066, "acc": 0.9842662811279297, "length": 3.9270153045654297, "mode": "train", "epoch": 51}
{"loss": 0.0715467557311058, "acc": 0.9795486927032471, "length": 3.9490132331848145, "mode": "test", "epoch": 51}
{"loss": 0.050951067358255386, "acc": 0.984468400478363, "length": 3.9347801208496094, "mode": "train", "epoch": 52}
{"loss": 0.060482729226350784, "acc": 0.9826737642288208, "length": 3.955592155456543, "mode": "test", "epoch": 52}
{"loss": 0.04910212382674217, "acc": 0.9843630790710449, "length": 3.933136224746704, "mode": "train", "epoch": 53}
{"loss": 0.05693792551755905, "acc": 0.9793277382850647, "length": 3.950657844543457, "mode": "test", "epoch": 53}
{"loss": 0.054477959871292114, "acc": 0.9839466214179993, "length": 3.9299840927124023, "mode": "train", "epoch": 54}
{"loss": 0.05592651292681694, "acc": 0.9830282330513, "length": 3.9358551502227783, "mode": "test", "epoch": 54}
{"loss": 0.05680283531546593, "acc": 0.9824090600013733, "length": 3.942896604537964, "mode": "train", "epoch": 55}
{"loss": 0.10558579862117767, "acc": 0.9744549989700317, "length": 3.986842155456543, "mode": "test", "epoch": 55}
{"loss": 0.059576380997896194, "acc": 0.9813485145568848, "length": 3.9526472091674805, "mode": "train", "epoch": 56}
{"loss": 0.1055120900273323, "acc": 0.9702251553535461, "length": 3.96875, "mode": "test", "epoch": 56}
{"loss": 0.04982949420809746, "acc": 0.9850442409515381, "length": 3.9508373737335205, "mode": "train", "epoch": 57}
{"loss": 0.06720127910375595, "acc": 0.981722891330719, "length": 3.9539473056793213, "mode": "test", "epoch": 57}
{"loss": 0.048879072070121765, "acc": 0.9863388538360596, "length": 3.9451441764831543, "mode": "train", "epoch": 58}
{"loss": 0.0683947280049324, "acc": 0.9805639386177063, "length": 3.9588816165924072, "mode": "test", "epoch": 58}
{"loss": 0.042731598019599915, "acc": 0.985572099685669, "length": 3.9469029903411865, "mode": "train", "epoch": 59}
{"loss": 0.06767193228006363, "acc": 0.9807231426239014, "length": 3.9588816165924072, "mode": "test", "epoch": 59}
{"loss": 0.047940194606781006, "acc": 0.9843663573265076, "length": 3.9558966159820557, "mode": "train", "epoch": 60}
{"loss": 0.09609860926866531, "acc": 0.9786543846130371, "length": 3.9703948497772217, "mode": "test", "epoch": 60}
{"loss": 0.05071748048067093, "acc": 0.9856453537940979, "length": 3.941816806793213, "mode": "train", "epoch": 61}
{"loss": 0.06809332221746445, "acc": 0.9810237884521484, "length": 3.950657844543457, "mode": "test", "epoch": 61}
{"loss": 0.04540855810046196, "acc": 0.9864862561225891, "length": 3.933927059173584, "mode": "train", "epoch": 62}
{"loss": 0.07639915496110916, "acc": 0.9780504107475281, "length": 3.9391448497772217, "mode": "test", "epoch": 62}
{"loss": 0.042735978960990906, "acc": 0.9875460267066956, "length": 3.934907913208008, "mode": "train", "epoch": 63}
{"loss": 0.07570020854473114, "acc": 0.9786388874053955, "length": 3.9703948497772217, "mode": "test", "epoch": 63}
{"loss": 0.04784150421619415, "acc": 0.9865785837173462, "length": 3.9482767581939697, "mode": "train", "epoch": 64}
{"loss": 0.05320441722869873, "acc": 0.9880190491676331, "length": 3.9621710777282715, "mode": "test", "epoch": 64}
{"loss": 0.03514770790934563, "acc": 0.9896752238273621, "length": 3.952619791030884, "mode": "train", "epoch": 65}
{"loss": 0.05583251640200615, "acc": 0.9888440370559692, "length": 3.96875, "mode": "test", "epoch": 65}
{"loss": 0.037054695188999176, "acc": 0.988629937171936, "length": 3.9511005878448486, "mode": "train", "epoch": 66}
{"loss": 0.04212670773267746, "acc": 0.9899130463600159, "length": 3.9572367668151855, "mode": "test", "epoch": 66}
{"loss": 0.036580462008714676, "acc": 0.9881611466407776, "length": 3.946160078048706, "mode": "train", "epoch": 67}
{"loss": 0.056841637939214706, "acc": 0.9862304329872131, "length": 3.942434310913086, "mode": "test", "epoch": 67}
{"loss": 0.03013427183032036, "acc": 0.9922721982002258, "length": 3.930335283279419, "mode": "train", "epoch": 68}
{"loss": 0.05422103404998779, "acc": 0.986083984375, "length": 3.9671051502227783, "mode": "test", "epoch": 68}
{"loss": 0.02697676606476307, "acc": 0.9932926297187805, "length": 3.9474823474884033, "mode": "train", "epoch": 69}
{"loss": 0.050310585647821426, "acc": 0.9877080321311951, "length": 3.9671051502227783, "mode": "test", "epoch": 69}
{"loss": 0.022556256502866745, "acc": 0.9933933019638062, "length": 3.94871187210083, "mode": "train", "epoch": 70}
{"loss": 0.054328158497810364, "acc": 0.9892115592956543, "length": 3.9572367668151855, "mode": "test", "epoch": 70}
{"loss": 0.028636841103434563, "acc": 0.9916327595710754, "length": 3.9408230781555176, "mode": "train", "epoch": 71}
{"loss": 0.05600728467106819, "acc": 0.9866366386413574, "length": 3.9654605388641357, "mode": "test", "epoch": 71}
{"loss": 0.02014841139316559, "acc": 0.9945985078811646, "length": 3.9406919479370117, "mode": "train", "epoch": 72}
{"loss": 0.04845570772886276, "acc": 0.9882041811943054, "length": 3.94572377204895, "mode": "test", "epoch": 72}
{"loss": 0.03244991973042488, "acc": 0.9905470609664917, "length": 3.9427177906036377, "mode": "train", "epoch": 73}
{"loss": 0.08187665790319443, "acc": 0.9817845225334167, "length": 3.9654605388641357, "mode": "test", "epoch": 73}
{"loss": 0.03493824601173401, "acc": 0.9894911050796509, "length": 3.930232524871826, "mode": "train", "epoch": 74}
{"loss": 0.04491071403026581, "acc": 0.9905197024345398, "length": 3.9473683834075928, "mode": "test", "epoch": 74}
{"loss": 0.025679687038064003, "acc": 0.9933109879493713, "length": 3.9410197734832764, "mode": "train", "epoch": 75}
{"loss": 0.03893672674894333, "acc": 0.9909231066703796, "length": 3.9588816165924072, "mode": "test", "epoch": 75}
{"loss": 0.027383601292967796, "acc": 0.9921602606773376, "length": 3.941023588180542, "mode": "train", "epoch": 76}
{"loss": 0.0386032871901989, "acc": 0.9910979270935059, "length": 3.9621710777282715, "mode": "test", "epoch": 76}
{"loss": 0.020311834290623665, "acc": 0.994552731513977, "length": 3.9478445053100586, "mode": "train", "epoch": 77}
{"loss": 0.04640571027994156, "acc": 0.9903345704078674, "length": 3.96052622795105, "mode": "test", "epoch": 77}
{"loss": 0.021939238533377647, "acc": 0.9941083788871765, "length": 3.9487063884735107, "mode": "train", "epoch": 78}
{"loss": 0.033720869570970535, "acc": 0.9910489320755005, "length": 3.9720394611358643, "mode": "test", "epoch": 78}
{"loss": 0.019875220954418182, "acc": 0.9944295287132263, "length": 3.9462432861328125, "mode": "train", "epoch": 79}
{"loss": 0.026969652622938156, "acc": 0.9944694638252258, "length": 3.9523026943206787, "mode": "test", "epoch": 79}
{"loss": 0.04636165127158165, "acc": 0.9877744913101196, "length": 3.9327967166900635, "mode": "train", "epoch": 80}
{"loss": 0.07161716371774673, "acc": 0.9831594228744507, "length": 3.955592155456543, "mode": "test", "epoch": 80}
{"loss": 0.07023192197084427, "acc": 0.9807976484298706, "length": 3.930725336074829, "mode": "train", "epoch": 81}
{"loss": 0.09581878036260605, "acc": 0.9756451845169067, "length": 3.9407894611358643, "mode": "test", "epoch": 81}
{"loss": 0.05193343386054039, "acc": 0.9837718605995178, "length": 3.923001527786255, "mode": "train", "epoch": 82}
{"loss": 0.08157936483621597, "acc": 0.9799727201461792, "length": 3.94572377204895, "mode": "test", "epoch": 82}
{"loss": 0.03364456444978714, "acc": 0.9895101189613342, "length": 3.9395101070404053, "mode": "train", "epoch": 83}
{"loss": 0.06528052687644958, "acc": 0.9818668365478516, "length": 3.9407894611358643, "mode": "test", "epoch": 83}
{"loss": 0.03418609872460365, "acc": 0.9900251030921936, "length": 3.935392141342163, "mode": "train", "epoch": 84}
{"loss": 0.07330038398504257, "acc": 0.9838533997535706, "length": 3.9473683834075928, "mode": "test", "epoch": 84}
{"loss": 0.03677599877119064, "acc": 0.9892335534095764, "length": 3.932804822921753, "mode": "train", "epoch": 85}
{"loss": 0.06787347793579102, "acc": 0.9815044403076172, "length": 3.932565689086914, "mode": "test", "epoch": 85}
{"loss": 0.031077267602086067, "acc": 0.9921954274177551, "length": 3.927121162414551, "mode": "train", "epoch": 86}
{"loss": 0.07487966865301132, "acc": 0.9787186980247498, "length": 3.9407894611358643, "mode": "test", "epoch": 86}
{"loss": 0.02696927636861801, "acc": 0.992658257484436, "length": 3.930849552154541, "mode": "train", "epoch": 87}
{"loss": 0.059085432440042496, "acc": 0.9858604073524475, "length": 3.9440789222717285, "mode": "test", "epoch": 87}
{"loss": 0.025048794224858284, "acc": 0.9924476146697998, "length": 3.933295488357544, "mode": "train", "epoch": 88}
{"loss": 0.05530819669365883, "acc": 0.986605703830719, "length": 3.96875, "mode": "test", "epoch": 88}
{"loss": 0.036219269037246704, "acc": 0.9895590543746948, "length": 3.9463977813720703, "mode": "train", "epoch": 89}
{"loss": 0.06623977422714233, "acc": 0.9840743541717529, "length": 3.9276316165924072, "mode": "test", "epoch": 89}
{"loss": 0.028690654784440994, "acc": 0.9914647340774536, "length": 3.907116413116455, "mode": "train", "epoch": 90}
{"loss": 0.06251929700374603, "acc": 0.9851665496826172, "length": 3.932565689086914, "mode": "test", "epoch": 90}
{"loss": 0.021235160529613495, "acc": 0.993708610534668, "length": 3.9116363525390625, "mode": "train", "epoch": 91}
{"loss": 0.05233312398195267, "acc": 0.9895431399345398, "length": 3.924342155456543, "mode": "test", "epoch": 91}
{"loss": 0.022578610107302666, "acc": 0.9947003126144409, "length": 3.917295217514038, "mode": "train", "epoch": 92}
{"loss": 0.07159925997257233, "acc": 0.9854671955108643, "length": 3.9161183834075928, "mode": "test", "epoch": 92}
{"loss": 0.024175669997930527, "acc": 0.9928988218307495, "length": 3.916104793548584, "mode": "train", "epoch": 93}
{"loss": 0.035945549607276917, "acc": 0.9917197823524475, "length": 3.9375, "mode": "test", "epoch": 93}
{"loss": 0.015432503074407578, "acc": 0.9957900643348694, "length": 3.9231228828430176, "mode": "train", "epoch": 94}
{"loss": 0.04747997969388962, "acc": 0.9891653656959534, "length": 3.9490132331848145, "mode": "test", "epoch": 94}
{"loss": 0.0316922552883625, "acc": 0.9916441440582275, "length": 3.937520980834961, "mode": "train", "epoch": 95}
{"loss": 0.07113605737686157, "acc": 0.9838044047355652, "length": 3.9358551502227783, "mode": "test", "epoch": 95}
{"loss": 0.02638600766658783, "acc": 0.9925915598869324, "length": 3.925569772720337, "mode": "train", "epoch": 96}
{"loss": 0.049521543085575104, "acc": 0.988980233669281, "length": 3.9342105388641357, "mode": "test", "epoch": 96}
{"loss": 0.011872316710650921, "acc": 0.9977566003799438, "length": 3.9303231239318848, "mode": "train", "epoch": 97}
{"loss": 0.047278668731451035, "acc": 0.9890600442886353, "length": 3.9473683834075928, "mode": "test", "epoch": 97}
{"loss": 0.010397586040198803, "acc": 0.9976053833961487, "length": 3.9398789405822754, "mode": "train", "epoch": 98}
{"loss": 0.03443972021341324, "acc": 0.9912933707237244, "length": 3.94572377204895, "mode": "test", "epoch": 98}
{"loss": 0.009787039831280708, "acc": 0.9980075359344482, "length": 3.94034481048584, "mode": "train", "epoch": 99}
{"loss": 0.040229473263025284, "acc": 0.9915347099304199, "length": 3.9671051502227783, "mode": "test", "epoch": 99}
{"loss": 0.013477369211614132, "acc": 0.9965880513191223, "length": 3.96122145652771, "mode": "train", "epoch": 100}
{"loss": 0.04071050137281418, "acc": 0.990892231464386, "length": 3.9654605388641357, "mode": "test", "epoch": 100}
test accuracy: 0.7852849364280701
