# ["--attributes=3", "--values=4", "--game_size=10", "--vocab_size_factor=3", "--n_epochs=100", "--batch_size=32", "--learning_rate=0.001", "--hidden_size=256", "--temp_update=0.99", "--temperature=1.5"]
Creating train_ds and val_ds...

Creating test_ds...
{"loss": 0.6995630860328674, "acc": 0.5046087503433228, "length": 1.375886082649231, "mode": "train", "epoch": 1}
{"loss": 0.6942369937896729, "acc": 0.5111111402511597, "length": 1.0, "mode": "test", "epoch": 1}
{"loss": 0.6943337917327881, "acc": 0.5103475451469421, "length": 1.0025495290756226, "mode": "train", "epoch": 2}
{"loss": 0.6961098313331604, "acc": 0.5026534199714661, "length": 1.0, "mode": "test", "epoch": 2}
{"loss": 0.6946905255317688, "acc": 0.5180773138999939, "length": 1.0094497203826904, "mode": "train", "epoch": 3}
{"loss": 0.6929693222045898, "acc": 0.5169154405593872, "length": 1.0, "mode": "test", "epoch": 3}
{"loss": 0.57559734582901, "acc": 0.6873601078987122, "length": 2.416163921356201, "mode": "train", "epoch": 4}
{"loss": 0.4958347678184509, "acc": 0.7430205941200256, "length": 2.7263681888580322, "mode": "test", "epoch": 4}
{"loss": 0.4716218411922455, "acc": 0.7620894908905029, "length": 2.8614864349365234, "mode": "train", "epoch": 5}
{"loss": 0.46642589569091797, "acc": 0.7625741958618164, "length": 3.0248756408691406, "mode": "test", "epoch": 5}
{"loss": 0.45147788524627686, "acc": 0.7776641845703125, "length": 3.0022454261779785, "mode": "train", "epoch": 6}
{"loss": 0.4571743905544281, "acc": 0.780427873134613, "length": 3.243781089782715, "mode": "test", "epoch": 6}
{"loss": 0.4369228482246399, "acc": 0.7860988974571228, "length": 3.0370585918426514, "mode": "train", "epoch": 7}
{"loss": 0.4594162404537201, "acc": 0.764739453792572, "length": 2.8855721950531006, "mode": "test", "epoch": 7}
{"loss": 0.41940242052078247, "acc": 0.7876226305961609, "length": 3.0799081325531006, "mode": "train", "epoch": 8}
{"loss": 0.41428840160369873, "acc": 0.8004665374755859, "length": 3.388059616088867, "mode": "test", "epoch": 8}
{"loss": 0.39145246148109436, "acc": 0.7977021336555481, "length": 3.5716776847839355, "mode": "train", "epoch": 9}
{"loss": 0.384954571723938, "acc": 0.7954967021942139, "length": 3.751243829727173, "mode": "test", "epoch": 9}
{"loss": 0.3795506954193115, "acc": 0.8007069230079651, "length": 3.772745370864868, "mode": "train", "epoch": 10}
{"loss": 0.388744056224823, "acc": 0.8056260943412781, "length": 3.8623549938201904, "mode": "test", "epoch": 10}
{"loss": 0.37075120210647583, "acc": 0.79874187707901, "length": 3.8172929286956787, "mode": "train", "epoch": 11}
{"loss": 0.3997151255607605, "acc": 0.7904805541038513, "length": 3.961857318878174, "mode": "test", "epoch": 11}
{"loss": 0.36490553617477417, "acc": 0.8084084987640381, "length": 3.909975290298462, "mode": "train", "epoch": 12}
{"loss": 0.36254870891571045, "acc": 0.8119402527809143, "length": 4.0, "mode": "test", "epoch": 12}
{"loss": 0.34183183312416077, "acc": 0.8238281011581421, "length": 3.988712787628174, "mode": "train", "epoch": 13}
{"loss": 0.3543640375137329, "acc": 0.8289385437965393, "length": 4.0, "mode": "test", "epoch": 13}
{"loss": 0.3333898186683655, "acc": 0.8265813589096069, "length": 3.997302532196045, "mode": "train", "epoch": 14}
{"loss": 0.344807893037796, "acc": 0.8208954930305481, "length": 4.0, "mode": "test", "epoch": 14}
{"loss": 0.3233267068862915, "acc": 0.8395085334777832, "length": 3.997985601425171, "mode": "train", "epoch": 15}
{"loss": 0.33574190735816956, "acc": 0.8417083024978638, "length": 4.0, "mode": "test", "epoch": 15}
{"loss": 0.3099820911884308, "acc": 0.8460566997528076, "length": 3.997042655944824, "mode": "train", "epoch": 16}
{"loss": 0.3453887104988098, "acc": 0.8276118636131287, "length": 4.0, "mode": "test", "epoch": 16}
{"loss": 0.3121908903121948, "acc": 0.8457820415496826, "length": 3.9985146522521973, "mode": "train", "epoch": 17}
{"loss": 0.33363041281700134, "acc": 0.83797687292099, "length": 4.0, "mode": "test", "epoch": 17}
{"loss": 0.3032461702823639, "acc": 0.8548758029937744, "length": 3.99929141998291, "mode": "train", "epoch": 18}
{"loss": 0.319705605506897, "acc": 0.8514094352722168, "length": 4.0, "mode": "test", "epoch": 18}
{"loss": 0.2922177016735077, "acc": 0.8637914061546326, "length": 3.998544692993164, "mode": "train", "epoch": 19}
{"loss": 0.3138774633407593, "acc": 0.8548921942710876, "length": 4.0, "mode": "test", "epoch": 19}
{"loss": 0.27562251687049866, "acc": 0.8736820220947266, "length": 3.9991402626037598, "mode": "train", "epoch": 20}
{"loss": 0.3021785020828247, "acc": 0.8818408846855164, "length": 4.0, "mode": "test", "epoch": 20}
{"loss": 0.25961679220199585, "acc": 0.8867698311805725, "length": 3.9993133544921875, "mode": "train", "epoch": 21}
{"loss": 0.29037123918533325, "acc": 0.8747096061706543, "length": 4.0, "mode": "test", "epoch": 21}
{"loss": 0.2506038546562195, "acc": 0.893317699432373, "length": 3.9996984004974365, "mode": "train", "epoch": 22}
{"loss": 0.29170602560043335, "acc": 0.8807628154754639, "length": 4.0, "mode": "test", "epoch": 22}
{"loss": 0.24455563724040985, "acc": 0.894428014755249, "length": 3.9997847080230713, "mode": "train", "epoch": 23}
{"loss": 0.2958003282546997, "acc": 0.8777778744697571, "length": 4.0, "mode": "test", "epoch": 23}
{"loss": 0.2551257610321045, "acc": 0.8917129039764404, "length": 3.9996652603149414, "mode": "train", "epoch": 24}
{"loss": 0.28076690435409546, "acc": 0.8854063153266907, "length": 4.0, "mode": "test", "epoch": 24}
{"loss": 0.24115702509880066, "acc": 0.8948671221733093, "length": 3.9996941089630127, "mode": "train", "epoch": 25}
{"loss": 0.2831839919090271, "acc": 0.8834161758422852, "length": 4.0, "mode": "test", "epoch": 25}
{"loss": 0.23686090111732483, "acc": 0.9014857411384583, "length": 3.9998438358306885, "mode": "train", "epoch": 26}
{"loss": 0.2739024758338928, "acc": 0.8931178450584412, "length": 4.0, "mode": "test", "epoch": 26}
{"loss": 0.23240123689174652, "acc": 0.9005165696144104, "length": 3.9998178482055664, "mode": "train", "epoch": 27}
{"loss": 0.2745386064052582, "acc": 0.892122745513916, "length": 4.0, "mode": "test", "epoch": 27}
{"loss": 0.2345464527606964, "acc": 0.9014690518379211, "length": 3.999589204788208, "mode": "train", "epoch": 28}
{"loss": 0.2723405957221985, "acc": 0.8911275267601013, "length": 4.0, "mode": "test", "epoch": 28}
{"loss": 0.22715488076210022, "acc": 0.9030094146728516, "length": 3.999875068664551, "mode": "train", "epoch": 29}
{"loss": 0.26884621381759644, "acc": 0.8936980962753296, "length": 4.0, "mode": "test", "epoch": 29}
{"loss": 0.22341693937778473, "acc": 0.906692624092102, "length": 3.9999337196350098, "mode": "train", "epoch": 30}
{"loss": 0.270122766494751, "acc": 0.891708254814148, "length": 4.0, "mode": "test", "epoch": 30}
{"loss": 0.22669672966003418, "acc": 0.9067216515541077, "length": 3.9999594688415527, "mode": "train", "epoch": 31}
{"loss": 0.2790522277355194, "acc": 0.893532395362854, "length": 4.0, "mode": "test", "epoch": 31}
{"loss": 0.22212159633636475, "acc": 0.9075505137443542, "length": 3.9999399185180664, "mode": "train", "epoch": 32}
{"loss": 0.2595943212509155, "acc": 0.8996682167053223, "length": 4.0, "mode": "test", "epoch": 32}
{"loss": 0.21960748732089996, "acc": 0.9065275192260742, "length": 3.999953508377075, "mode": "train", "epoch": 33}
{"loss": 0.2631623148918152, "acc": 0.9033167958259583, "length": 4.0, "mode": "test", "epoch": 33}
{"loss": 0.21970847249031067, "acc": 0.9111757874488831, "length": 3.9999465942382812, "mode": "train", "epoch": 34}
{"loss": 0.24353983998298645, "acc": 0.8981759548187256, "length": 4.0, "mode": "test", "epoch": 34}
{"loss": 0.21622765064239502, "acc": 0.910373866558075, "length": 3.999950885772705, "mode": "train", "epoch": 35}
{"loss": 0.29362985491752625, "acc": 0.8940297961235046, "length": 4.0, "mode": "test", "epoch": 35}
{"loss": 0.22046363353729248, "acc": 0.9109281897544861, "length": 3.999971389770508, "mode": "train", "epoch": 36}
{"loss": 0.23880122601985931, "acc": 0.91368168592453, "length": 4.0, "mode": "test", "epoch": 36}
{"loss": 0.20701320469379425, "acc": 0.9153276681900024, "length": 3.9999618530273438, "mode": "train", "epoch": 37}
{"loss": 0.2399844080209732, "acc": 0.9032337665557861, "length": 4.0, "mode": "test", "epoch": 37}
{"loss": 0.20410576462745667, "acc": 0.9160723686218262, "length": 3.9999194145202637, "mode": "train", "epoch": 38}
{"loss": 0.2387729436159134, "acc": 0.9117744565010071, "length": 4.0, "mode": "test", "epoch": 38}
{"loss": 0.20393376052379608, "acc": 0.9184266328811646, "length": 3.99995756149292, "mode": "train", "epoch": 39}
{"loss": 0.23612289130687714, "acc": 0.9107795357704163, "length": 4.0, "mode": "test", "epoch": 39}
{"loss": 0.20448046922683716, "acc": 0.9183690547943115, "length": 3.9999425411224365, "mode": "train", "epoch": 40}
{"loss": 0.2452649027109146, "acc": 0.9113598465919495, "length": 4.0, "mode": "test", "epoch": 40}
{"loss": 0.19310712814331055, "acc": 0.9216648936271667, "length": 3.9999818801879883, "mode": "train", "epoch": 41}
{"loss": 0.24310031533241272, "acc": 0.913101315498352, "length": 4.0, "mode": "test", "epoch": 41}
{"loss": 0.18834730982780457, "acc": 0.9236816763877869, "length": 3.9999330043792725, "mode": "train", "epoch": 42}
{"loss": 0.23525641858577728, "acc": 0.9097846746444702, "length": 4.0, "mode": "test", "epoch": 42}
{"loss": 0.188851997256279, "acc": 0.9227983355522156, "length": 3.9999687671661377, "mode": "train", "epoch": 43}
{"loss": 0.22083142399787903, "acc": 0.9159203767776489, "length": 4.0, "mode": "test", "epoch": 43}
{"loss": 0.19317571818828583, "acc": 0.922465980052948, "length": 3.9999632835388184, "mode": "train", "epoch": 44}
{"loss": 0.2387835681438446, "acc": 0.9115258455276489, "length": 4.0, "mode": "test", "epoch": 44}
{"loss": 0.1901441216468811, "acc": 0.9230758547782898, "length": 3.9999783039093018, "mode": "train", "epoch": 45}
{"loss": 0.23497499525547028, "acc": 0.9113597273826599, "length": 4.0, "mode": "test", "epoch": 45}
{"loss": 0.184706911444664, "acc": 0.9240996837615967, "length": 3.999981641769409, "mode": "train", "epoch": 46}
{"loss": 0.22403141856193542, "acc": 0.9161691665649414, "length": 4.0, "mode": "test", "epoch": 46}
{"loss": 0.17822317779064178, "acc": 0.9277805089950562, "length": 3.9999897480010986, "mode": "train", "epoch": 47}
{"loss": 0.21989597380161285, "acc": 0.9238805770874023, "length": 4.0, "mode": "test", "epoch": 47}
{"loss": 0.17548750340938568, "acc": 0.9300488233566284, "length": 3.9999754428863525, "mode": "train", "epoch": 48}
{"loss": 0.21994417905807495, "acc": 0.9229684472084045, "length": 4.0, "mode": "test", "epoch": 48}
{"loss": 0.17631708085536957, "acc": 0.9310714602470398, "length": 3.9999618530273438, "mode": "train", "epoch": 49}
{"loss": 0.21709482371807098, "acc": 0.9228025674819946, "length": 4.0, "mode": "test", "epoch": 49}
{"loss": 0.17723026871681213, "acc": 0.9306302666664124, "length": 3.9999871253967285, "mode": "train", "epoch": 50}
{"loss": 0.21808351576328278, "acc": 0.9239634275436401, "length": 4.0, "mode": "test", "epoch": 50}
{"loss": 0.17321087419986725, "acc": 0.9312388896942139, "length": 3.999983072280884, "mode": "train", "epoch": 51}
{"loss": 0.28169217705726624, "acc": 0.9083747863769531, "length": 4.0, "mode": "test", "epoch": 51}
{"loss": 0.18533432483673096, "acc": 0.9246790409088135, "length": 3.999939441680908, "mode": "train", "epoch": 52}
{"loss": 0.24669328331947327, "acc": 0.9174959659576416, "length": 4.0, "mode": "test", "epoch": 52}
{"loss": 0.18349528312683105, "acc": 0.927143394947052, "length": 3.9999804496765137, "mode": "train", "epoch": 53}
{"loss": 0.25454801321029663, "acc": 0.9155885577201843, "length": 4.0, "mode": "test", "epoch": 53}
{"loss": 0.19043874740600586, "acc": 0.9286631941795349, "length": 3.999938488006592, "mode": "train", "epoch": 54}
{"loss": 0.2371319681406021, "acc": 0.9183251261711121, "length": 4.0, "mode": "test", "epoch": 54}
{"loss": 0.1728670299053192, "acc": 0.9337002635002136, "length": 3.9999189376831055, "mode": "train", "epoch": 55}
{"loss": 0.24122396111488342, "acc": 0.9123549461364746, "length": 4.0, "mode": "test", "epoch": 55}
{"loss": 0.17599472403526306, "acc": 0.9320960640907288, "length": 3.9999542236328125, "mode": "train", "epoch": 56}
{"loss": 0.24046526849269867, "acc": 0.9224709868431091, "length": 4.0, "mode": "test", "epoch": 56}
{"loss": 0.19247707724571228, "acc": 0.9286889433860779, "length": 3.999901056289673, "mode": "train", "epoch": 57}
{"loss": 0.2137862741947174, "acc": 0.9237148761749268, "length": 4.0, "mode": "test", "epoch": 57}
{"loss": 0.1719566434621811, "acc": 0.9336376190185547, "length": 3.9997384548187256, "mode": "train", "epoch": 58}
{"loss": 0.2182132601737976, "acc": 0.926036536693573, "length": 4.0, "mode": "test", "epoch": 58}
{"loss": 0.16943499445915222, "acc": 0.9345316290855408, "length": 3.9999866485595703, "mode": "train", "epoch": 59}
{"loss": 0.2056092470884323, "acc": 0.9293531775474548, "length": 4.0, "mode": "test", "epoch": 59}
{"loss": 0.15747323632240295, "acc": 0.941557765007019, "length": 3.9999568462371826, "mode": "train", "epoch": 60}
{"loss": 0.1949843317270279, "acc": 0.9362355470657349, "length": 4.0, "mode": "test", "epoch": 60}
{"loss": 0.15303409099578857, "acc": 0.9421136379241943, "length": 3.9999918937683105, "mode": "train", "epoch": 61}
{"loss": 0.20625339448451996, "acc": 0.9294362664222717, "length": 4.0, "mode": "test", "epoch": 61}
{"loss": 0.1514613777399063, "acc": 0.9421969056129456, "length": 3.9999964237213135, "mode": "train", "epoch": 62}
{"loss": 0.19883374869823456, "acc": 0.9340795874595642, "length": 4.0, "mode": "test", "epoch": 62}
{"loss": 0.16487111151218414, "acc": 0.9362735748291016, "length": 3.9999568462371826, "mode": "train", "epoch": 63}
{"loss": 0.21987569332122803, "acc": 0.9179105758666992, "length": 4.0, "mode": "test", "epoch": 63}
{"loss": 0.1694394201040268, "acc": 0.9356942176818848, "length": 3.9999918937683105, "mode": "train", "epoch": 64}
{"loss": 0.21805116534233093, "acc": 0.9291872978210449, "length": 4.0, "mode": "test", "epoch": 64}
{"loss": 0.1626565307378769, "acc": 0.9393746256828308, "length": 3.999990224838257, "mode": "train", "epoch": 65}
{"loss": 0.1889151781797409, "acc": 0.9346598982810974, "length": 4.0, "mode": "test", "epoch": 65}
{"loss": 0.14818525314331055, "acc": 0.9456832408905029, "length": 3.999995231628418, "mode": "train", "epoch": 66}
{"loss": 0.19405688345432281, "acc": 0.9330844283103943, "length": 4.0, "mode": "test", "epoch": 66}
{"loss": 0.14516198635101318, "acc": 0.9466795325279236, "length": 3.99999737739563, "mode": "train", "epoch": 67}
{"loss": 0.192053884267807, "acc": 0.9324213266372681, "length": 4.0, "mode": "test", "epoch": 67}
{"loss": 0.14502444863319397, "acc": 0.9470392465591431, "length": 3.9999985694885254, "mode": "train", "epoch": 68}
{"loss": 0.19442948698997498, "acc": 0.9330846071243286, "length": 4.0, "mode": "test", "epoch": 68}
{"loss": 0.15647593140602112, "acc": 0.9437187910079956, "length": 3.9999964237213135, "mode": "train", "epoch": 69}
{"loss": 0.23781773447990417, "acc": 0.9271144866943359, "length": 4.0, "mode": "test", "epoch": 69}
{"loss": 0.1749357432126999, "acc": 0.935250997543335, "length": 3.9999892711639404, "mode": "train", "epoch": 70}
{"loss": 0.250789076089859, "acc": 0.920812726020813, "length": 4.0, "mode": "test", "epoch": 70}
{"loss": 0.17028246819972992, "acc": 0.9383503794670105, "length": 3.9999923706054688, "mode": "train", "epoch": 71}
{"loss": 0.21079671382904053, "acc": 0.9329187273979187, "length": 4.0, "mode": "test", "epoch": 71}
{"loss": 0.1582845002412796, "acc": 0.9407850503921509, "length": 3.9999842643737793, "mode": "train", "epoch": 72}
{"loss": 0.20482990145683289, "acc": 0.9315919280052185, "length": 4.0, "mode": "test", "epoch": 72}
{"loss": 0.15883073210716248, "acc": 0.9402598738670349, "length": 3.9999899864196777, "mode": "train", "epoch": 73}
{"loss": 0.20438803732395172, "acc": 0.9334163069725037, "length": 4.0, "mode": "test", "epoch": 73}
{"loss": 0.15026457607746124, "acc": 0.9441893696784973, "length": 3.999999523162842, "mode": "train", "epoch": 74}
{"loss": 0.22603318095207214, "acc": 0.9295190572738647, "length": 4.0, "mode": "test", "epoch": 74}
{"loss": 0.1721860021352768, "acc": 0.9391255974769592, "length": 3.99999737739563, "mode": "train", "epoch": 75}
{"loss": 0.21332575380802155, "acc": 0.9313433170318604, "length": 4.0, "mode": "test", "epoch": 75}
{"loss": 0.15934120118618011, "acc": 0.9419202208518982, "length": 3.999995231628418, "mode": "train", "epoch": 76}
{"loss": 0.20059211552143097, "acc": 0.930679976940155, "length": 4.0, "mode": "test", "epoch": 76}
{"loss": 0.1548033207654953, "acc": 0.9418373107910156, "length": 3.999999761581421, "mode": "train", "epoch": 77}
{"loss": 0.200038880109787, "acc": 0.9351574778556824, "length": 4.0, "mode": "test", "epoch": 77}
{"loss": 0.15350818634033203, "acc": 0.943746030330658, "length": 3.999986410140991, "mode": "train", "epoch": 78}
{"loss": 0.19448994100093842, "acc": 0.9346600770950317, "length": 4.0, "mode": "test", "epoch": 78}
{"loss": 0.16209776699543, "acc": 0.9411453604698181, "length": 3.9999961853027344, "mode": "train", "epoch": 79}
{"loss": 0.21722422540187836, "acc": 0.931675136089325, "length": 4.0, "mode": "test", "epoch": 79}
{"loss": 0.16156190633773804, "acc": 0.9424735903739929, "length": 3.999999523162842, "mode": "train", "epoch": 80}
{"loss": 0.1988619714975357, "acc": 0.9345769882202148, "length": 4.0, "mode": "test", "epoch": 80}
{"loss": 0.16169670224189758, "acc": 0.9406605958938599, "length": 3.9995951652526855, "mode": "train", "epoch": 81}
{"loss": 0.2228660136461258, "acc": 0.9266999363899231, "length": 4.0, "mode": "test", "epoch": 81}
{"loss": 0.15497422218322754, "acc": 0.9424183368682861, "length": 3.9999992847442627, "mode": "train", "epoch": 82}
{"loss": 0.21195773780345917, "acc": 0.9354062676429749, "length": 4.0, "mode": "test", "epoch": 82}
{"loss": 0.1580670326948166, "acc": 0.9417264461517334, "length": 3.9999964237213135, "mode": "train", "epoch": 83}
{"loss": 0.19653739035129547, "acc": 0.9357378482818604, "length": 4.0, "mode": "test", "epoch": 83}
{"loss": 0.19618184864521027, "acc": 0.9279744029045105, "length": 3.999997138977051, "mode": "train", "epoch": 84}
{"loss": 0.28590238094329834, "acc": 0.8948590159416199, "length": 4.0, "mode": "test", "epoch": 84}
{"loss": 0.21142348647117615, "acc": 0.9195621609687805, "length": 3.999981641769409, "mode": "train", "epoch": 85}
{"loss": 0.24309583008289337, "acc": 0.916169285774231, "length": 4.0, "mode": "test", "epoch": 85}
{"loss": 0.17826420068740845, "acc": 0.9310156106948853, "length": 3.9999475479125977, "mode": "train", "epoch": 86}
{"loss": 0.2000809758901596, "acc": 0.9294360876083374, "length": 4.0, "mode": "test", "epoch": 86}
{"loss": 0.16614411771297455, "acc": 0.937160849571228, "length": 3.9999992847442627, "mode": "train", "epoch": 87}
{"loss": 0.19676589965820312, "acc": 0.9339966773986816, "length": 4.0, "mode": "test", "epoch": 87}
{"loss": 0.16410906612873077, "acc": 0.9413906931877136, "length": 3.9999074935913086, "mode": "train", "epoch": 88}
{"loss": 0.2314182072877884, "acc": 0.9206467270851135, "length": 4.0, "mode": "test", "epoch": 88}
{"loss": 0.16828590631484985, "acc": 0.9385721683502197, "length": 3.999997854232788, "mode": "train", "epoch": 89}
{"loss": 0.18924953043460846, "acc": 0.9364842772483826, "length": 4.0, "mode": "test", "epoch": 89}
{"loss": 0.15615157783031464, "acc": 0.942445695400238, "length": 3.9999895095825195, "mode": "train", "epoch": 90}
{"loss": 0.18644526600837708, "acc": 0.9342452883720398, "length": 4.0, "mode": "test", "epoch": 90}
{"loss": 0.1636223942041397, "acc": 0.9396786093711853, "length": 3.9999940395355225, "mode": "train", "epoch": 91}
{"loss": 0.21137912571430206, "acc": 0.9285239577293396, "length": 4.0, "mode": "test", "epoch": 91}
{"loss": 0.15733250975608826, "acc": 0.9421417117118835, "length": 3.9999985694885254, "mode": "train", "epoch": 92}
{"loss": 0.19466611742973328, "acc": 0.9346598982810974, "length": 4.0, "mode": "test", "epoch": 92}
{"loss": 0.15102602541446686, "acc": 0.9438571929931641, "length": 3.999999523162842, "mode": "train", "epoch": 93}
{"loss": 0.2077603042125702, "acc": 0.9334163069725037, "length": 4.0, "mode": "test", "epoch": 93}
{"loss": 0.15320274233818054, "acc": 0.9408411979675293, "length": 3.999997854232788, "mode": "train", "epoch": 94}
{"loss": 0.1898816078901291, "acc": 0.9334161877632141, "length": 4.0, "mode": "test", "epoch": 94}
{"loss": 0.15066184103488922, "acc": 0.9414433836936951, "length": 3.9999163150787354, "mode": "train", "epoch": 95}
{"loss": 0.18513672053813934, "acc": 0.9330018162727356, "length": 4.0, "mode": "test", "epoch": 95}
{"loss": 0.14822746813297272, "acc": 0.943469762802124, "length": 4.0, "mode": "train", "epoch": 96}
{"loss": 0.187887504696846, "acc": 0.9316750168800354, "length": 4.0, "mode": "test", "epoch": 96}
{"loss": 0.14777402579784393, "acc": 0.9442169666290283, "length": 4.0, "mode": "train", "epoch": 97}
{"loss": 0.19555170834064484, "acc": 0.9347431063652039, "length": 4.0, "mode": "test", "epoch": 97}
{"loss": 0.150483638048172, "acc": 0.9446319341659546, "length": 3.9999983310699463, "mode": "train", "epoch": 98}
{"loss": 0.18515557050704956, "acc": 0.9350745677947998, "length": 4.0, "mode": "test", "epoch": 98}
{"loss": 0.1608482450246811, "acc": 0.9404816627502441, "length": 4.0, "mode": "train", "epoch": 99}
{"loss": 0.22983723878860474, "acc": 0.9268656373023987, "length": 4.0, "mode": "test", "epoch": 99}
{"loss": 0.16837532818317413, "acc": 0.9380188584327698, "length": 4.0, "mode": "train", "epoch": 100}
{"loss": 0.2078554332256317, "acc": 0.9314262270927429, "length": 4.0, "mode": "test", "epoch": 100}
test accuracy: 0.7774577736854553
